Command line invocation:
    /Applications/Xcode.app/Contents/Developer/usr/bin/xcodebuild test -scheme Bridget -destination "platform=iOS Simulator,name=iPhone 16"

Resolve Package Graph


Resolved source packages:
  BridgetCore: /Users/peterjemley/Documents/Developer/Bridget/Bridget/Packages/BridgetCore @ local
  BridgetDashboard: /Users/peterjemley/Documents/Developer/Bridget/Bridget/Packages/BridgetDashboard @ local
  BridgetNetworking: /Users/peterjemley/Documents/Developer/Bridget/Bridget/Packages/BridgetNetworking @ local
  BridgetRouting: /Users/peterjemley/Documents/Developer/Bridget/Bridget/Packages/BridgetRouting @ local
  BridgetSettings: /Users/peterjemley/Documents/Developer/Bridget/Bridget/Packages/BridgetSettings @ local
  BridgetHistory: /Users/peterjemley/Documents/Developer/Bridget/Bridget/Packages/BridgetHistory @ local
  BridgetBridgeDetail: /Users/peterjemley/Documents/Developer/Bridget/Bridget/Packages/BridgetBridgeDetail @ local
  BridgetStatistics: /Users/peterjemley/Documents/Developer/Bridget/Bridget/Packages/BridgetStatistics @ local
  BridgetSharedUI: /Users/peterjemley/Documents/Developer/Bridget/Bridget/Packages/BridgetSharedUI @ local
  BridgetBridgesList: /Users/peterjemley/Documents/Developer/Bridget/Bridget/Packages/BridgetBridgesList @ local

ComputePackagePrebuildTargetDependencyGraph

Prepare packages

CreateBuildRequest

SendProjectDescription

CreateBuildOperation

ComputeTargetDependencyGraph
note: Building targets in dependency order
note: Target dependency graph (23 targets)
    Target 'BridgetUITests' in project 'Bridget'
        ➜ Explicit dependency on target 'Bridget' in project 'Bridget'
        ➜ Explicit dependency on target 'BridgetCore' in project 'BridgetCore'
    Target 'BridgetTests' in project 'Bridget'
        ➜ Explicit dependency on target 'Bridget' in project 'Bridget'
        ➜ Explicit dependency on target 'BridgetCore' in project 'BridgetCore'
    Target 'Bridget' in project 'Bridget'
        ➜ Explicit dependency on target 'BridgetHistory' in project 'BridgetHistory'
        ➜ Explicit dependency on target 'BridgetNetworking' in project 'BridgetNetworking'
        ➜ Explicit dependency on target 'BridgetBridgesList' in project 'BridgetBridgesList'
        ➜ Explicit dependency on target 'BridgetSettings' in project 'BridgetSettings'
        ➜ Explicit dependency on target 'BridgetBridgeDetail' in project 'BridgetBridgeDetail'
        ➜ Explicit dependency on target 'BridgetRouting' in project 'BridgetRouting'
        ➜ Explicit dependency on target 'BridgetDashboard' in project 'BridgetDashboard'
        ➜ Explicit dependency on target 'BridgetStatistics' in project 'BridgetStatistics'
        ➜ Explicit dependency on target 'BridgetSharedUI' in project 'BridgetSharedUI'
        ➜ Explicit dependency on target 'BridgetCore' in project 'BridgetCore'
    Target 'BridgetStatistics' in project 'BridgetStatistics'
        ➜ Explicit dependency on target 'BridgetStatistics' in project 'BridgetStatistics'
        ➜ Explicit dependency on target 'BridgetCore' in project 'BridgetCore'
        ➜ Explicit dependency on target 'BridgetSharedUI' in project 'BridgetSharedUI'
    Target 'BridgetStatistics' in project 'BridgetStatistics'
        ➜ Explicit dependency on target 'BridgetCore' in project 'BridgetCore'
        ➜ Explicit dependency on target 'BridgetSharedUI' in project 'BridgetSharedUI'
    Target 'BridgetRouting' in project 'BridgetRouting'
        ➜ Explicit dependency on target 'BridgetRouting' in project 'BridgetRouting'
        ➜ Explicit dependency on target 'BridgetCore' in project 'BridgetCore'
        ➜ Explicit dependency on target 'BridgetSharedUI' in project 'BridgetSharedUI'
    Target 'BridgetRouting' in project 'BridgetRouting'
        ➜ Explicit dependency on target 'BridgetCore' in project 'BridgetCore'
        ➜ Explicit dependency on target 'BridgetSharedUI' in project 'BridgetSharedUI'
    Target 'BridgetSettings' in project 'BridgetSettings'
        ➜ Explicit dependency on target 'BridgetSettings' in project 'BridgetSettings'
        ➜ Explicit dependency on target 'BridgetCore' in project 'BridgetCore'
        ➜ Explicit dependency on target 'BridgetDashboard' in project 'BridgetDashboard'
        ➜ Explicit dependency on target 'BridgetNetworking' in project 'BridgetNetworking'
    Target 'BridgetSettings' in project 'BridgetSettings'
        ➜ Explicit dependency on target 'BridgetCore' in project 'BridgetCore'
        ➜ Explicit dependency on target 'BridgetDashboard' in project 'BridgetDashboard'
        ➜ Explicit dependency on target 'BridgetNetworking' in project 'BridgetNetworking'
    Target 'BridgetDashboard' in project 'BridgetDashboard'
        ➜ Explicit dependency on target 'BridgetDashboard' in project 'BridgetDashboard'
        ➜ Explicit dependency on target 'BridgetCore' in project 'BridgetCore'
        ➜ Explicit dependency on target 'BridgetSharedUI' in project 'BridgetSharedUI'
        ➜ Explicit dependency on target 'BridgetBridgeDetail' in project 'BridgetBridgeDetail'
    Target 'BridgetDashboard' in project 'BridgetDashboard'
        ➜ Explicit dependency on target 'BridgetCore' in project 'BridgetCore'
        ➜ Explicit dependency on target 'BridgetSharedUI' in project 'BridgetSharedUI'
        ➜ Explicit dependency on target 'BridgetBridgeDetail' in project 'BridgetBridgeDetail'
    Target 'BridgetBridgesList' in project 'BridgetBridgesList'
        ➜ Explicit dependency on target 'BridgetBridgesList' in project 'BridgetBridgesList'
        ➜ Explicit dependency on target 'BridgetCore' in project 'BridgetCore'
        ➜ Explicit dependency on target 'BridgetSharedUI' in project 'BridgetSharedUI'
        ➜ Explicit dependency on target 'BridgetBridgeDetail' in project 'BridgetBridgeDetail'
    Target 'BridgetBridgesList' in project 'BridgetBridgesList'
        ➜ Explicit dependency on target 'BridgetCore' in project 'BridgetCore'
        ➜ Explicit dependency on target 'BridgetSharedUI' in project 'BridgetSharedUI'
        ➜ Explicit dependency on target 'BridgetBridgeDetail' in project 'BridgetBridgeDetail'
    Target 'BridgetBridgeDetail' in project 'BridgetBridgeDetail'
        ➜ Explicit dependency on target 'BridgetBridgeDetail' in project 'BridgetBridgeDetail'
        ➜ Explicit dependency on target 'BridgetCore' in project 'BridgetCore'
        ➜ Explicit dependency on target 'BridgetSharedUI' in project 'BridgetSharedUI'
    Target 'BridgetBridgeDetail' in project 'BridgetBridgeDetail'
        ➜ Explicit dependency on target 'BridgetCore' in project 'BridgetCore'
        ➜ Explicit dependency on target 'BridgetSharedUI' in project 'BridgetSharedUI'
    Target 'BridgetNetworking' in project 'BridgetNetworking'
        ➜ Explicit dependency on target 'BridgetNetworking' in project 'BridgetNetworking'
        ➜ Explicit dependency on target 'BridgetCore' in project 'BridgetCore'
    Target 'BridgetNetworking' in project 'BridgetNetworking'
        ➜ Explicit dependency on target 'BridgetCore' in project 'BridgetCore'
    Target 'BridgetHistory' in project 'BridgetHistory'
        ➜ Explicit dependency on target 'BridgetHistory' in project 'BridgetHistory'
        ➜ Explicit dependency on target 'BridgetCore' in project 'BridgetCore'
        ➜ Explicit dependency on target 'BridgetSharedUI' in project 'BridgetSharedUI'
    Target 'BridgetHistory' in project 'BridgetHistory'
        ➜ Explicit dependency on target 'BridgetCore' in project 'BridgetCore'
        ➜ Explicit dependency on target 'BridgetSharedUI' in project 'BridgetSharedUI'
    Target 'BridgetSharedUI' in project 'BridgetSharedUI'
        ➜ Explicit dependency on target 'BridgetSharedUI' in project 'BridgetSharedUI'
        ➜ Explicit dependency on target 'BridgetCore' in project 'BridgetCore'
    Target 'BridgetSharedUI' in project 'BridgetSharedUI'
        ➜ Explicit dependency on target 'BridgetCore' in project 'BridgetCore'
    Target 'BridgetCore' in project 'BridgetCore'
        ➜ Explicit dependency on target 'BridgetCore' in project 'BridgetCore'
    Target 'BridgetCore' in project 'BridgetCore' (no dependencies)

GatherProvisioningInputs

CreateBuildDescription

ExecuteExternalTool /Applications/Xcode.app/Contents/Developer/Toolchains/XcodeDefault.xctoolchain/usr/bin/swiftc --version

ExecuteExternalTool /Applications/Xcode.app/Contents/Developer/usr/bin/actool --print-asset-tag-combinations --output-format xml1 /Users/peterjemley/Documents/Developer/Bridget/Bridget/Bridget/Assets.xcassets

ExecuteExternalTool /Applications/Xcode.app/Contents/Developer/Toolchains/XcodeDefault.xctoolchain/usr/bin/clang -v -E -dM -isysroot /Applications/Xcode.app/Contents/Developer/Platforms/iPhoneSimulator.platform/Developer/SDKs/iPhoneSimulator18.5.sdk -x c -c /dev/null

ExecuteExternalTool /Applications/Xcode.app/Contents/Developer/Toolchains/XcodeDefault.xctoolchain/usr/bin/ld -version_details

ExecuteExternalTool /Applications/Xcode.app/Contents/Developer/usr/bin/actool --version --output-format xml1

Build description signature: ab7c10e924add038bae30cc014164d0c
Build description path: /Users/peterjemley/Library/Developer/Xcode/DerivedData/Bridget-gkvcitazgmfijfdltabiivkbdpkr/Build/Intermediates.noindex/XCBuildData/ab7c10e924add038bae30cc014164d0c.xcbuilddata
ClangStatCache /Applications/Xcode.app/Contents/Developer/Toolchains/XcodeDefault.xctoolchain/usr/bin/clang-stat-cache /Applications/Xcode.app/Contents/Developer/Platforms/iPhoneSimulator.platform/Developer/SDKs/iPhoneSimulator18.5.sdk /Users/peterjemley/Library/Developer/Xcode/DerivedData/SDKStatCaches.noindex/iphonesimulator18.5-22F76-d5fc8ad4295d2ef488fb7d0f804ce0c4.sdkstatcache
    cd /Users/peterjemley/Documents/Developer/Bridget/Bridget/Bridget.xcodeproj
    /Applications/Xcode.app/Contents/Developer/Toolchains/XcodeDefault.xctoolchain/usr/bin/clang-stat-cache /Applications/Xcode.app/Contents/Developer/Platforms/iPhoneSimulator.platform/Developer/SDKs/iPhoneSimulator18.5.sdk -o /Users/peterjemley/Library/Developer/Xcode/DerivedData/SDKStatCaches.noindex/iphonesimulator18.5-22F76-d5fc8ad4295d2ef488fb7d0f804ce0c4.sdkstatcache

MkDir /Users/peterjemley/Library/Developer/Xcode/DerivedData/Bridget-gkvcitazgmfijfdltabiivkbdpkr/Build/Products/Debug-iphonesimulator/PackageFrameworks/BridgetCore_-7DB2DB52135F4AB_PackageProduct.framework (in target 'BridgetCore' from project 'BridgetCore')
    cd /Users/peterjemley/Documents/Developer/Bridget/Bridget/Packages/BridgetCore
    /bin/mkdir -p /Users/peterjemley/Library/Developer/Xcode/DerivedData/Bridget-gkvcitazgmfijfdltabiivkbdpkr/Build/Products/Debug-iphonesimulator/PackageFrameworks/BridgetCore_-7DB2DB52135F4AB_PackageProduct.framework

WriteAuxiliaryFile /Users/peterjemley/Library/Developer/Xcode/DerivedData/Bridget-gkvcitazgmfijfdltabiivkbdpkr/Build/Intermediates.noindex/BridgetCore.build/Debug-iphonesimulator/BridgetCore\ product.build/BridgetCore_-7DB2DB52135F4AB_PackageProduct.DependencyMetadataFileList (in target 'BridgetCore' from project 'BridgetCore')
    cd /Users/peterjemley/Documents/Developer/Bridget/Bridget/Packages/BridgetCore
    write-file /Users/peterjemley/Library/Developer/Xcode/DerivedData/Bridget-gkvcitazgmfijfdltabiivkbdpkr/Build/Intermediates.noindex/BridgetCore.build/Debug-iphonesimulator/BridgetCore\ product.build/BridgetCore_-7DB2DB52135F4AB_PackageProduct.DependencyMetadataFileList

WriteAuxiliaryFile /Users/peterjemley/Library/Developer/Xcode/DerivedData/Bridget-gkvcitazgmfijfdltabiivkbdpkr/Build/Intermediates.noindex/BridgetCore.build/Debug-iphonesimulator/BridgetCore\ product.build/empty-BridgetCore_-7DB2DB52135F4AB_PackageProduct.plist (in target 'BridgetCore' from project 'BridgetCore')
    cd /Users/peterjemley/Documents/Developer/Bridget/Bridget/Packages/BridgetCore
    write-file /Users/peterjemley/Library/Developer/Xcode/DerivedData/Bridget-gkvcitazgmfijfdltabiivkbdpkr/Build/Intermediates.noindex/BridgetCore.build/Debug-iphonesimulator/BridgetCore\ product.build/empty-BridgetCore_-7DB2DB52135F4AB_PackageProduct.plist

WriteAuxiliaryFile /Users/peterjemley/Library/Developer/Xcode/DerivedData/Bridget-gkvcitazgmfijfdltabiivkbdpkr/Build/Intermediates.noindex/BridgetCore.build/Debug-iphonesimulator/BridgetCore\ product.build/BridgetCore_-7DB2DB52135F4AB_PackageProduct.DependencyStaticMetadataFileList (in target 'BridgetCore' from project 'BridgetCore')
    cd /Users/peterjemley/Documents/Developer/Bridget/Bridget/Packages/BridgetCore
    write-file /Users/peterjemley/Library/Developer/Xcode/DerivedData/Bridget-gkvcitazgmfijfdltabiivkbdpkr/Build/Intermediates.noindex/BridgetCore.build/Debug-iphonesimulator/BridgetCore\ product.build/BridgetCore_-7DB2DB52135F4AB_PackageProduct.DependencyStaticMetadataFileList

WriteAuxiliaryFile /Users/peterjemley/Library/Developer/Xcode/DerivedData/Bridget-gkvcitazgmfijfdltabiivkbdpkr/Build/Intermediates.noindex/BridgetCore.build/Debug-iphonesimulator/BridgetCore\ product.build/Objects-normal/arm64/BridgetCore_-7DB2DB52135F4AB_PackageProduct.LinkFileList (in target 'BridgetCore' from project 'BridgetCore')
    cd /Users/peterjemley/Documents/Developer/Bridget/Bridget/Packages/BridgetCore
    write-file /Users/peterjemley/Library/Developer/Xcode/DerivedData/Bridget-gkvcitazgmfijfdltabiivkbdpkr/Build/Intermediates.noindex/BridgetCore.build/Debug-iphonesimulator/BridgetCore\ product.build/Objects-normal/arm64/BridgetCore_-7DB2DB52135F4AB_PackageProduct.LinkFileList

WriteAuxiliaryFile /Users/peterjemley/Library/Developer/Xcode/DerivedData/Bridget-gkvcitazgmfijfdltabiivkbdpkr/Build/Intermediates.noindex/Bridget.build/Debug-iphonesimulator/Bridget.build/Objects-normal/arm64/Bridget.LinkFileList (in target 'Bridget' from project 'Bridget')
    cd /Users/peterjemley/Documents/Developer/Bridget/Bridget
    write-file /Users/peterjemley/Library/Developer/Xcode/DerivedData/Bridget-gkvcitazgmfijfdltabiivkbdpkr/Build/Intermediates.noindex/Bridget.build/Debug-iphonesimulator/Bridget.build/Objects-normal/arm64/Bridget.LinkFileList

WriteAuxiliaryFile /Users/peterjemley/Library/Developer/Xcode/DerivedData/Bridget-gkvcitazgmfijfdltabiivkbdpkr/Build/Intermediates.noindex/Bridget.build/Debug-iphonesimulator/Bridget.build/Bridget.DependencyMetadataFileList (in target 'Bridget' from project 'Bridget')
    cd /Users/peterjemley/Documents/Developer/Bridget/Bridget
    write-file /Users/peterjemley/Library/Developer/Xcode/DerivedData/Bridget-gkvcitazgmfijfdltabiivkbdpkr/Build/Intermediates.noindex/Bridget.build/Debug-iphonesimulator/Bridget.build/Bridget.DependencyMetadataFileList

MkDir /Users/peterjemley/Library/Developer/Xcode/DerivedData/Bridget-gkvcitazgmfijfdltabiivkbdpkr/Build/Products/Debug-iphonesimulator/Bridget.app/PlugIns (in target 'Bridget' from project 'Bridget')
    cd /Users/peterjemley/Documents/Developer/Bridget/Bridget
    /bin/mkdir -p /Users/peterjemley/Library/Developer/Xcode/DerivedData/Bridget-gkvcitazgmfijfdltabiivkbdpkr/Build/Products/Debug-iphonesimulator/Bridget.app/PlugIns

MkDir /Users/peterjemley/Library/Developer/Xcode/DerivedData/Bridget-gkvcitazgmfijfdltabiivkbdpkr/Build/Products/Debug-iphonesimulator/Bridget.app/Frameworks (in target 'Bridget' from project 'Bridget')
    cd /Users/peterjemley/Documents/Developer/Bridget/Bridget
    /bin/mkdir -p /Users/peterjemley/Library/Developer/Xcode/DerivedData/Bridget-gkvcitazgmfijfdltabiivkbdpkr/Build/Products/Debug-iphonesimulator/Bridget.app/Frameworks

WriteAuxiliaryFile /Users/peterjemley/Library/Developer/Xcode/DerivedData/Bridget-gkvcitazgmfijfdltabiivkbdpkr/Build/Intermediates.noindex/Bridget.build/Debug-iphonesimulator/BridgetTests.build/BridgetTests-all-target-headers.hmap (in target 'BridgetTests' from project 'Bridget')
    cd /Users/peterjemley/Documents/Developer/Bridget/Bridget
    write-file /Users/peterjemley/Library/Developer/Xcode/DerivedData/Bridget-gkvcitazgmfijfdltabiivkbdpkr/Build/Intermediates.noindex/Bridget.build/Debug-iphonesimulator/BridgetTests.build/BridgetTests-all-target-headers.hmap

WriteAuxiliaryFile /Users/peterjemley/Library/Developer/Xcode/DerivedData/Bridget-gkvcitazgmfijfdltabiivkbdpkr/Build/Intermediates.noindex/Bridget.build/Debug-iphonesimulator/BridgetTests.build/empty-BridgetTests.plist (in target 'BridgetTests' from project 'Bridget')
    cd /Users/peterjemley/Documents/Developer/Bridget/Bridget
    write-file /Users/peterjemley/Library/Developer/Xcode/DerivedData/Bridget-gkvcitazgmfijfdltabiivkbdpkr/Build/Intermediates.noindex/Bridget.build/Debug-iphonesimulator/BridgetTests.build/empty-BridgetTests.plist

WriteAuxiliaryFile /Users/peterjemley/Library/Developer/Xcode/DerivedData/Bridget-gkvcitazgmfijfdltabiivkbdpkr/Build/Intermediates.noindex/Bridget.build/Debug-iphonesimulator/BridgetUITests.build/empty-BridgetUITests.plist (in target 'BridgetUITests' from project 'Bridget')
    cd /Users/peterjemley/Documents/Developer/Bridget/Bridget
    write-file /Users/peterjemley/Library/Developer/Xcode/DerivedData/Bridget-gkvcitazgmfijfdltabiivkbdpkr/Build/Intermediates.noindex/Bridget.build/Debug-iphonesimulator/BridgetUITests.build/empty-BridgetUITests.plist

WriteAuxiliaryFile /Users/peterjemley/Library/Developer/Xcode/DerivedData/Bridget-gkvcitazgmfijfdltabiivkbdpkr/Build/Intermediates.noindex/Bridget.build/Debug-iphonesimulator/BridgetTests.build/BridgetTests.hmap (in target 'BridgetTests' from project 'Bridget')
    cd /Users/peterjemley/Documents/Developer/Bridget/Bridget
    write-file /Users/peterjemley/Library/Developer/Xcode/DerivedData/Bridget-gkvcitazgmfijfdltabiivkbdpkr/Build/Intermediates.noindex/Bridget.build/Debug-iphonesimulator/BridgetTests.build/BridgetTests.hmap

WriteAuxiliaryFile /Users/peterjemley/Library/Developer/Xcode/DerivedData/Bridget-gkvcitazgmfijfdltabiivkbdpkr/Build/Intermediates.noindex/Bridget.build/Debug-iphonesimulator/BridgetUITests.build/ProductTypeInfoPlistAdditions.plist (in target 'BridgetUITests' from project 'Bridget')
    cd /Users/peterjemley/Documents/Developer/Bridget/Bridget
    write-file /Users/peterjemley/Library/Developer/Xcode/DerivedData/Bridget-gkvcitazgmfijfdltabiivkbdpkr/Build/Intermediates.noindex/Bridget.build/Debug-iphonesimulator/BridgetUITests.build/ProductTypeInfoPlistAdditions.plist

WriteAuxiliaryFile /Users/peterjemley/Library/Developer/Xcode/DerivedData/Bridget-gkvcitazgmfijfdltabiivkbdpkr/Build/Intermediates.noindex/Bridget.build/Debug-iphonesimulator/BridgetUITests.build/Objects-normal/arm64/BridgetUITests.SwiftConstValuesFileList (in target 'BridgetUITests' from project 'Bridget')
    cd /Users/peterjemley/Documents/Developer/Bridget/Bridget
    write-file /Users/peterjemley/Library/Developer/Xcode/DerivedData/Bridget-gkvcitazgmfijfdltabiivkbdpkr/Build/Intermediates.noindex/Bridget.build/Debug-iphonesimulator/BridgetUITests.build/Objects-normal/arm64/BridgetUITests.SwiftConstValuesFileList

WriteAuxiliaryFile /Users/peterjemley/Library/Developer/Xcode/DerivedData/Bridget-gkvcitazgmfijfdltabiivkbdpkr/Build/Intermediates.noindex/Bridget.build/Debug-iphonesimulator/BridgetUITests.build/Objects-normal/arm64/BridgetUITests_const_extract_protocols.json (in target 'BridgetUITests' from project 'Bridget')
    cd /Users/peterjemley/Documents/Developer/Bridget/Bridget
    write-file /Users/peterjemley/Library/Developer/Xcode/DerivedData/Bridget-gkvcitazgmfijfdltabiivkbdpkr/Build/Intermediates.noindex/Bridget.build/Debug-iphonesimulator/BridgetUITests.build/Objects-normal/arm64/BridgetUITests_const_extract_protocols.json

WriteAuxiliaryFile /Users/peterjemley/Library/Developer/Xcode/DerivedData/Bridget-gkvcitazgmfijfdltabiivkbdpkr/Build/Intermediates.noindex/Bridget.build/Debug-iphonesimulator/BridgetUITests.build/Objects-normal/arm64/BridgetUITests.SwiftFileList (in target 'BridgetUITests' from project 'Bridget')
    cd /Users/peterjemley/Documents/Developer/Bridget/Bridget
    write-file /Users/peterjemley/Library/Developer/Xcode/DerivedData/Bridget-gkvcitazgmfijfdltabiivkbdpkr/Build/Intermediates.noindex/Bridget.build/Debug-iphonesimulator/BridgetUITests.build/Objects-normal/arm64/BridgetUITests.SwiftFileList

WriteAuxiliaryFile /Users/peterjemley/Library/Developer/Xcode/DerivedData/Bridget-gkvcitazgmfijfdltabiivkbdpkr/Build/Intermediates.noindex/Bridget.build/Debug-iphonesimulator/BridgetTests.build/Objects-normal/arm64/BridgetTests_const_extract_protocols.json (in target 'BridgetTests' from project 'Bridget')
    cd /Users/peterjemley/Documents/Developer/Bridget/Bridget
    write-file /Users/peterjemley/Library/Developer/Xcode/DerivedData/Bridget-gkvcitazgmfijfdltabiivkbdpkr/Build/Intermediates.noindex/Bridget.build/Debug-iphonesimulator/BridgetTests.build/Objects-normal/arm64/BridgetTests_const_extract_protocols.json

WriteAuxiliaryFile /Users/peterjemley/Library/Developer/Xcode/DerivedData/Bridget-gkvcitazgmfijfdltabiivkbdpkr/Build/Intermediates.noindex/Bridget.build/Debug-iphonesimulator/BridgetUITests.build/Objects-normal/arm64/BridgetUITests.LinkFileList (in target 'BridgetUITests' from project 'Bridget')
    cd /Users/peterjemley/Documents/Developer/Bridget/Bridget
    write-file /Users/peterjemley/Library/Developer/Xcode/DerivedData/Bridget-gkvcitazgmfijfdltabiivkbdpkr/Build/Intermediates.noindex/Bridget.build/Debug-iphonesimulator/BridgetUITests.build/Objects-normal/arm64/BridgetUITests.LinkFileList

WriteAuxiliaryFile /Users/peterjemley/Library/Developer/Xcode/DerivedData/Bridget-gkvcitazgmfijfdltabiivkbdpkr/Build/Intermediates.noindex/Bridget.build/Debug-iphonesimulator/BridgetUITests.build/Objects-normal/arm64/BridgetUITests-OutputFileMap.json (in target 'BridgetUITests' from project 'Bridget')
    cd /Users/peterjemley/Documents/Developer/Bridget/Bridget
    write-file /Users/peterjemley/Library/Developer/Xcode/DerivedData/Bridget-gkvcitazgmfijfdltabiivkbdpkr/Build/Intermediates.noindex/Bridget.build/Debug-iphonesimulator/BridgetUITests.build/Objects-normal/arm64/BridgetUITests-OutputFileMap.json

WriteAuxiliaryFile /Users/peterjemley/Library/Developer/Xcode/DerivedData/Bridget-gkvcitazgmfijfdltabiivkbdpkr/Build/Intermediates.noindex/Bridget.build/Debug-iphonesimulator/BridgetUITests.build/DerivedSources/Entitlements-Simulated.plist (in target 'BridgetUITests' from project 'Bridget')
    cd /Users/peterjemley/Documents/Developer/Bridget/Bridget
    write-file /Users/peterjemley/Library/Developer/Xcode/DerivedData/Bridget-gkvcitazgmfijfdltabiivkbdpkr/Build/Intermediates.noindex/Bridget.build/Debug-iphonesimulator/BridgetUITests.build/DerivedSources/Entitlements-Simulated.plist

WriteAuxiliaryFile /Users/peterjemley/Library/Developer/Xcode/DerivedData/Bridget-gkvcitazgmfijfdltabiivkbdpkr/Build/Intermediates.noindex/Bridget.build/Debug-iphonesimulator/BridgetUITests.build/BridgetUITests.hmap (in target 'BridgetUITests' from project 'Bridget')
    cd /Users/peterjemley/Documents/Developer/Bridget/Bridget
    write-file /Users/peterjemley/Library/Developer/Xcode/DerivedData/Bridget-gkvcitazgmfijfdltabiivkbdpkr/Build/Intermediates.noindex/Bridget.build/Debug-iphonesimulator/BridgetUITests.build/BridgetUITests.hmap

WriteAuxiliaryFile /Users/peterjemley/Library/Developer/Xcode/DerivedData/Bridget-gkvcitazgmfijfdltabiivkbdpkr/Build/Intermediates.noindex/Bridget.build/Debug-iphonesimulator/BridgetUITests.build/BridgetUITests.DependencyStaticMetadataFileList (in target 'BridgetUITests' from project 'Bridget')
    cd /Users/peterjemley/Documents/Developer/Bridget/Bridget
    write-file /Users/peterjemley/Library/Developer/Xcode/DerivedData/Bridget-gkvcitazgmfijfdltabiivkbdpkr/Build/Intermediates.noindex/Bridget.build/Debug-iphonesimulator/BridgetUITests.build/BridgetUITests.DependencyStaticMetadataFileList

WriteAuxiliaryFile /Users/peterjemley/Library/Developer/Xcode/DerivedData/Bridget-gkvcitazgmfijfdltabiivkbdpkr/Build/Intermediates.noindex/Bridget.build/Debug-iphonesimulator/BridgetUITests.build/BridgetUITests.DependencyMetadataFileList (in target 'BridgetUITests' from project 'Bridget')
    cd /Users/peterjemley/Documents/Developer/Bridget/Bridget
    write-file /Users/peterjemley/Library/Developer/Xcode/DerivedData/Bridget-gkvcitazgmfijfdltabiivkbdpkr/Build/Intermediates.noindex/Bridget.build/Debug-iphonesimulator/BridgetUITests.build/BridgetUITests.DependencyMetadataFileList

WriteAuxiliaryFile /Users/peterjemley/Library/Developer/Xcode/DerivedData/Bridget-gkvcitazgmfijfdltabiivkbdpkr/Build/Intermediates.noindex/Bridget.build/Debug-iphonesimulator/BridgetUITests.build/BridgetUITests-project-headers.hmap (in target 'BridgetUITests' from project 'Bridget')
    cd /Users/peterjemley/Documents/Developer/Bridget/Bridget
    write-file /Users/peterjemley/Library/Developer/Xcode/DerivedData/Bridget-gkvcitazgmfijfdltabiivkbdpkr/Build/Intermediates.noindex/Bridget.build/Debug-iphonesimulator/BridgetUITests.build/BridgetUITests-project-headers.hmap

WriteAuxiliaryFile /Users/peterjemley/Library/Developer/Xcode/DerivedData/Bridget-gkvcitazgmfijfdltabiivkbdpkr/Build/Intermediates.noindex/Bridget.build/Debug-iphonesimulator/BridgetUITests.build/BridgetUITests-own-target-headers.hmap (in target 'BridgetUITests' from project 'Bridget')
    cd /Users/peterjemley/Documents/Developer/Bridget/Bridget
    write-file /Users/peterjemley/Library/Developer/Xcode/DerivedData/Bridget-gkvcitazgmfijfdltabiivkbdpkr/Build/Intermediates.noindex/Bridget.build/Debug-iphonesimulator/BridgetUITests.build/BridgetUITests-own-target-headers.hmap

WriteAuxiliaryFile /Users/peterjemley/Library/Developer/Xcode/DerivedData/Bridget-gkvcitazgmfijfdltabiivkbdpkr/Build/Intermediates.noindex/Bridget.build/Debug-iphonesimulator/BridgetUITests.build/BridgetUITests-generated-files.hmap (in target 'BridgetUITests' from project 'Bridget')
    cd /Users/peterjemley/Documents/Developer/Bridget/Bridget
    write-file /Users/peterjemley/Library/Developer/Xcode/DerivedData/Bridget-gkvcitazgmfijfdltabiivkbdpkr/Build/Intermediates.noindex/Bridget.build/Debug-iphonesimulator/BridgetUITests.build/BridgetUITests-generated-files.hmap

WriteAuxiliaryFile /Users/peterjemley/Library/Developer/Xcode/DerivedData/Bridget-gkvcitazgmfijfdltabiivkbdpkr/Build/Intermediates.noindex/Bridget.build/Debug-iphonesimulator/BridgetUITests.build/BridgetUITests-all-target-headers.hmap (in target 'BridgetUITests' from project 'Bridget')
    cd /Users/peterjemley/Documents/Developer/Bridget/Bridget
    write-file /Users/peterjemley/Library/Developer/Xcode/DerivedData/Bridget-gkvcitazgmfijfdltabiivkbdpkr/Build/Intermediates.noindex/Bridget.build/Debug-iphonesimulator/BridgetUITests.build/BridgetUITests-all-target-headers.hmap

WriteAuxiliaryFile /Users/peterjemley/Library/Developer/Xcode/DerivedData/Bridget-gkvcitazgmfijfdltabiivkbdpkr/Build/Intermediates.noindex/Bridget.build/Debug-iphonesimulator/BridgetUITests.build/BridgetUITests-all-non-framework-target-headers.hmap (in target 'BridgetUITests' from project 'Bridget')
    cd /Users/peterjemley/Documents/Developer/Bridget/Bridget
    write-file /Users/peterjemley/Library/Developer/Xcode/DerivedData/Bridget-gkvcitazgmfijfdltabiivkbdpkr/Build/Intermediates.noindex/Bridget.build/Debug-iphonesimulator/BridgetUITests.build/BridgetUITests-all-non-framework-target-headers.hmap

WriteAuxiliaryFile /Users/peterjemley/Library/Developer/Xcode/DerivedData/Bridget-gkvcitazgmfijfdltabiivkbdpkr/Build/Intermediates.noindex/Bridget.build/Debug-iphonesimulator/BridgetTests.build/Objects-normal/arm64/BridgetTests.SwiftFileList (in target 'BridgetTests' from project 'Bridget')
    cd /Users/peterjemley/Documents/Developer/Bridget/Bridget
    write-file /Users/peterjemley/Library/Developer/Xcode/DerivedData/Bridget-gkvcitazgmfijfdltabiivkbdpkr/Build/Intermediates.noindex/Bridget.build/Debug-iphonesimulator/BridgetTests.build/Objects-normal/arm64/BridgetTests.SwiftFileList

WriteAuxiliaryFile /Users/peterjemley/Library/Developer/Xcode/DerivedData/Bridget-gkvcitazgmfijfdltabiivkbdpkr/Build/Intermediates.noindex/Bridget.build/Debug-iphonesimulator/BridgetTests.build/Objects-normal/arm64/BridgetTests.SwiftConstValuesFileList (in target 'BridgetTests' from project 'Bridget')
    cd /Users/peterjemley/Documents/Developer/Bridget/Bridget
    write-file /Users/peterjemley/Library/Developer/Xcode/DerivedData/Bridget-gkvcitazgmfijfdltabiivkbdpkr/Build/Intermediates.noindex/Bridget.build/Debug-iphonesimulator/BridgetTests.build/Objects-normal/arm64/BridgetTests.SwiftConstValuesFileList

WriteAuxiliaryFile /Users/peterjemley/Library/Developer/Xcode/DerivedData/Bridget-gkvcitazgmfijfdltabiivkbdpkr/Build/Intermediates.noindex/Bridget.build/Debug-iphonesimulator/BridgetTests.build/Objects-normal/arm64/BridgetTests.LinkFileList (in target 'BridgetTests' from project 'Bridget')
    cd /Users/peterjemley/Documents/Developer/Bridget/Bridget
    write-file /Users/peterjemley/Library/Developer/Xcode/DerivedData/Bridget-gkvcitazgmfijfdltabiivkbdpkr/Build/Intermediates.noindex/Bridget.build/Debug-iphonesimulator/BridgetTests.build/Objects-normal/arm64/BridgetTests.LinkFileList

WriteAuxiliaryFile /Users/peterjemley/Library/Developer/Xcode/DerivedData/Bridget-gkvcitazgmfijfdltabiivkbdpkr/Build/Intermediates.noindex/Bridget.build/Debug-iphonesimulator/BridgetTests.build/Objects-normal/arm64/BridgetTests-OutputFileMap.json (in target 'BridgetTests' from project 'Bridget')
    cd /Users/peterjemley/Documents/Developer/Bridget/Bridget
    write-file /Users/peterjemley/Library/Developer/Xcode/DerivedData/Bridget-gkvcitazgmfijfdltabiivkbdpkr/Build/Intermediates.noindex/Bridget.build/Debug-iphonesimulator/BridgetTests.build/Objects-normal/arm64/BridgetTests-OutputFileMap.json

WriteAuxiliaryFile /Users/peterjemley/Library/Developer/Xcode/DerivedData/Bridget-gkvcitazgmfijfdltabiivkbdpkr/Build/Intermediates.noindex/Bridget.build/Debug-iphonesimulator/BridgetTests.build/BridgetTests.DependencyStaticMetadataFileList (in target 'BridgetTests' from project 'Bridget')
    cd /Users/peterjemley/Documents/Developer/Bridget/Bridget
    write-file /Users/peterjemley/Library/Developer/Xcode/DerivedData/Bridget-gkvcitazgmfijfdltabiivkbdpkr/Build/Intermediates.noindex/Bridget.build/Debug-iphonesimulator/BridgetTests.build/BridgetTests.DependencyStaticMetadataFileList

WriteAuxiliaryFile /Users/peterjemley/Library/Developer/Xcode/DerivedData/Bridget-gkvcitazgmfijfdltabiivkbdpkr/Build/Intermediates.noindex/Bridget.build/Debug-iphonesimulator/BridgetTests.build/BridgetTests.DependencyMetadataFileList (in target 'BridgetTests' from project 'Bridget')
    cd /Users/peterjemley/Documents/Developer/Bridget/Bridget
    write-file /Users/peterjemley/Library/Developer/Xcode/DerivedData/Bridget-gkvcitazgmfijfdltabiivkbdpkr/Build/Intermediates.noindex/Bridget.build/Debug-iphonesimulator/BridgetTests.build/BridgetTests.DependencyMetadataFileList

WriteAuxiliaryFile /Users/peterjemley/Library/Developer/Xcode/DerivedData/Bridget-gkvcitazgmfijfdltabiivkbdpkr/Build/Intermediates.noindex/Bridget.build/Debug-iphonesimulator/BridgetTests.build/BridgetTests-project-headers.hmap (in target 'BridgetTests' from project 'Bridget')
    cd /Users/peterjemley/Documents/Developer/Bridget/Bridget
    write-file /Users/peterjemley/Library/Developer/Xcode/DerivedData/Bridget-gkvcitazgmfijfdltabiivkbdpkr/Build/Intermediates.noindex/Bridget.build/Debug-iphonesimulator/BridgetTests.build/BridgetTests-project-headers.hmap

WriteAuxiliaryFile /Users/peterjemley/Library/Developer/Xcode/DerivedData/Bridget-gkvcitazgmfijfdltabiivkbdpkr/Build/Intermediates.noindex/Bridget.build/Debug-iphonesimulator/BridgetTests.build/BridgetTests-own-target-headers.hmap (in target 'BridgetTests' from project 'Bridget')
    cd /Users/peterjemley/Documents/Developer/Bridget/Bridget
    write-file /Users/peterjemley/Library/Developer/Xcode/DerivedData/Bridget-gkvcitazgmfijfdltabiivkbdpkr/Build/Intermediates.noindex/Bridget.build/Debug-iphonesimulator/BridgetTests.build/BridgetTests-own-target-headers.hmap

WriteAuxiliaryFile /Users/peterjemley/Library/Developer/Xcode/DerivedData/Bridget-gkvcitazgmfijfdltabiivkbdpkr/Build/Intermediates.noindex/Bridget.build/Debug-iphonesimulator/BridgetTests.build/BridgetTests-generated-files.hmap (in target 'BridgetTests' from project 'Bridget')
    cd /Users/peterjemley/Documents/Developer/Bridget/Bridget
    write-file /Users/peterjemley/Library/Developer/Xcode/DerivedData/Bridget-gkvcitazgmfijfdltabiivkbdpkr/Build/Intermediates.noindex/Bridget.build/Debug-iphonesimulator/BridgetTests.build/BridgetTests-generated-files.hmap

WriteAuxiliaryFile /Users/peterjemley/Library/Developer/Xcode/DerivedData/Bridget-gkvcitazgmfijfdltabiivkbdpkr/Build/Intermediates.noindex/Bridget.build/Debug-iphonesimulator/BridgetTests.build/BridgetTests-all-non-framework-target-headers.hmap (in target 'BridgetTests' from project 'Bridget')
    cd /Users/peterjemley/Documents/Developer/Bridget/Bridget
    write-file /Users/peterjemley/Library/Developer/Xcode/DerivedData/Bridget-gkvcitazgmfijfdltabiivkbdpkr/Build/Intermediates.noindex/Bridget.build/Debug-iphonesimulator/BridgetTests.build/BridgetTests-all-non-framework-target-headers.hmap

MkDir /Users/peterjemley/Library/Developer/Xcode/DerivedData/Bridget-gkvcitazgmfijfdltabiivkbdpkr/Build/Products/Debug-iphonesimulator/BridgetUITests-Runner.app/PlugIns/BridgetUITests.xctest/Frameworks (in target 'BridgetUITests' from project 'Bridget')
    cd /Users/peterjemley/Documents/Developer/Bridget/Bridget
    /bin/mkdir -p /Users/peterjemley/Library/Developer/Xcode/DerivedData/Bridget-gkvcitazgmfijfdltabiivkbdpkr/Build/Products/Debug-iphonesimulator/BridgetUITests-Runner.app/PlugIns/BridgetUITests.xctest/Frameworks

MkDir /Users/peterjemley/Library/Developer/Xcode/DerivedData/Bridget-gkvcitazgmfijfdltabiivkbdpkr/Build/Products/Debug-iphonesimulator/BridgetUITests-Runner.app/PlugIns/BridgetUITests.xctest (in target 'BridgetUITests' from project 'Bridget')
    cd /Users/peterjemley/Documents/Developer/Bridget/Bridget
    /bin/mkdir -p /Users/peterjemley/Library/Developer/Xcode/DerivedData/Bridget-gkvcitazgmfijfdltabiivkbdpkr/Build/Products/Debug-iphonesimulator/BridgetUITests-Runner.app/PlugIns/BridgetUITests.xctest

MkDir /Users/peterjemley/Library/Developer/Xcode/DerivedData/Bridget-gkvcitazgmfijfdltabiivkbdpkr/Build/Products/Debug-iphonesimulator/Bridget.app/PlugIns/BridgetTests.xctest (in target 'BridgetTests' from project 'Bridget')
    cd /Users/peterjemley/Documents/Developer/Bridget/Bridget
    /bin/mkdir -p /Users/peterjemley/Library/Developer/Xcode/DerivedData/Bridget-gkvcitazgmfijfdltabiivkbdpkr/Build/Products/Debug-iphonesimulator/Bridget.app/PlugIns/BridgetTests.xctest

MkDir /Users/peterjemley/Library/Developer/Xcode/DerivedData/Bridget-gkvcitazgmfijfdltabiivkbdpkr/Build/Products/Debug-iphonesimulator/Bridget.app/PlugIns/BridgetTests.xctest/Frameworks (in target 'BridgetTests' from project 'Bridget')
    cd /Users/peterjemley/Documents/Developer/Bridget/Bridget
    /bin/mkdir -p /Users/peterjemley/Library/Developer/Xcode/DerivedData/Bridget-gkvcitazgmfijfdltabiivkbdpkr/Build/Products/Debug-iphonesimulator/Bridget.app/PlugIns/BridgetTests.xctest/Frameworks

ProcessProductPackaging "" /Users/peterjemley/Library/Developer/Xcode/DerivedData/Bridget-gkvcitazgmfijfdltabiivkbdpkr/Build/Intermediates.noindex/Bridget.build/Debug-iphonesimulator/Bridget.build/Bridget.app-Simulated.xcent (in target 'Bridget' from project 'Bridget')
    cd /Users/peterjemley/Documents/Developer/Bridget/Bridget
    
    Entitlements:
    
    {
    "application-identifier" = "J5QAN9636K.name.PeterJemley.Bridget";
}
    
    builtin-productPackagingUtility -entitlements -format xml -o /Users/peterjemley/Library/Developer/Xcode/DerivedData/Bridget-gkvcitazgmfijfdltabiivkbdpkr/Build/Intermediates.noindex/Bridget.build/Debug-iphonesimulator/Bridget.build/Bridget.app-Simulated.xcent

ProcessInfoPlistFile /Users/peterjemley/Library/Developer/Xcode/DerivedData/Bridget-gkvcitazgmfijfdltabiivkbdpkr/Build/Products/Debug-iphonesimulator/PackageFrameworks/BridgetCore_-7DB2DB52135F4AB_PackageProduct.framework/Info.plist /Users/peterjemley/Library/Developer/Xcode/DerivedData/Bridget-gkvcitazgmfijfdltabiivkbdpkr/Build/Intermediates.noindex/BridgetCore.build/Debug-iphonesimulator/BridgetCore\ product.build/empty-BridgetCore_-7DB2DB52135F4AB_PackageProduct.plist (in target 'BridgetCore' from project 'BridgetCore')
    cd /Users/peterjemley/Documents/Developer/Bridget/Bridget/Packages/BridgetCore
    builtin-infoPlistUtility /Users/peterjemley/Library/Developer/Xcode/DerivedData/Bridget-gkvcitazgmfijfdltabiivkbdpkr/Build/Intermediates.noindex/BridgetCore.build/Debug-iphonesimulator/BridgetCore\ product.build/empty-BridgetCore_-7DB2DB52135F4AB_PackageProduct.plist -producttype com.apple.product-type.framework -expandbuildsettings -format binary -platform iphonesimulator -o /Users/peterjemley/Library/Developer/Xcode/DerivedData/Bridget-gkvcitazgmfijfdltabiivkbdpkr/Build/Products/Debug-iphonesimulator/PackageFrameworks/BridgetCore_-7DB2DB52135F4AB_PackageProduct.framework/Info.plist

Ld /Users/peterjemley/Library/Developer/Xcode/DerivedData/Bridget-gkvcitazgmfijfdltabiivkbdpkr/Build/Products/Debug-iphonesimulator/PackageFrameworks/BridgetCore_-7DB2DB52135F4AB_PackageProduct.framework/BridgetCore_-7DB2DB52135F4AB_PackageProduct normal (in target 'BridgetCore' from project 'BridgetCore')
    cd /Users/peterjemley/Documents/Developer/Bridget/Bridget/Packages/BridgetCore
    /Applications/Xcode.app/Contents/Developer/Toolchains/XcodeDefault.xctoolchain/usr/bin/clang -Xlinker -reproducible -target arm64-apple-ios17.0-simulator -dynamiclib -isysroot /Applications/Xcode.app/Contents/Developer/Platforms/iPhoneSimulator.platform/Developer/SDKs/iPhoneSimulator18.5.sdk -O0 -w -L/Users/peterjemley/Library/Developer/Xcode/DerivedData/Bridget-gkvcitazgmfijfdltabiivkbdpkr/Build/Intermediates.noindex/EagerLinkingTBDs/Debug-iphonesimulator -L/Users/peterjemley/Library/Developer/Xcode/DerivedData/Bridget-gkvcitazgmfijfdltabiivkbdpkr/Build/Products/Debug-iphonesimulator -L/Applications/Xcode.app/Contents/Developer/Platforms/iPhoneSimulator.platform/Developer/usr/lib -F/Users/peterjemley/Library/Developer/Xcode/DerivedData/Bridget-gkvcitazgmfijfdltabiivkbdpkr/Build/Intermediates.noindex/EagerLinkingTBDs/Debug-iphonesimulator -F/Users/peterjemley/Library/Developer/Xcode/DerivedData/Bridget-gkvcitazgmfijfdltabiivkbdpkr/Build/Products/Debug-iphonesimulator/PackageFrameworks -F/Users/peterjemley/Library/Developer/Xcode/DerivedData/Bridget-gkvcitazgmfijfdltabiivkbdpkr/Build/Products/Debug-iphonesimulator -iframework /Applications/Xcode.app/Contents/Developer/Platforms/iPhoneSimulator.platform/Developer/Library/Frameworks -iframework /Applications/Xcode.app/Contents/Developer/Platforms/iPhoneSimulator.platform/Developer/SDKs/iPhoneSimulator18.5.sdk/Developer/Library/Frameworks -filelist /Users/peterjemley/Library/Developer/Xcode/DerivedData/Bridget-gkvcitazgmfijfdltabiivkbdpkr/Build/Intermediates.noindex/BridgetCore.build/Debug-iphonesimulator/BridgetCore\ product.build/Objects-normal/arm64/BridgetCore_-7DB2DB52135F4AB_PackageProduct.LinkFileList -install_name @rpath/BridgetCore_-7DB2DB52135F4AB_PackageProduct.framework/BridgetCore_-7DB2DB52135F4AB_PackageProduct -Xlinker -rpath -Xlinker /Users/peterjemley/Library/Developer/Xcode/DerivedData/Bridget-gkvcitazgmfijfdltabiivkbdpkr/Build/Products/Debug-iphonesimulator/PackageFrameworks -dead_strip -Xlinker -object_path_lto -Xlinker /Users/peterjemley/Library/Developer/Xcode/DerivedData/Bridget-gkvcitazgmfijfdltabiivkbdpkr/Build/Intermediates.noindex/BridgetCore.build/Debug-iphonesimulator/BridgetCore\ product.build/Objects-normal/arm64/BridgetCore_-7DB2DB52135F4AB_PackageProduct_lto.o -rdynamic -Xlinker -no_deduplicate -Xlinker -objc_abi_version -Xlinker 2 -Xlinker -debug_variant -Xlinker -dependency_info -Xlinker /Users/peterjemley/Library/Developer/Xcode/DerivedData/Bridget-gkvcitazgmfijfdltabiivkbdpkr/Build/Intermediates.noindex/BridgetCore.build/Debug-iphonesimulator/BridgetCore\ product.build/Objects-normal/arm64/BridgetCore_-7DB2DB52135F4AB_PackageProduct_dependency_info.dat -fobjc-link-runtime -fprofile-instr-generate -L/Applications/Xcode.app/Contents/Developer/Toolchains/XcodeDefault.xctoolchain/usr/lib/swift/iphonesimulator -L/usr/lib/swift -Wl,-no_warn_duplicate_libraries -o /Users/peterjemley/Library/Developer/Xcode/DerivedData/Bridget-gkvcitazgmfijfdltabiivkbdpkr/Build/Products/Debug-iphonesimulator/PackageFrameworks/BridgetCore_-7DB2DB52135F4AB_PackageProduct.framework/BridgetCore_-7DB2DB52135F4AB_PackageProduct -Xlinker -add_ast_path -Xlinker /Users/peterjemley/Library/Developer/Xcode/DerivedData/Bridget-gkvcitazgmfijfdltabiivkbdpkr/Build/Intermediates.noindex/BridgetCore.build/Debug-iphonesimulator/BridgetCore.build/Objects-normal/arm64/BridgetCore.swiftmodule

ProcessProductPackagingDER /Users/peterjemley/Library/Developer/Xcode/DerivedData/Bridget-gkvcitazgmfijfdltabiivkbdpkr/Build/Intermediates.noindex/Bridget.build/Debug-iphonesimulator/Bridget.build/Bridget.app-Simulated.xcent /Users/peterjemley/Library/Developer/Xcode/DerivedData/Bridget-gkvcitazgmfijfdltabiivkbdpkr/Build/Intermediates.noindex/Bridget.build/Debug-iphonesimulator/Bridget.build/Bridget.app-Simulated.xcent.der (in target 'Bridget' from project 'Bridget')
    cd /Users/peterjemley/Documents/Developer/Bridget/Bridget
    /usr/bin/derq query -f xml -i /Users/peterjemley/Library/Developer/Xcode/DerivedData/Bridget-gkvcitazgmfijfdltabiivkbdpkr/Build/Intermediates.noindex/Bridget.build/Debug-iphonesimulator/Bridget.build/Bridget.app-Simulated.xcent -o /Users/peterjemley/Library/Developer/Xcode/DerivedData/Bridget-gkvcitazgmfijfdltabiivkbdpkr/Build/Intermediates.noindex/Bridget.build/Debug-iphonesimulator/Bridget.build/Bridget.app-Simulated.xcent.der --raw

CompileAssetCatalogVariant thinned /Users/peterjemley/Library/Developer/Xcode/DerivedData/Bridget-gkvcitazgmfijfdltabiivkbdpkr/Build/Products/Debug-iphonesimulator/Bridget.app /Users/peterjemley/Documents/Developer/Bridget/Bridget/Bridget/Assets.xcassets (in target 'Bridget' from project 'Bridget')
    cd /Users/peterjemley/Documents/Developer/Bridget/Bridget
    /Applications/Xcode.app/Contents/Developer/usr/bin/actool /Users/peterjemley/Documents/Developer/Bridget/Bridget/Bridget/Assets.xcassets --compile /Users/peterjemley/Library/Developer/Xcode/DerivedData/Bridget-gkvcitazgmfijfdltabiivkbdpkr/Build/Intermediates.noindex/Bridget.build/Debug-iphonesimulator/Bridget.build/assetcatalog_output/thinned --output-format human-readable-text --notices --warnings --export-dependency-info /Users/peterjemley/Library/Developer/Xcode/DerivedData/Bridget-gkvcitazgmfijfdltabiivkbdpkr/Build/Intermediates.noindex/Bridget.build/Debug-iphonesimulator/Bridget.build/assetcatalog_dependencies_thinned --output-partial-info-plist /Users/peterjemley/Library/Developer/Xcode/DerivedData/Bridget-gkvcitazgmfijfdltabiivkbdpkr/Build/Intermediates.noindex/Bridget.build/Debug-iphonesimulator/Bridget.build/assetcatalog_generated_info.plist_thinned --app-icon AppIcon --accent-color AccentColor --compress-pngs --enable-on-demand-resources YES --filter-for-thinning-device-configuration iPhone17,3 --filter-for-device-os-version 18.5 --development-region en --target-device iphone --target-device ipad --minimum-deployment-target 18.5 --platform iphonesimulator
/* com.apple.actool.compilation-results */
/Users/peterjemley/Library/Developer/Xcode/DerivedData/Bridget-gkvcitazgmfijfdltabiivkbdpkr/Build/Intermediates.noindex/Bridget.build/Debug-iphonesimulator/Bridget.build/assetcatalog_generated_info.plist_thinned
/Users/peterjemley/Library/Developer/Xcode/DerivedData/Bridget-gkvcitazgmfijfdltabiivkbdpkr/Build/Intermediates.noindex/Bridget.build/Debug-iphonesimulator/Bridget.build/assetcatalog_output/thinned/AppIcon60x60@2x.png
/Users/peterjemley/Library/Developer/Xcode/DerivedData/Bridget-gkvcitazgmfijfdltabiivkbdpkr/Build/Intermediates.noindex/Bridget.build/Debug-iphonesimulator/Bridget.build/assetcatalog_output/thinned/AppIcon76x76@2x~ipad.png
/Users/peterjemley/Library/Developer/Xcode/DerivedData/Bridget-gkvcitazgmfijfdltabiivkbdpkr/Build/Intermediates.noindex/Bridget.build/Debug-iphonesimulator/Bridget.build/assetcatalog_output/thinned/Assets.car


ProcessProductPackaging "" /Users/peterjemley/Library/Developer/Xcode/DerivedData/Bridget-gkvcitazgmfijfdltabiivkbdpkr/Build/Intermediates.noindex/Bridget.build/Debug-iphonesimulator/BridgetUITests.build/BridgetUITests.xctest-Simulated.xcent (in target 'BridgetUITests' from project 'Bridget')
    cd /Users/peterjemley/Documents/Developer/Bridget/Bridget
    
    Entitlements:
    
    {
    "application-identifier" = "J5QAN9636K.name.PeterJemley.BridgetUITests.xctrunner";
    "keychain-access-groups" =     (
        "J5QAN9636K.name.PeterJemley.BridgetUITests.xctrunner"
    );
}
    
    builtin-productPackagingUtility -entitlements -format xml -o /Users/peterjemley/Library/Developer/Xcode/DerivedData/Bridget-gkvcitazgmfijfdltabiivkbdpkr/Build/Intermediates.noindex/Bridget.build/Debug-iphonesimulator/BridgetUITests.build/BridgetUITests.xctest-Simulated.xcent

SwiftDriver BridgetTests normal arm64 com.apple.xcode.tools.swift.compiler (in target 'BridgetTests' from project 'Bridget')
    cd /Users/peterjemley/Documents/Developer/Bridget/Bridget
    builtin-SwiftDriver -- /Applications/Xcode.app/Contents/Developer/Toolchains/XcodeDefault.xctoolchain/usr/bin/swiftc -module-name BridgetTests -Onone -enforce-exclusivity\=checked @/Users/peterjemley/Library/Developer/Xcode/DerivedData/Bridget-gkvcitazgmfijfdltabiivkbdpkr/Build/Intermediates.noindex/Bridget.build/Debug-iphonesimulator/BridgetTests.build/Objects-normal/arm64/BridgetTests.SwiftFileList -DDEBUG -plugin-path /Applications/Xcode.app/Contents/Developer/Toolchains/XcodeDefault.xctoolchain/usr/lib/swift/host/plugins/testing -enable-bare-slash-regex -enable-experimental-feature DebugDescriptionMacro -sdk /Applications/Xcode.app/Contents/Developer/Platforms/iPhoneSimulator.platform/Developer/SDKs/iPhoneSimulator18.5.sdk -target arm64-apple-ios18.5-simulator -g -module-cache-path /Users/peterjemley/Library/Developer/Xcode/DerivedData/ModuleCache.noindex -Xfrontend -serialize-debugging-options -profile-coverage-mapping -profile-generate -enable-testing -index-store-path /Users/peterjemley/Library/Developer/Xcode/DerivedData/Bridget-gkvcitazgmfijfdltabiivkbdpkr/Index.noindex/DataStore -swift-version 5 -I /Users/peterjemley/Library/Developer/Xcode/DerivedData/Bridget-gkvcitazgmfijfdltabiivkbdpkr/Build/Products/Debug-iphonesimulator -I /Applications/Xcode.app/Contents/Developer/Platforms/iPhoneSimulator.platform/Developer/usr/lib -F /Users/peterjemley/Library/Developer/Xcode/DerivedData/Bridget-gkvcitazgmfijfdltabiivkbdpkr/Build/Products/Debug-iphonesimulator/PackageFrameworks -F /Users/peterjemley/Library/Developer/Xcode/DerivedData/Bridget-gkvcitazgmfijfdltabiivkbdpkr/Build/Products/Debug-iphonesimulator/PackageFrameworks -F /Users/peterjemley/Library/Developer/Xcode/DerivedData/Bridget-gkvcitazgmfijfdltabiivkbdpkr/Build/Products/Debug-iphonesimulator/PackageFrameworks -F /Users/peterjemley/Library/Developer/Xcode/DerivedData/Bridget-gkvcitazgmfijfdltabiivkbdpkr/Build/Products/Debug-iphonesimulator/PackageFrameworks -F /Users/peterjemley/Library/Developer/Xcode/DerivedData/Bridget-gkvcitazgmfijfdltabiivkbdpkr/Build/Products/Debug-iphonesimulator/PackageFrameworks -F /Users/peterjemley/Library/Developer/Xcode/DerivedData/Bridget-gkvcitazgmfijfdltabiivkbdpkr/Build/Products/Debug-iphonesimulator/PackageFrameworks -F /Users/peterjemley/Library/Developer/Xcode/DerivedData/Bridget-gkvcitazgmfijfdltabiivkbdpkr/Build/Products/Debug-iphonesimulator/PackageFrameworks -F /Users/peterjemley/Library/Developer/Xcode/DerivedData/Bridget-gkvcitazgmfijfdltabiivkbdpkr/Build/Products/Debug-iphonesimulator/PackageFrameworks -F /Users/peterjemley/Library/Developer/Xcode/DerivedData/Bridget-gkvcitazgmfijfdltabiivkbdpkr/Build/Products/Debug-iphonesimulator/PackageFrameworks -F /Users/peterjemley/Library/Developer/Xcode/DerivedData/Bridget-gkvcitazgmfijfdltabiivkbdpkr/Build/Products/Debug-iphonesimulator/PackageFrameworks -F /Users/peterjemley/Library/Developer/Xcode/DerivedData/Bridget-gkvcitazgmfijfdltabiivkbdpkr/Build/Products/Debug-iphonesimulator/PackageFrameworks -F /Users/peterjemley/Library/Developer/Xcode/DerivedData/Bridget-gkvcitazgmfijfdltabiivkbdpkr/Build/Products/Debug-iphonesimulator -F /Applications/Xcode.app/Contents/Developer/Platforms/iPhoneSimulator.platform/Developer/Library/Frameworks -F /Applications/Xcode.app/Contents/Developer/Platforms/iPhoneSimulator.platform/Developer/SDKs/iPhoneSimulator18.5.sdk/Developer/Library/Frameworks -c -j16 -enable-batch-mode -incremental -Xcc -ivfsstatcache -Xcc /Users/peterjemley/Library/Developer/Xcode/DerivedData/SDKStatCaches.noindex/iphonesimulator18.5-22F76-d5fc8ad4295d2ef488fb7d0f804ce0c4.sdkstatcache -output-file-map /Users/peterjemley/Library/Developer/Xcode/DerivedData/Bridget-gkvcitazgmfijfdltabiivkbdpkr/Build/Intermediates.noindex/Bridget.build/Debug-iphonesimulator/BridgetTests.build/Objects-normal/arm64/BridgetTests-OutputFileMap.json -use-frontend-parseable-output -save-temps -no-color-diagnostics -serialize-diagnostics -emit-dependencies -emit-module -emit-module-path /Users/peterjemley/Library/Developer/Xcode/DerivedData/Bridget-gkvcitazgmfijfdltabiivkbdpkr/Build/Intermediates.noindex/Bridget.build/Debug-iphonesimulator/BridgetTests.build/Objects-normal/arm64/BridgetTests.swiftmodule -validate-clang-modules-once -clang-build-session-file /Users/peterjemley/Library/Developer/Xcode/DerivedData/ModuleCache.noindex/Session.modulevalidation -Xcc -I/Users/peterjemley/Library/Developer/Xcode/DerivedData/Bridget-gkvcitazgmfijfdltabiivkbdpkr/Build/Intermediates.noindex/Bridget.build/Debug-iphonesimulator/BridgetTests.build/swift-overrides.hmap -emit-const-values -Xfrontend -const-gather-protocols-file -Xfrontend /Users/peterjemley/Library/Developer/Xcode/DerivedData/Bridget-gkvcitazgmfijfdltabiivkbdpkr/Build/Intermediates.noindex/Bridget.build/Debug-iphonesimulator/BridgetTests.build/Objects-normal/arm64/BridgetTests_const_extract_protocols.json -Xcc -iquote -Xcc /Users/peterjemley/Library/Developer/Xcode/DerivedData/Bridget-gkvcitazgmfijfdltabiivkbdpkr/Build/Intermediates.noindex/Bridget.build/Debug-iphonesimulator/BridgetTests.build/BridgetTests-generated-files.hmap -Xcc -I/Users/peterjemley/Library/Developer/Xcode/DerivedData/Bridget-gkvcitazgmfijfdltabiivkbdpkr/Build/Intermediates.noindex/Bridget.build/Debug-iphonesimulator/BridgetTests.build/BridgetTests-own-target-headers.hmap -Xcc -I/Users/peterjemley/Library/Developer/Xcode/DerivedData/Bridget-gkvcitazgmfijfdltabiivkbdpkr/Build/Intermediates.noindex/Bridget.build/Debug-iphonesimulator/BridgetTests.build/BridgetTests-all-non-framework-target-headers.hmap -Xcc -ivfsoverlay -Xcc /Users/peterjemley/Library/Developer/Xcode/DerivedData/Bridget-gkvcitazgmfijfdltabiivkbdpkr/Build/Intermediates.noindex/Bridget.build/Debug-iphonesimulator/Bridget-8db4b7ce324d0ccb8b542e85f60fec93-VFS-iphonesimulator/all-product-headers.yaml -Xcc -iquote -Xcc /Users/peterjemley/Library/Developer/Xcode/DerivedData/Bridget-gkvcitazgmfijfdltabiivkbdpkr/Build/Intermediates.noindex/Bridget.build/Debug-iphonesimulator/BridgetTests.build/BridgetTests-project-headers.hmap -Xcc -I/Users/peterjemley/Library/Developer/Xcode/DerivedData/Bridget-gkvcitazgmfijfdltabiivkbdpkr/Build/Products/Debug-iphonesimulator/include -Xcc -I/Users/peterjemley/Library/Developer/Xcode/DerivedData/Bridget-gkvcitazgmfijfdltabiivkbdpkr/Build/Intermediates.noindex/Bridget.build/Debug-iphonesimulator/BridgetTests.build/DerivedSources-normal/arm64 -Xcc -I/Users/peterjemley/Library/Developer/Xcode/DerivedData/Bridget-gkvcitazgmfijfdltabiivkbdpkr/Build/Intermediates.noindex/Bridget.build/Debug-iphonesimulator/BridgetTests.build/DerivedSources/arm64 -Xcc -I/Users/peterjemley/Library/Developer/Xcode/DerivedData/Bridget-gkvcitazgmfijfdltabiivkbdpkr/Build/Intermediates.noindex/Bridget.build/Debug-iphonesimulator/BridgetTests.build/DerivedSources -Xcc -DDEBUG\=1 -emit-objc-header -emit-objc-header-path /Users/peterjemley/Library/Developer/Xcode/DerivedData/Bridget-gkvcitazgmfijfdltabiivkbdpkr/Build/Intermediates.noindex/Bridget.build/Debug-iphonesimulator/BridgetTests.build/Objects-normal/arm64/BridgetTests-Swift.h -working-directory /Users/peterjemley/Documents/Developer/Bridget/Bridget -experimental-emit-module-separately -disable-cmo

ProcessProductPackagingDER /Users/peterjemley/Library/Developer/Xcode/DerivedData/Bridget-gkvcitazgmfijfdltabiivkbdpkr/Build/Intermediates.noindex/Bridget.build/Debug-iphonesimulator/BridgetUITests.build/BridgetUITests.xctest-Simulated.xcent /Users/peterjemley/Library/Developer/Xcode/DerivedData/Bridget-gkvcitazgmfijfdltabiivkbdpkr/Build/Intermediates.noindex/Bridget.build/Debug-iphonesimulator/BridgetUITests.build/BridgetUITests.xctest-Simulated.xcent.der (in target 'BridgetUITests' from project 'Bridget')
    cd /Users/peterjemley/Documents/Developer/Bridget/Bridget
    /usr/bin/derq query -f xml -i /Users/peterjemley/Library/Developer/Xcode/DerivedData/Bridget-gkvcitazgmfijfdltabiivkbdpkr/Build/Intermediates.noindex/Bridget.build/Debug-iphonesimulator/BridgetUITests.build/BridgetUITests.xctest-Simulated.xcent -o /Users/peterjemley/Library/Developer/Xcode/DerivedData/Bridget-gkvcitazgmfijfdltabiivkbdpkr/Build/Intermediates.noindex/Bridget.build/Debug-iphonesimulator/BridgetUITests.build/BridgetUITests.xctest-Simulated.xcent.der --raw

SwiftDriver BridgetUITests normal arm64 com.apple.xcode.tools.swift.compiler (in target 'BridgetUITests' from project 'Bridget')
    cd /Users/peterjemley/Documents/Developer/Bridget/Bridget
    builtin-SwiftDriver -- /Applications/Xcode.app/Contents/Developer/Toolchains/XcodeDefault.xctoolchain/usr/bin/swiftc -module-name BridgetUITests -Onone -enforce-exclusivity\=checked @/Users/peterjemley/Library/Developer/Xcode/DerivedData/Bridget-gkvcitazgmfijfdltabiivkbdpkr/Build/Intermediates.noindex/Bridget.build/Debug-iphonesimulator/BridgetUITests.build/Objects-normal/arm64/BridgetUITests.SwiftFileList -DDEBUG -module-alias Testing\=_Testing_Unavailable -plugin-path /Applications/Xcode.app/Contents/Developer/Toolchains/XcodeDefault.xctoolchain/usr/lib/swift/host/plugins/testing -enable-bare-slash-regex -enable-experimental-feature DebugDescriptionMacro -sdk /Applications/Xcode.app/Contents/Developer/Platforms/iPhoneSimulator.platform/Developer/SDKs/iPhoneSimulator18.5.sdk -target arm64-apple-ios18.5-simulator -g -module-cache-path /Users/peterjemley/Library/Developer/Xcode/DerivedData/ModuleCache.noindex -Xfrontend -serialize-debugging-options -profile-coverage-mapping -profile-generate -enable-testing -index-store-path /Users/peterjemley/Library/Developer/Xcode/DerivedData/Bridget-gkvcitazgmfijfdltabiivkbdpkr/Index.noindex/DataStore -swift-version 5 -I /Users/peterjemley/Library/Developer/Xcode/DerivedData/Bridget-gkvcitazgmfijfdltabiivkbdpkr/Build/Products/Debug-iphonesimulator -I /Applications/Xcode.app/Contents/Developer/Platforms/iPhoneSimulator.platform/Developer/usr/lib -F /Users/peterjemley/Library/Developer/Xcode/DerivedData/Bridget-gkvcitazgmfijfdltabiivkbdpkr/Build/Products/Debug-iphonesimulator/PackageFrameworks -F /Users/peterjemley/Library/Developer/Xcode/DerivedData/Bridget-gkvcitazgmfijfdltabiivkbdpkr/Build/Products/Debug-iphonesimulator -F /Applications/Xcode.app/Contents/Developer/Platforms/iPhoneSimulator.platform/Developer/Library/Frameworks -F /Applications/Xcode.app/Contents/Developer/Platforms/iPhoneSimulator.platform/Developer/SDKs/iPhoneSimulator18.5.sdk/Developer/Library/Frameworks -c -j16 -enable-batch-mode -incremental -Xcc -ivfsstatcache -Xcc /Users/peterjemley/Library/Developer/Xcode/DerivedData/SDKStatCaches.noindex/iphonesimulator18.5-22F76-d5fc8ad4295d2ef488fb7d0f804ce0c4.sdkstatcache -output-file-map /Users/peterjemley/Library/Developer/Xcode/DerivedData/Bridget-gkvcitazgmfijfdltabiivkbdpkr/Build/Intermediates.noindex/Bridget.build/Debug-iphonesimulator/BridgetUITests.build/Objects-normal/arm64/BridgetUITests-OutputFileMap.json -use-frontend-parseable-output -save-temps -no-color-diagnostics -serialize-diagnostics -emit-dependencies -emit-module -emit-module-path /Users/peterjemley/Library/Developer/Xcode/DerivedData/Bridget-gkvcitazgmfijfdltabiivkbdpkr/Build/Intermediates.noindex/Bridget.build/Debug-iphonesimulator/BridgetUITests.build/Objects-normal/arm64/BridgetUITests.swiftmodule -validate-clang-modules-once -clang-build-session-file /Users/peterjemley/Library/Developer/Xcode/DerivedData/ModuleCache.noindex/Session.modulevalidation -Xcc -I/Users/peterjemley/Library/Developer/Xcode/DerivedData/Bridget-gkvcitazgmfijfdltabiivkbdpkr/Build/Intermediates.noindex/Bridget.build/Debug-iphonesimulator/BridgetUITests.build/swift-overrides.hmap -emit-const-values -Xfrontend -const-gather-protocols-file -Xfrontend /Users/peterjemley/Library/Developer/Xcode/DerivedData/Bridget-gkvcitazgmfijfdltabiivkbdpkr/Build/Intermediates.noindex/Bridget.build/Debug-iphonesimulator/BridgetUITests.build/Objects-normal/arm64/BridgetUITests_const_extract_protocols.json -Xcc -iquote -Xcc /Users/peterjemley/Library/Developer/Xcode/DerivedData/Bridget-gkvcitazgmfijfdltabiivkbdpkr/Build/Intermediates.noindex/Bridget.build/Debug-iphonesimulator/BridgetUITests.build/BridgetUITests-generated-files.hmap -Xcc -I/Users/peterjemley/Library/Developer/Xcode/DerivedData/Bridget-gkvcitazgmfijfdltabiivkbdpkr/Build/Intermediates.noindex/Bridget.build/Debug-iphonesimulator/BridgetUITests.build/BridgetUITests-own-target-headers.hmap -Xcc -I/Users/peterjemley/Library/Developer/Xcode/DerivedData/Bridget-gkvcitazgmfijfdltabiivkbdpkr/Build/Intermediates.noindex/Bridget.build/Debug-iphonesimulator/BridgetUITests.build/BridgetUITests-all-non-framework-target-headers.hmap -Xcc -ivfsoverlay -Xcc /Users/peterjemley/Library/Developer/Xcode/DerivedData/Bridget-gkvcitazgmfijfdltabiivkbdpkr/Build/Intermediates.noindex/Bridget.build/Debug-iphonesimulator/Bridget-8db4b7ce324d0ccb8b542e85f60fec93-VFS-iphonesimulator/all-product-headers.yaml -Xcc -iquote -Xcc /Users/peterjemley/Library/Developer/Xcode/DerivedData/Bridget-gkvcitazgmfijfdltabiivkbdpkr/Build/Intermediates.noindex/Bridget.build/Debug-iphonesimulator/BridgetUITests.build/BridgetUITests-project-headers.hmap -Xcc -I/Users/peterjemley/Library/Developer/Xcode/DerivedData/Bridget-gkvcitazgmfijfdltabiivkbdpkr/Build/Products/Debug-iphonesimulator/include -Xcc -I/Users/peterjemley/Library/Developer/Xcode/DerivedData/Bridget-gkvcitazgmfijfdltabiivkbdpkr/Build/Intermediates.noindex/Bridget.build/Debug-iphonesimulator/BridgetUITests.build/DerivedSources-normal/arm64 -Xcc -I/Users/peterjemley/Library/Developer/Xcode/DerivedData/Bridget-gkvcitazgmfijfdltabiivkbdpkr/Build/Intermediates.noindex/Bridget.build/Debug-iphonesimulator/BridgetUITests.build/DerivedSources/arm64 -Xcc -I/Users/peterjemley/Library/Developer/Xcode/DerivedData/Bridget-gkvcitazgmfijfdltabiivkbdpkr/Build/Intermediates.noindex/Bridget.build/Debug-iphonesimulator/BridgetUITests.build/DerivedSources -Xcc -DDEBUG\=1 -emit-objc-header -emit-objc-header-path /Users/peterjemley/Library/Developer/Xcode/DerivedData/Bridget-gkvcitazgmfijfdltabiivkbdpkr/Build/Intermediates.noindex/Bridget.build/Debug-iphonesimulator/BridgetUITests.build/Objects-normal/arm64/BridgetUITests-Swift.h -working-directory /Users/peterjemley/Documents/Developer/Bridget/Bridget -experimental-emit-module-separately -disable-cmo

SwiftEmitModule normal arm64 Emitting\ module\ for\ BridgetTests (in target 'BridgetTests' from project 'Bridget')

EmitSwiftModule normal arm64 (in target 'BridgetTests' from project 'Bridget')
    cd /Users/peterjemley/Documents/Developer/Bridget/Bridget
    

SwiftCompile normal arm64 Compiling\ ComprehensiveUITests.swift /Users/peterjemley/Documents/Developer/Bridget/Bridget/BridgetUITests/ComprehensiveUITests.swift (in target 'BridgetUITests' from project 'Bridget')

SwiftCompile normal arm64 /Users/peterjemley/Documents/Developer/Bridget/Bridget/BridgetUITests/ComprehensiveUITests.swift (in target 'BridgetUITests' from project 'Bridget')
    cd /Users/peterjemley/Documents/Developer/Bridget/Bridget
    
/Users/peterjemley/Documents/Developer/Bridget/Bridget/BridgetUITests/ComprehensiveUITests.swift:519:13: warning: initialization of immutable value 'emptyContext' was never used; consider replacing with assignment to '_' or removing it
        let emptyContext = ModelContext(container)
        ~~~~^~~~~~~~~~~~
        _

SwiftCompile normal arm64 Compiling\ BridgetUITestsLaunchTests.swift /Users/peterjemley/Documents/Developer/Bridget/Bridget/BridgetUITests/BridgetUITestsLaunchTests.swift (in target 'BridgetUITests' from project 'Bridget')

SwiftCompile normal arm64 /Users/peterjemley/Documents/Developer/Bridget/Bridget/BridgetUITests/BridgetUITestsLaunchTests.swift (in target 'BridgetUITests' from project 'Bridget')
    cd /Users/peterjemley/Documents/Developer/Bridget/Bridget
    

SwiftCompile normal arm64 Compiling\ ComprehensiveUITests.swift /Users/peterjemley/Documents/Developer/Bridget/Bridget/BridgetTests/ComprehensiveUITests.swift (in target 'BridgetTests' from project 'Bridget')

SwiftCompile normal arm64 /Users/peterjemley/Documents/Developer/Bridget/Bridget/BridgetTests/ComprehensiveUITests.swift (in target 'BridgetTests' from project 'Bridget')
    cd /Users/peterjemley/Documents/Developer/Bridget/Bridget
    
/Users/peterjemley/Documents/Developer/Bridget/Bridget/BridgetTests/ComprehensiveUITests.swift:111:27: warning: expression is 'async' but is not marked with 'await'; this is an error in the Swift 6 language mode
        let contentView = ContentViewModular()
                          ^~~~~~~~~~~~~~~~~~~~
                          await 
/Users/peterjemley/Documents/Developer/Bridget/Bridget/BridgetTests/ComprehensiveUITests.swift:111:27: note: calls to initializer 'init()' from outside of its actor context are implicitly asynchronous
        let contentView = ContentViewModular()
                          ^
/Users/peterjemley/Documents/Developer/Bridget/Bridget/BridgetTests/ComprehensiveUITests.swift:132:13: warning: initialization of immutable value 'optimalConfig' was never used; consider replacing with assignment to '_' or removing it
        let optimalConfig = NeuralEngineManager.getOptimalConfig()
        ~~~~^~~~~~~~~~~~~
        _
/Users/peterjemley/Documents/Developer/Bridget/Bridget/BridgetTests/ComprehensiveUITests.swift:149:13: warning: initialization of immutable value 'currentlyOpen' was never used; consider replacing with assignment to '_' or removing it
        let currentlyOpen = testEvents.filter { $0.isCurrentlyOpen }.count
        ~~~~^~~~~~~~~~~~~
        _
/Users/peterjemley/Documents/Developer/Bridget/Bridget/BridgetTests/ComprehensiveUITests.swift:289:17: warning: initialization of immutable value 'bridgeEvents' was never used; consider replacing with assignment to '_' or removing it
            let bridgeEvents = testEvents.filter { $0.entityID == bridgeInfo.entityID }
            ~~~~^~~~~~~~~~~~
            _
/Users/peterjemley/Documents/Developer/Bridget/Bridget/BridgetTests/ComprehensiveUITests.swift:443:15: warning: 'catch' block is unreachable because no errors are thrown in 'do' block
            } catch {
              ^

SwiftCompile normal arm64 Compiling\ BridgetTests.swift /Users/peterjemley/Documents/Developer/Bridget/Bridget/BridgetTests/BridgetTests.swift (in target 'BridgetTests' from project 'Bridget')

SwiftCompile normal arm64 /Users/peterjemley/Documents/Developer/Bridget/Bridget/BridgetTests/BridgetTests.swift (in target 'BridgetTests' from project 'Bridget')
    cd /Users/peterjemley/Documents/Developer/Bridget/Bridget
    
/Users/peterjemley/Documents/Developer/Bridget/Bridget/BridgetTests/BridgetTests.swift:68:29: warning: comparing non-optional value of type 'ContentViewModular' to 'nil' always returns true
        #expect(contentView != nil)
                ~~~~~~~~~~~ ^  ~~~
/Users/peterjemley/Documents/Developer/Bridget/Bridget/BridgetTests/BridgetTests.swift:95:34: warning: comparing non-optional value of type 'BridgeDetailView' to 'nil' always returns true
        #expect(bridgeDetailView != nil)
                ~~~~~~~~~~~~~~~~ ^  ~~~
/Users/peterjemley/Documents/Developer/Bridget/Bridget/BridgetTests/BridgetTests.swift:120:17: warning: immutable value 'i' was never used; consider replacing with '_' or removing it
            for i in 0..<5 {
                ^
                _

SwiftEmitModule normal arm64 Emitting\ module\ for\ BridgetUITests (in target 'BridgetUITests' from project 'Bridget')

EmitSwiftModule normal arm64 (in target 'BridgetUITests' from project 'Bridget')
    cd /Users/peterjemley/Documents/Developer/Bridget/Bridget
    

SwiftCompile normal arm64 Compiling\ DynamicAnalysisTests.swift /Users/peterjemley/Documents/Developer/Bridget/Bridget/BridgetTests/DynamicAnalysisTests.swift (in target 'BridgetTests' from project 'Bridget')

SwiftCompile normal arm64 /Users/peterjemley/Documents/Developer/Bridget/Bridget/BridgetTests/DynamicAnalysisTests.swift (in target 'BridgetTests' from project 'Bridget')
    cd /Users/peterjemley/Documents/Developer/Bridget/Bridget
    

SwiftCompile normal arm64 Compiling\ BridgetUITests.swift /Users/peterjemley/Documents/Developer/Bridget/Bridget/BridgetUITests/BridgetUITests.swift (in target 'BridgetUITests' from project 'Bridget')

SwiftCompile normal arm64 /Users/peterjemley/Documents/Developer/Bridget/Bridget/BridgetUITests/BridgetUITests.swift (in target 'BridgetUITests' from project 'Bridget')
    cd /Users/peterjemley/Documents/Developer/Bridget/Bridget
    

SwiftCompile normal arm64 Compiling\ BridgeDetailTests.swift /Users/peterjemley/Documents/Developer/Bridget/Bridget/BridgetTests/BridgeDetailTests.swift (in target 'BridgetTests' from project 'Bridget')

SwiftCompile normal arm64 /Users/peterjemley/Documents/Developer/Bridget/Bridget/BridgetTests/BridgeDetailTests.swift (in target 'BridgetTests' from project 'Bridget')
    cd /Users/peterjemley/Documents/Developer/Bridget/Bridget
    

GenerateTAPI /Users/peterjemley/Library/Developer/Xcode/DerivedData/Bridget-gkvcitazgmfijfdltabiivkbdpkr/Build/Intermediates.noindex/EagerLinkingTBDs/Debug-iphonesimulator/BridgetCore_-7DB2DB52135F4AB_PackageProduct.framework/BridgetCore_-7DB2DB52135F4AB_PackageProduct.tbd (in target 'BridgetCore' from project 'BridgetCore')
    cd /Users/peterjemley/Documents/Developer/Bridget/Bridget/Packages/BridgetCore
    /Applications/Xcode.app/Contents/Developer/Toolchains/XcodeDefault.xctoolchain/usr/bin/tapi stubify -isysroot /Applications/Xcode.app/Contents/Developer/Platforms/iPhoneSimulator.platform/Developer/SDKs/iPhoneSimulator18.5.sdk -F/Users/peterjemley/Library/Developer/Xcode/DerivedData/Bridget-gkvcitazgmfijfdltabiivkbdpkr/Build/Products/Debug-iphonesimulator/PackageFrameworks -F/Users/peterjemley/Library/Developer/Xcode/DerivedData/Bridget-gkvcitazgmfijfdltabiivkbdpkr/Build/Products/Debug-iphonesimulator -iframework /Applications/Xcode.app/Contents/Developer/Platforms/iPhoneSimulator.platform/Developer/Library/Frameworks -iframework /Applications/Xcode.app/Contents/Developer/Platforms/iPhoneSimulator.platform/Developer/SDKs/iPhoneSimulator18.5.sdk/Developer/Library/Frameworks -L/Users/peterjemley/Library/Developer/Xcode/DerivedData/Bridget-gkvcitazgmfijfdltabiivkbdpkr/Build/Products/Debug-iphonesimulator -L/Applications/Xcode.app/Contents/Developer/Platforms/iPhoneSimulator.platform/Developer/usr/lib /Users/peterjemley/Library/Developer/Xcode/DerivedData/Bridget-gkvcitazgmfijfdltabiivkbdpkr/Build/Products/Debug-iphonesimulator/PackageFrameworks/BridgetCore_-7DB2DB52135F4AB_PackageProduct.framework/BridgetCore_-7DB2DB52135F4AB_PackageProduct -o /Users/peterjemley/Library/Developer/Xcode/DerivedData/Bridget-gkvcitazgmfijfdltabiivkbdpkr/Build/Intermediates.noindex/EagerLinkingTBDs/Debug-iphonesimulator/BridgetCore_-7DB2DB52135F4AB_PackageProduct.framework/BridgetCore_-7DB2DB52135F4AB_PackageProduct.tbd

RegisterExecutionPolicyException /Users/peterjemley/Library/Developer/Xcode/DerivedData/Bridget-gkvcitazgmfijfdltabiivkbdpkr/Build/Products/Debug-iphonesimulator/PackageFrameworks/BridgetCore_-7DB2DB52135F4AB_PackageProduct.framework (in target 'BridgetCore' from project 'BridgetCore')
    cd /Users/peterjemley/Documents/Developer/Bridget/Bridget/Packages/BridgetCore
    builtin-RegisterExecutionPolicyException /Users/peterjemley/Library/Developer/Xcode/DerivedData/Bridget-gkvcitazgmfijfdltabiivkbdpkr/Build/Products/Debug-iphonesimulator/PackageFrameworks/BridgetCore_-7DB2DB52135F4AB_PackageProduct.framework

Touch /Users/peterjemley/Library/Developer/Xcode/DerivedData/Bridget-gkvcitazgmfijfdltabiivkbdpkr/Build/Products/Debug-iphonesimulator/PackageFrameworks/BridgetCore_-7DB2DB52135F4AB_PackageProduct.framework (in target 'BridgetCore' from project 'BridgetCore')
    cd /Users/peterjemley/Documents/Developer/Bridget/Bridget/Packages/BridgetCore
    /usr/bin/touch -c /Users/peterjemley/Library/Developer/Xcode/DerivedData/Bridget-gkvcitazgmfijfdltabiivkbdpkr/Build/Products/Debug-iphonesimulator/PackageFrameworks/BridgetCore_-7DB2DB52135F4AB_PackageProduct.framework

WriteAuxiliaryFile /Users/peterjemley/Library/Developer/Xcode/DerivedData/Bridget-gkvcitazgmfijfdltabiivkbdpkr/Build/Intermediates.noindex/BridgetNetworking.build/Debug-iphonesimulator/BridgetNetworking.build/BridgetNetworking.DependencyMetadataFileList (in target 'BridgetNetworking' from project 'BridgetNetworking')
    cd /Users/peterjemley/Documents/Developer/Bridget/Bridget/Packages/BridgetNetworking
    write-file /Users/peterjemley/Library/Developer/Xcode/DerivedData/Bridget-gkvcitazgmfijfdltabiivkbdpkr/Build/Intermediates.noindex/BridgetNetworking.build/Debug-iphonesimulator/BridgetNetworking.build/BridgetNetworking.DependencyMetadataFileList

WriteAuxiliaryFile /Users/peterjemley/Library/Developer/Xcode/DerivedData/Bridget-gkvcitazgmfijfdltabiivkbdpkr/Build/Intermediates.noindex/BridgetSharedUI.build/Debug-iphonesimulator/BridgetSharedUI.build/BridgetSharedUI.DependencyMetadataFileList (in target 'BridgetSharedUI' from project 'BridgetSharedUI')
    cd /Users/peterjemley/Documents/Developer/Bridget/Bridget/Packages/BridgetSharedUI
    write-file /Users/peterjemley/Library/Developer/Xcode/DerivedData/Bridget-gkvcitazgmfijfdltabiivkbdpkr/Build/Intermediates.noindex/BridgetSharedUI.build/Debug-iphonesimulator/BridgetSharedUI.build/BridgetSharedUI.DependencyMetadataFileList

ExtractAppIntentsMetadata (in target 'BridgetSharedUI' from project 'BridgetSharedUI')
    cd /Users/peterjemley/Documents/Developer/Bridget/Bridget/Packages/BridgetSharedUI
    /Applications/Xcode.app/Contents/Developer/Toolchains/XcodeDefault.xctoolchain/usr/bin/appintentsmetadataprocessor --toolchain-dir /Applications/Xcode.app/Contents/Developer/Toolchains/XcodeDefault.xctoolchain --module-name BridgetSharedUI --sdk-root /Applications/Xcode.app/Contents/Developer/Platforms/iPhoneSimulator.platform/Developer/SDKs/iPhoneSimulator18.5.sdk --xcode-version 16F6 --platform-family iOS --deployment-target 17.0 --bundle-identifier bridgetsharedui.BridgetSharedUI --output /Users/peterjemley/Library/Developer/Xcode/DerivedData/Bridget-gkvcitazgmfijfdltabiivkbdpkr/Build/Products/Debug-iphonesimulator/BridgetSharedUI.appintents --target-triple arm64-apple-ios17.0-simulator --binary-file /Users/peterjemley/Library/Developer/Xcode/DerivedData/Bridget-gkvcitazgmfijfdltabiivkbdpkr/Build/Products/Debug-iphonesimulator/BridgetSharedUI.o --dependency-file /Users/peterjemley/Library/Developer/Xcode/DerivedData/Bridget-gkvcitazgmfijfdltabiivkbdpkr/Build/Intermediates.noindex/BridgetSharedUI.build/Debug-iphonesimulator/BridgetSharedUI.build/Objects-normal/arm64/BridgetSharedUI_dependency_info.dat --stringsdata-file /Users/peterjemley/Library/Developer/Xcode/DerivedData/Bridget-gkvcitazgmfijfdltabiivkbdpkr/Build/Intermediates.noindex/BridgetSharedUI.build/Debug-iphonesimulator/BridgetSharedUI.build/Objects-normal/arm64/ExtractedAppShortcutsMetadata.stringsdata --source-file-list /Users/peterjemley/Library/Developer/Xcode/DerivedData/Bridget-gkvcitazgmfijfdltabiivkbdpkr/Build/Intermediates.noindex/BridgetSharedUI.build/Debug-iphonesimulator/BridgetSharedUI.build/Objects-normal/arm64/BridgetSharedUI.SwiftFileList --metadata-file-list /Users/peterjemley/Library/Developer/Xcode/DerivedData/Bridget-gkvcitazgmfijfdltabiivkbdpkr/Build/Intermediates.noindex/BridgetSharedUI.build/Debug-iphonesimulator/BridgetSharedUI.build/BridgetSharedUI.DependencyMetadataFileList --static-metadata-file-list /Users/peterjemley/Library/Developer/Xcode/DerivedData/Bridget-gkvcitazgmfijfdltabiivkbdpkr/Build/Intermediates.noindex/BridgetSharedUI.build/Debug-iphonesimulator/BridgetSharedUI.build/BridgetSharedUI.DependencyStaticMetadataFileList --swift-const-vals-list /Users/peterjemley/Library/Developer/Xcode/DerivedData/Bridget-gkvcitazgmfijfdltabiivkbdpkr/Build/Intermediates.noindex/BridgetSharedUI.build/Debug-iphonesimulator/BridgetSharedUI.build/Objects-normal/arm64/BridgetSharedUI.SwiftConstValuesFileList --force --compile-time-extraction --deployment-aware-processing --validate-assistant-intents --no-app-shortcuts-localization
2025-07-10 08:50:51.806 appintentsmetadataprocessor[78856:1491861] Starting appintentsmetadataprocessor export
2025-07-10 08:50:51.834 appintentsmetadataprocessor[78856:1491861] Extracted no relevant App Intents symbols, skipping writing output

ExtractAppIntentsMetadata (in target 'BridgetNetworking' from project 'BridgetNetworking')
    cd /Users/peterjemley/Documents/Developer/Bridget/Bridget/Packages/BridgetNetworking
    /Applications/Xcode.app/Contents/Developer/Toolchains/XcodeDefault.xctoolchain/usr/bin/appintentsmetadataprocessor --toolchain-dir /Applications/Xcode.app/Contents/Developer/Toolchains/XcodeDefault.xctoolchain --module-name BridgetNetworking --sdk-root /Applications/Xcode.app/Contents/Developer/Platforms/iPhoneSimulator.platform/Developer/SDKs/iPhoneSimulator18.5.sdk --xcode-version 16F6 --platform-family iOS --deployment-target 17.0 --bundle-identifier bridgetnetworking.BridgetNetworking --output /Users/peterjemley/Library/Developer/Xcode/DerivedData/Bridget-gkvcitazgmfijfdltabiivkbdpkr/Build/Products/Debug-iphonesimulator/BridgetNetworking.appintents --target-triple arm64-apple-ios17.0-simulator --binary-file /Users/peterjemley/Library/Developer/Xcode/DerivedData/Bridget-gkvcitazgmfijfdltabiivkbdpkr/Build/Products/Debug-iphonesimulator/BridgetNetworking.o --dependency-file /Users/peterjemley/Library/Developer/Xcode/DerivedData/Bridget-gkvcitazgmfijfdltabiivkbdpkr/Build/Intermediates.noindex/BridgetNetworking.build/Debug-iphonesimulator/BridgetNetworking.build/Objects-normal/arm64/BridgetNetworking_dependency_info.dat --stringsdata-file /Users/peterjemley/Library/Developer/Xcode/DerivedData/Bridget-gkvcitazgmfijfdltabiivkbdpkr/Build/Intermediates.noindex/BridgetNetworking.build/Debug-iphonesimulator/BridgetNetworking.build/Objects-normal/arm64/ExtractedAppShortcutsMetadata.stringsdata --source-file-list /Users/peterjemley/Library/Developer/Xcode/DerivedData/Bridget-gkvcitazgmfijfdltabiivkbdpkr/Build/Intermediates.noindex/BridgetNetworking.build/Debug-iphonesimulator/BridgetNetworking.build/Objects-normal/arm64/BridgetNetworking.SwiftFileList --metadata-file-list /Users/peterjemley/Library/Developer/Xcode/DerivedData/Bridget-gkvcitazgmfijfdltabiivkbdpkr/Build/Intermediates.noindex/BridgetNetworking.build/Debug-iphonesimulator/BridgetNetworking.build/BridgetNetworking.DependencyMetadataFileList --static-metadata-file-list /Users/peterjemley/Library/Developer/Xcode/DerivedData/Bridget-gkvcitazgmfijfdltabiivkbdpkr/Build/Intermediates.noindex/BridgetNetworking.build/Debug-iphonesimulator/BridgetNetworking.build/BridgetNetworking.DependencyStaticMetadataFileList --swift-const-vals-list /Users/peterjemley/Library/Developer/Xcode/DerivedData/Bridget-gkvcitazgmfijfdltabiivkbdpkr/Build/Intermediates.noindex/BridgetNetworking.build/Debug-iphonesimulator/BridgetNetworking.build/Objects-normal/arm64/BridgetNetworking.SwiftConstValuesFileList --force --compile-time-extraction --deployment-aware-processing --validate-assistant-intents --no-app-shortcuts-localization
2025-07-10 08:50:51.806 appintentsmetadataprocessor[78857:1491862] Starting appintentsmetadataprocessor export
2025-07-10 08:50:51.833 appintentsmetadataprocessor[78857:1491862] Extracted no relevant App Intents symbols, skipping writing output

SwiftDriverJobDiscovery normal arm64 Emitting module for BridgetUITests (in target 'BridgetUITests' from project 'Bridget')

SwiftDriver\ Compilation\ Requirements BridgetUITests normal arm64 com.apple.xcode.tools.swift.compiler (in target 'BridgetUITests' from project 'Bridget')
    cd /Users/peterjemley/Documents/Developer/Bridget/Bridget
    builtin-Swift-Compilation-Requirements -- /Applications/Xcode.app/Contents/Developer/Toolchains/XcodeDefault.xctoolchain/usr/bin/swiftc -module-name BridgetUITests -Onone -enforce-exclusivity\=checked @/Users/peterjemley/Library/Developer/Xcode/DerivedData/Bridget-gkvcitazgmfijfdltabiivkbdpkr/Build/Intermediates.noindex/Bridget.build/Debug-iphonesimulator/BridgetUITests.build/Objects-normal/arm64/BridgetUITests.SwiftFileList -DDEBUG -module-alias Testing\=_Testing_Unavailable -plugin-path /Applications/Xcode.app/Contents/Developer/Toolchains/XcodeDefault.xctoolchain/usr/lib/swift/host/plugins/testing -enable-bare-slash-regex -enable-experimental-feature DebugDescriptionMacro -sdk /Applications/Xcode.app/Contents/Developer/Platforms/iPhoneSimulator.platform/Developer/SDKs/iPhoneSimulator18.5.sdk -target arm64-apple-ios18.5-simulator -g -module-cache-path /Users/peterjemley/Library/Developer/Xcode/DerivedData/ModuleCache.noindex -Xfrontend -serialize-debugging-options -profile-coverage-mapping -profile-generate -enable-testing -index-store-path /Users/peterjemley/Library/Developer/Xcode/DerivedData/Bridget-gkvcitazgmfijfdltabiivkbdpkr/Index.noindex/DataStore -swift-version 5 -I /Users/peterjemley/Library/Developer/Xcode/DerivedData/Bridget-gkvcitazgmfijfdltabiivkbdpkr/Build/Products/Debug-iphonesimulator -I /Applications/Xcode.app/Contents/Developer/Platforms/iPhoneSimulator.platform/Developer/usr/lib -F /Users/peterjemley/Library/Developer/Xcode/DerivedData/Bridget-gkvcitazgmfijfdltabiivkbdpkr/Build/Products/Debug-iphonesimulator/PackageFrameworks -F /Users/peterjemley/Library/Developer/Xcode/DerivedData/Bridget-gkvcitazgmfijfdltabiivkbdpkr/Build/Products/Debug-iphonesimulator -F /Applications/Xcode.app/Contents/Developer/Platforms/iPhoneSimulator.platform/Developer/Library/Frameworks -F /Applications/Xcode.app/Contents/Developer/Platforms/iPhoneSimulator.platform/Developer/SDKs/iPhoneSimulator18.5.sdk/Developer/Library/Frameworks -c -j16 -enable-batch-mode -incremental -Xcc -ivfsstatcache -Xcc /Users/peterjemley/Library/Developer/Xcode/DerivedData/SDKStatCaches.noindex/iphonesimulator18.5-22F76-d5fc8ad4295d2ef488fb7d0f804ce0c4.sdkstatcache -output-file-map /Users/peterjemley/Library/Developer/Xcode/DerivedData/Bridget-gkvcitazgmfijfdltabiivkbdpkr/Build/Intermediates.noindex/Bridget.build/Debug-iphonesimulator/BridgetUITests.build/Objects-normal/arm64/BridgetUITests-OutputFileMap.json -use-frontend-parseable-output -save-temps -no-color-diagnostics -serialize-diagnostics -emit-dependencies -emit-module -emit-module-path /Users/peterjemley/Library/Developer/Xcode/DerivedData/Bridget-gkvcitazgmfijfdltabiivkbdpkr/Build/Intermediates.noindex/Bridget.build/Debug-iphonesimulator/BridgetUITests.build/Objects-normal/arm64/BridgetUITests.swiftmodule -validate-clang-modules-once -clang-build-session-file /Users/peterjemley/Library/Developer/Xcode/DerivedData/ModuleCache.noindex/Session.modulevalidation -Xcc -I/Users/peterjemley/Library/Developer/Xcode/DerivedData/Bridget-gkvcitazgmfijfdltabiivkbdpkr/Build/Intermediates.noindex/Bridget.build/Debug-iphonesimulator/BridgetUITests.build/swift-overrides.hmap -emit-const-values -Xfrontend -const-gather-protocols-file -Xfrontend /Users/peterjemley/Library/Developer/Xcode/DerivedData/Bridget-gkvcitazgmfijfdltabiivkbdpkr/Build/Intermediates.noindex/Bridget.build/Debug-iphonesimulator/BridgetUITests.build/Objects-normal/arm64/BridgetUITests_const_extract_protocols.json -Xcc -iquote -Xcc /Users/peterjemley/Library/Developer/Xcode/DerivedData/Bridget-gkvcitazgmfijfdltabiivkbdpkr/Build/Intermediates.noindex/Bridget.build/Debug-iphonesimulator/BridgetUITests.build/BridgetUITests-generated-files.hmap -Xcc -I/Users/peterjemley/Library/Developer/Xcode/DerivedData/Bridget-gkvcitazgmfijfdltabiivkbdpkr/Build/Intermediates.noindex/Bridget.build/Debug-iphonesimulator/BridgetUITests.build/BridgetUITests-own-target-headers.hmap -Xcc -I/Users/peterjemley/Library/Developer/Xcode/DerivedData/Bridget-gkvcitazgmfijfdltabiivkbdpkr/Build/Intermediates.noindex/Bridget.build/Debug-iphonesimulator/BridgetUITests.build/BridgetUITests-all-non-framework-target-headers.hmap -Xcc -ivfsoverlay -Xcc /Users/peterjemley/Library/Developer/Xcode/DerivedData/Bridget-gkvcitazgmfijfdltabiivkbdpkr/Build/Intermediates.noindex/Bridget.build/Debug-iphonesimulator/Bridget-8db4b7ce324d0ccb8b542e85f60fec93-VFS-iphonesimulator/all-product-headers.yaml -Xcc -iquote -Xcc /Users/peterjemley/Library/Developer/Xcode/DerivedData/Bridget-gkvcitazgmfijfdltabiivkbdpkr/Build/Intermediates.noindex/Bridget.build/Debug-iphonesimulator/BridgetUITests.build/BridgetUITests-project-headers.hmap -Xcc -I/Users/peterjemley/Library/Developer/Xcode/DerivedData/Bridget-gkvcitazgmfijfdltabiivkbdpkr/Build/Products/Debug-iphonesimulator/include -Xcc -I/Users/peterjemley/Library/Developer/Xcode/DerivedData/Bridget-gkvcitazgmfijfdltabiivkbdpkr/Build/Intermediates.noindex/Bridget.build/Debug-iphonesimulator/BridgetUITests.build/DerivedSources-normal/arm64 -Xcc -I/Users/peterjemley/Library/Developer/Xcode/DerivedData/Bridget-gkvcitazgmfijfdltabiivkbdpkr/Build/Intermediates.noindex/Bridget.build/Debug-iphonesimulator/BridgetUITests.build/DerivedSources/arm64 -Xcc -I/Users/peterjemley/Library/Developer/Xcode/DerivedData/Bridget-gkvcitazgmfijfdltabiivkbdpkr/Build/Intermediates.noindex/Bridget.build/Debug-iphonesimulator/BridgetUITests.build/DerivedSources -Xcc -DDEBUG\=1 -emit-objc-header -emit-objc-header-path /Users/peterjemley/Library/Developer/Xcode/DerivedData/Bridget-gkvcitazgmfijfdltabiivkbdpkr/Build/Intermediates.noindex/Bridget.build/Debug-iphonesimulator/BridgetUITests.build/Objects-normal/arm64/BridgetUITests-Swift.h -working-directory /Users/peterjemley/Documents/Developer/Bridget/Bridget -experimental-emit-module-separately -disable-cmo

SwiftMergeGeneratedHeaders /Users/peterjemley/Library/Developer/Xcode/DerivedData/Bridget-gkvcitazgmfijfdltabiivkbdpkr/Build/Intermediates.noindex/Bridget.build/Debug-iphonesimulator/BridgetUITests.build/DerivedSources/BridgetUITests-Swift.h /Users/peterjemley/Library/Developer/Xcode/DerivedData/Bridget-gkvcitazgmfijfdltabiivkbdpkr/Build/Intermediates.noindex/Bridget.build/Debug-iphonesimulator/BridgetUITests.build/Objects-normal/arm64/BridgetUITests-Swift.h (in target 'BridgetUITests' from project 'Bridget')
    cd /Users/peterjemley/Documents/Developer/Bridget/Bridget
    builtin-swiftHeaderTool -arch arm64 /Users/peterjemley/Library/Developer/Xcode/DerivedData/Bridget-gkvcitazgmfijfdltabiivkbdpkr/Build/Intermediates.noindex/Bridget.build/Debug-iphonesimulator/BridgetUITests.build/Objects-normal/arm64/BridgetUITests-Swift.h -o /Users/peterjemley/Library/Developer/Xcode/DerivedData/Bridget-gkvcitazgmfijfdltabiivkbdpkr/Build/Intermediates.noindex/Bridget.build/Debug-iphonesimulator/BridgetUITests.build/DerivedSources/BridgetUITests-Swift.h

Copy /Users/peterjemley/Library/Developer/Xcode/DerivedData/Bridget-gkvcitazgmfijfdltabiivkbdpkr/Build/Products/Debug-iphonesimulator/BridgetUITests.swiftmodule/arm64-apple-ios-simulator.swiftmodule /Users/peterjemley/Library/Developer/Xcode/DerivedData/Bridget-gkvcitazgmfijfdltabiivkbdpkr/Build/Intermediates.noindex/Bridget.build/Debug-iphonesimulator/BridgetUITests.build/Objects-normal/arm64/BridgetUITests.swiftmodule (in target 'BridgetUITests' from project 'Bridget')
    cd /Users/peterjemley/Documents/Developer/Bridget/Bridget
    builtin-copy -exclude .DS_Store -exclude CVS -exclude .svn -exclude .git -exclude .hg -resolve-src-symlinks -rename /Users/peterjemley/Library/Developer/Xcode/DerivedData/Bridget-gkvcitazgmfijfdltabiivkbdpkr/Build/Intermediates.noindex/Bridget.build/Debug-iphonesimulator/BridgetUITests.build/Objects-normal/arm64/BridgetUITests.swiftmodule /Users/peterjemley/Library/Developer/Xcode/DerivedData/Bridget-gkvcitazgmfijfdltabiivkbdpkr/Build/Products/Debug-iphonesimulator/BridgetUITests.swiftmodule/arm64-apple-ios-simulator.swiftmodule

Copy /Users/peterjemley/Library/Developer/Xcode/DerivedData/Bridget-gkvcitazgmfijfdltabiivkbdpkr/Build/Products/Debug-iphonesimulator/BridgetUITests.swiftmodule/arm64-apple-ios-simulator.swiftdoc /Users/peterjemley/Library/Developer/Xcode/DerivedData/Bridget-gkvcitazgmfijfdltabiivkbdpkr/Build/Intermediates.noindex/Bridget.build/Debug-iphonesimulator/BridgetUITests.build/Objects-normal/arm64/BridgetUITests.swiftdoc (in target 'BridgetUITests' from project 'Bridget')
    cd /Users/peterjemley/Documents/Developer/Bridget/Bridget
    builtin-copy -exclude .DS_Store -exclude CVS -exclude .svn -exclude .git -exclude .hg -resolve-src-symlinks -rename /Users/peterjemley/Library/Developer/Xcode/DerivedData/Bridget-gkvcitazgmfijfdltabiivkbdpkr/Build/Intermediates.noindex/Bridget.build/Debug-iphonesimulator/BridgetUITests.build/Objects-normal/arm64/BridgetUITests.swiftdoc /Users/peterjemley/Library/Developer/Xcode/DerivedData/Bridget-gkvcitazgmfijfdltabiivkbdpkr/Build/Products/Debug-iphonesimulator/BridgetUITests.swiftmodule/arm64-apple-ios-simulator.swiftdoc

Copy /Users/peterjemley/Library/Developer/Xcode/DerivedData/Bridget-gkvcitazgmfijfdltabiivkbdpkr/Build/Products/Debug-iphonesimulator/BridgetUITests.swiftmodule/arm64-apple-ios-simulator.abi.json /Users/peterjemley/Library/Developer/Xcode/DerivedData/Bridget-gkvcitazgmfijfdltabiivkbdpkr/Build/Intermediates.noindex/Bridget.build/Debug-iphonesimulator/BridgetUITests.build/Objects-normal/arm64/BridgetUITests.abi.json (in target 'BridgetUITests' from project 'Bridget')
    cd /Users/peterjemley/Documents/Developer/Bridget/Bridget
    builtin-copy -exclude .DS_Store -exclude CVS -exclude .svn -exclude .git -exclude .hg -resolve-src-symlinks -rename /Users/peterjemley/Library/Developer/Xcode/DerivedData/Bridget-gkvcitazgmfijfdltabiivkbdpkr/Build/Intermediates.noindex/Bridget.build/Debug-iphonesimulator/BridgetUITests.build/Objects-normal/arm64/BridgetUITests.abi.json /Users/peterjemley/Library/Developer/Xcode/DerivedData/Bridget-gkvcitazgmfijfdltabiivkbdpkr/Build/Products/Debug-iphonesimulator/BridgetUITests.swiftmodule/arm64-apple-ios-simulator.abi.json

Copy /Users/peterjemley/Library/Developer/Xcode/DerivedData/Bridget-gkvcitazgmfijfdltabiivkbdpkr/Build/Products/Debug-iphonesimulator/BridgetUITests.swiftmodule/Project/arm64-apple-ios-simulator.swiftsourceinfo /Users/peterjemley/Library/Developer/Xcode/DerivedData/Bridget-gkvcitazgmfijfdltabiivkbdpkr/Build/Intermediates.noindex/Bridget.build/Debug-iphonesimulator/BridgetUITests.build/Objects-normal/arm64/BridgetUITests.swiftsourceinfo (in target 'BridgetUITests' from project 'Bridget')
    cd /Users/peterjemley/Documents/Developer/Bridget/Bridget
    builtin-copy -exclude .DS_Store -exclude CVS -exclude .svn -exclude .git -exclude .hg -resolve-src-symlinks -rename /Users/peterjemley/Library/Developer/Xcode/DerivedData/Bridget-gkvcitazgmfijfdltabiivkbdpkr/Build/Intermediates.noindex/Bridget.build/Debug-iphonesimulator/BridgetUITests.build/Objects-normal/arm64/BridgetUITests.swiftsourceinfo /Users/peterjemley/Library/Developer/Xcode/DerivedData/Bridget-gkvcitazgmfijfdltabiivkbdpkr/Build/Products/Debug-iphonesimulator/BridgetUITests.swiftmodule/Project/arm64-apple-ios-simulator.swiftsourceinfo

SwiftDriverJobDiscovery normal arm64 Compiling BridgetUITestsLaunchTests.swift (in target 'BridgetUITests' from project 'Bridget')

SwiftDriverJobDiscovery normal arm64 Compiling BridgetUITests.swift (in target 'BridgetUITests' from project 'Bridget')

WriteAuxiliaryFile /Users/peterjemley/Library/Developer/Xcode/DerivedData/Bridget-gkvcitazgmfijfdltabiivkbdpkr/Build/Intermediates.noindex/BridgetStatistics.build/Debug-iphonesimulator/BridgetStatistics.build/BridgetStatistics.DependencyMetadataFileList (in target 'BridgetStatistics' from project 'BridgetStatistics')
    cd /Users/peterjemley/Documents/Developer/Bridget/Bridget/Packages/BridgetStatistics
    write-file /Users/peterjemley/Library/Developer/Xcode/DerivedData/Bridget-gkvcitazgmfijfdltabiivkbdpkr/Build/Intermediates.noindex/BridgetStatistics.build/Debug-iphonesimulator/BridgetStatistics.build/BridgetStatistics.DependencyMetadataFileList

WriteAuxiliaryFile /Users/peterjemley/Library/Developer/Xcode/DerivedData/Bridget-gkvcitazgmfijfdltabiivkbdpkr/Build/Intermediates.noindex/BridgetRouting.build/Debug-iphonesimulator/BridgetRouting.build/BridgetRouting.DependencyMetadataFileList (in target 'BridgetRouting' from project 'BridgetRouting')
    cd /Users/peterjemley/Documents/Developer/Bridget/Bridget/Packages/BridgetRouting
    write-file /Users/peterjemley/Library/Developer/Xcode/DerivedData/Bridget-gkvcitazgmfijfdltabiivkbdpkr/Build/Intermediates.noindex/BridgetRouting.build/Debug-iphonesimulator/BridgetRouting.build/BridgetRouting.DependencyMetadataFileList

WriteAuxiliaryFile /Users/peterjemley/Library/Developer/Xcode/DerivedData/Bridget-gkvcitazgmfijfdltabiivkbdpkr/Build/Intermediates.noindex/BridgetBridgeDetail.build/Debug-iphonesimulator/BridgetBridgeDetail.build/BridgetBridgeDetail.DependencyMetadataFileList (in target 'BridgetBridgeDetail' from project 'BridgetBridgeDetail')
    cd /Users/peterjemley/Documents/Developer/Bridget/Bridget/Packages/BridgetBridgeDetail
    write-file /Users/peterjemley/Library/Developer/Xcode/DerivedData/Bridget-gkvcitazgmfijfdltabiivkbdpkr/Build/Intermediates.noindex/BridgetBridgeDetail.build/Debug-iphonesimulator/BridgetBridgeDetail.build/BridgetBridgeDetail.DependencyMetadataFileList

WriteAuxiliaryFile /Users/peterjemley/Library/Developer/Xcode/DerivedData/Bridget-gkvcitazgmfijfdltabiivkbdpkr/Build/Intermediates.noindex/BridgetHistory.build/Debug-iphonesimulator/BridgetHistory.build/BridgetHistory.DependencyMetadataFileList (in target 'BridgetHistory' from project 'BridgetHistory')
    cd /Users/peterjemley/Documents/Developer/Bridget/Bridget/Packages/BridgetHistory
    write-file /Users/peterjemley/Library/Developer/Xcode/DerivedData/Bridget-gkvcitazgmfijfdltabiivkbdpkr/Build/Intermediates.noindex/BridgetHistory.build/Debug-iphonesimulator/BridgetHistory.build/BridgetHistory.DependencyMetadataFileList

ExtractAppIntentsMetadata (in target 'BridgetStatistics' from project 'BridgetStatistics')
    cd /Users/peterjemley/Documents/Developer/Bridget/Bridget/Packages/BridgetStatistics
    /Applications/Xcode.app/Contents/Developer/Toolchains/XcodeDefault.xctoolchain/usr/bin/appintentsmetadataprocessor --toolchain-dir /Applications/Xcode.app/Contents/Developer/Toolchains/XcodeDefault.xctoolchain --module-name BridgetStatistics --sdk-root /Applications/Xcode.app/Contents/Developer/Platforms/iPhoneSimulator.platform/Developer/SDKs/iPhoneSimulator18.5.sdk --xcode-version 16F6 --platform-family iOS --deployment-target 17.0 --bundle-identifier bridgetstatistics.BridgetStatistics --output /Users/peterjemley/Library/Developer/Xcode/DerivedData/Bridget-gkvcitazgmfijfdltabiivkbdpkr/Build/Products/Debug-iphonesimulator/BridgetStatistics.appintents --target-triple arm64-apple-ios17.0-simulator --binary-file /Users/peterjemley/Library/Developer/Xcode/DerivedData/Bridget-gkvcitazgmfijfdltabiivkbdpkr/Build/Products/Debug-iphonesimulator/BridgetStatistics.o --dependency-file /Users/peterjemley/Library/Developer/Xcode/DerivedData/Bridget-gkvcitazgmfijfdltabiivkbdpkr/Build/Intermediates.noindex/BridgetStatistics.build/Debug-iphonesimulator/BridgetStatistics.build/Objects-normal/arm64/BridgetStatistics_dependency_info.dat --stringsdata-file /Users/peterjemley/Library/Developer/Xcode/DerivedData/Bridget-gkvcitazgmfijfdltabiivkbdpkr/Build/Intermediates.noindex/BridgetStatistics.build/Debug-iphonesimulator/BridgetStatistics.build/Objects-normal/arm64/ExtractedAppShortcutsMetadata.stringsdata --source-file-list /Users/peterjemley/Library/Developer/Xcode/DerivedData/Bridget-gkvcitazgmfijfdltabiivkbdpkr/Build/Intermediates.noindex/BridgetStatistics.build/Debug-iphonesimulator/BridgetStatistics.build/Objects-normal/arm64/BridgetStatistics.SwiftFileList --metadata-file-list /Users/peterjemley/Library/Developer/Xcode/DerivedData/Bridget-gkvcitazgmfijfdltabiivkbdpkr/Build/Intermediates.noindex/BridgetStatistics.build/Debug-iphonesimulator/BridgetStatistics.build/BridgetStatistics.DependencyMetadataFileList --static-metadata-file-list /Users/peterjemley/Library/Developer/Xcode/DerivedData/Bridget-gkvcitazgmfijfdltabiivkbdpkr/Build/Intermediates.noindex/BridgetStatistics.build/Debug-iphonesimulator/BridgetStatistics.build/BridgetStatistics.DependencyStaticMetadataFileList --swift-const-vals-list /Users/peterjemley/Library/Developer/Xcode/DerivedData/Bridget-gkvcitazgmfijfdltabiivkbdpkr/Build/Intermediates.noindex/BridgetStatistics.build/Debug-iphonesimulator/BridgetStatistics.build/Objects-normal/arm64/BridgetStatistics.SwiftConstValuesFileList --force --compile-time-extraction --deployment-aware-processing --validate-assistant-intents --no-app-shortcuts-localization
2025-07-10 08:50:51.847 appintentsmetadataprocessor[78859:1491884] Starting appintentsmetadataprocessor export
2025-07-10 08:50:51.872 appintentsmetadataprocessor[78859:1491884] Extracted no relevant App Intents symbols, skipping writing output

ExtractAppIntentsMetadata (in target 'BridgetHistory' from project 'BridgetHistory')
    cd /Users/peterjemley/Documents/Developer/Bridget/Bridget/Packages/BridgetHistory
    /Applications/Xcode.app/Contents/Developer/Toolchains/XcodeDefault.xctoolchain/usr/bin/appintentsmetadataprocessor --toolchain-dir /Applications/Xcode.app/Contents/Developer/Toolchains/XcodeDefault.xctoolchain --module-name BridgetHistory --sdk-root /Applications/Xcode.app/Contents/Developer/Platforms/iPhoneSimulator.platform/Developer/SDKs/iPhoneSimulator18.5.sdk --xcode-version 16F6 --platform-family iOS --deployment-target 17.0 --bundle-identifier bridgethistory.BridgetHistory --output /Users/peterjemley/Library/Developer/Xcode/DerivedData/Bridget-gkvcitazgmfijfdltabiivkbdpkr/Build/Products/Debug-iphonesimulator/BridgetHistory.appintents --target-triple arm64-apple-ios17.0-simulator --binary-file /Users/peterjemley/Library/Developer/Xcode/DerivedData/Bridget-gkvcitazgmfijfdltabiivkbdpkr/Build/Products/Debug-iphonesimulator/BridgetHistory.o --dependency-file /Users/peterjemley/Library/Developer/Xcode/DerivedData/Bridget-gkvcitazgmfijfdltabiivkbdpkr/Build/Intermediates.noindex/BridgetHistory.build/Debug-iphonesimulator/BridgetHistory.build/Objects-normal/arm64/BridgetHistory_dependency_info.dat --stringsdata-file /Users/peterjemley/Library/Developer/Xcode/DerivedData/Bridget-gkvcitazgmfijfdltabiivkbdpkr/Build/Intermediates.noindex/BridgetHistory.build/Debug-iphonesimulator/BridgetHistory.build/Objects-normal/arm64/ExtractedAppShortcutsMetadata.stringsdata --source-file-list /Users/peterjemley/Library/Developer/Xcode/DerivedData/Bridget-gkvcitazgmfijfdltabiivkbdpkr/Build/Intermediates.noindex/BridgetHistory.build/Debug-iphonesimulator/BridgetHistory.build/Objects-normal/arm64/BridgetHistory.SwiftFileList --metadata-file-list /Users/peterjemley/Library/Developer/Xcode/DerivedData/Bridget-gkvcitazgmfijfdltabiivkbdpkr/Build/Intermediates.noindex/BridgetHistory.build/Debug-iphonesimulator/BridgetHistory.build/BridgetHistory.DependencyMetadataFileList --static-metadata-file-list /Users/peterjemley/Library/Developer/Xcode/DerivedData/Bridget-gkvcitazgmfijfdltabiivkbdpkr/Build/Intermediates.noindex/BridgetHistory.build/Debug-iphonesimulator/BridgetHistory.build/BridgetHistory.DependencyStaticMetadataFileList --swift-const-vals-list /Users/peterjemley/Library/Developer/Xcode/DerivedData/Bridget-gkvcitazgmfijfdltabiivkbdpkr/Build/Intermediates.noindex/BridgetHistory.build/Debug-iphonesimulator/BridgetHistory.build/Objects-normal/arm64/BridgetHistory.SwiftConstValuesFileList --force --compile-time-extraction --deployment-aware-processing --validate-assistant-intents --no-app-shortcuts-localization
2025-07-10 08:50:51.847 appintentsmetadataprocessor[78860:1491885] Starting appintentsmetadataprocessor export
2025-07-10 08:50:51.872 appintentsmetadataprocessor[78860:1491885] Extracted no relevant App Intents symbols, skipping writing output

ExtractAppIntentsMetadata (in target 'BridgetRouting' from project 'BridgetRouting')
    cd /Users/peterjemley/Documents/Developer/Bridget/Bridget/Packages/BridgetRouting
    /Applications/Xcode.app/Contents/Developer/Toolchains/XcodeDefault.xctoolchain/usr/bin/appintentsmetadataprocessor --toolchain-dir /Applications/Xcode.app/Contents/Developer/Toolchains/XcodeDefault.xctoolchain --module-name BridgetRouting --sdk-root /Applications/Xcode.app/Contents/Developer/Platforms/iPhoneSimulator.platform/Developer/SDKs/iPhoneSimulator18.5.sdk --xcode-version 16F6 --platform-family iOS --deployment-target 17.0 --bundle-identifier bridgetrouting.BridgetRouting --output /Users/peterjemley/Library/Developer/Xcode/DerivedData/Bridget-gkvcitazgmfijfdltabiivkbdpkr/Build/Products/Debug-iphonesimulator/BridgetRouting.appintents --target-triple arm64-apple-ios17.0-simulator --binary-file /Users/peterjemley/Library/Developer/Xcode/DerivedData/Bridget-gkvcitazgmfijfdltabiivkbdpkr/Build/Products/Debug-iphonesimulator/BridgetRouting.o --dependency-file /Users/peterjemley/Library/Developer/Xcode/DerivedData/Bridget-gkvcitazgmfijfdltabiivkbdpkr/Build/Intermediates.noindex/BridgetRouting.build/Debug-iphonesimulator/BridgetRouting.build/Objects-normal/arm64/BridgetRouting_dependency_info.dat --stringsdata-file /Users/peterjemley/Library/Developer/Xcode/DerivedData/Bridget-gkvcitazgmfijfdltabiivkbdpkr/Build/Intermediates.noindex/BridgetRouting.build/Debug-iphonesimulator/BridgetRouting.build/Objects-normal/arm64/ExtractedAppShortcutsMetadata.stringsdata --source-file-list /Users/peterjemley/Library/Developer/Xcode/DerivedData/Bridget-gkvcitazgmfijfdltabiivkbdpkr/Build/Intermediates.noindex/BridgetRouting.build/Debug-iphonesimulator/BridgetRouting.build/Objects-normal/arm64/BridgetRouting.SwiftFileList --metadata-file-list /Users/peterjemley/Library/Developer/Xcode/DerivedData/Bridget-gkvcitazgmfijfdltabiivkbdpkr/Build/Intermediates.noindex/BridgetRouting.build/Debug-iphonesimulator/BridgetRouting.build/BridgetRouting.DependencyMetadataFileList --static-metadata-file-list /Users/peterjemley/Library/Developer/Xcode/DerivedData/Bridget-gkvcitazgmfijfdltabiivkbdpkr/Build/Intermediates.noindex/BridgetRouting.build/Debug-iphonesimulator/BridgetRouting.build/BridgetRouting.DependencyStaticMetadataFileList --swift-const-vals-list /Users/peterjemley/Library/Developer/Xcode/DerivedData/Bridget-gkvcitazgmfijfdltabiivkbdpkr/Build/Intermediates.noindex/BridgetRouting.build/Debug-iphonesimulator/BridgetRouting.build/Objects-normal/arm64/BridgetRouting.SwiftConstValuesFileList --force --compile-time-extraction --deployment-aware-processing --validate-assistant-intents --no-app-shortcuts-localization
2025-07-10 08:50:51.847 appintentsmetadataprocessor[78861:1491886] Starting appintentsmetadataprocessor export
2025-07-10 08:50:51.873 appintentsmetadataprocessor[78861:1491886] Extracted no relevant App Intents symbols, skipping writing output

ExtractAppIntentsMetadata (in target 'BridgetBridgeDetail' from project 'BridgetBridgeDetail')
    cd /Users/peterjemley/Documents/Developer/Bridget/Bridget/Packages/BridgetBridgeDetail
    /Applications/Xcode.app/Contents/Developer/Toolchains/XcodeDefault.xctoolchain/usr/bin/appintentsmetadataprocessor --toolchain-dir /Applications/Xcode.app/Contents/Developer/Toolchains/XcodeDefault.xctoolchain --module-name BridgetBridgeDetail --sdk-root /Applications/Xcode.app/Contents/Developer/Platforms/iPhoneSimulator.platform/Developer/SDKs/iPhoneSimulator18.5.sdk --xcode-version 16F6 --platform-family iOS --deployment-target 17.0 --bundle-identifier bridgetbridgedetail.BridgetBridgeDetail --output /Users/peterjemley/Library/Developer/Xcode/DerivedData/Bridget-gkvcitazgmfijfdltabiivkbdpkr/Build/Products/Debug-iphonesimulator/BridgetBridgeDetail.appintents --target-triple arm64-apple-ios17.0-simulator --binary-file /Users/peterjemley/Library/Developer/Xcode/DerivedData/Bridget-gkvcitazgmfijfdltabiivkbdpkr/Build/Products/Debug-iphonesimulator/BridgetBridgeDetail.o --dependency-file /Users/peterjemley/Library/Developer/Xcode/DerivedData/Bridget-gkvcitazgmfijfdltabiivkbdpkr/Build/Intermediates.noindex/BridgetBridgeDetail.build/Debug-iphonesimulator/BridgetBridgeDetail.build/Objects-normal/arm64/BridgetBridgeDetail_dependency_info.dat --stringsdata-file /Users/peterjemley/Library/Developer/Xcode/DerivedData/Bridget-gkvcitazgmfijfdltabiivkbdpkr/Build/Intermediates.noindex/BridgetBridgeDetail.build/Debug-iphonesimulator/BridgetBridgeDetail.build/Objects-normal/arm64/ExtractedAppShortcutsMetadata.stringsdata --source-file-list /Users/peterjemley/Library/Developer/Xcode/DerivedData/Bridget-gkvcitazgmfijfdltabiivkbdpkr/Build/Intermediates.noindex/BridgetBridgeDetail.build/Debug-iphonesimulator/BridgetBridgeDetail.build/Objects-normal/arm64/BridgetBridgeDetail.SwiftFileList --metadata-file-list /Users/peterjemley/Library/Developer/Xcode/DerivedData/Bridget-gkvcitazgmfijfdltabiivkbdpkr/Build/Intermediates.noindex/BridgetBridgeDetail.build/Debug-iphonesimulator/BridgetBridgeDetail.build/BridgetBridgeDetail.DependencyMetadataFileList --static-metadata-file-list /Users/peterjemley/Library/Developer/Xcode/DerivedData/Bridget-gkvcitazgmfijfdltabiivkbdpkr/Build/Intermediates.noindex/BridgetBridgeDetail.build/Debug-iphonesimulator/BridgetBridgeDetail.build/BridgetBridgeDetail.DependencyStaticMetadataFileList --swift-const-vals-list /Users/peterjemley/Library/Developer/Xcode/DerivedData/Bridget-gkvcitazgmfijfdltabiivkbdpkr/Build/Intermediates.noindex/BridgetBridgeDetail.build/Debug-iphonesimulator/BridgetBridgeDetail.build/Objects-normal/arm64/BridgetBridgeDetail.SwiftConstValuesFileList --force --compile-time-extraction --deployment-aware-processing --validate-assistant-intents --no-app-shortcuts-localization
2025-07-10 08:50:51.847 appintentsmetadataprocessor[78862:1491887] Starting appintentsmetadataprocessor export
2025-07-10 08:50:51.872 appintentsmetadataprocessor[78862:1491887] Extracted no relevant App Intents symbols, skipping writing output

SwiftDriverJobDiscovery normal arm64 Emitting module for BridgetTests (in target 'BridgetTests' from project 'Bridget')

SwiftDriver\ Compilation\ Requirements BridgetTests normal arm64 com.apple.xcode.tools.swift.compiler (in target 'BridgetTests' from project 'Bridget')
    cd /Users/peterjemley/Documents/Developer/Bridget/Bridget
    builtin-Swift-Compilation-Requirements -- /Applications/Xcode.app/Contents/Developer/Toolchains/XcodeDefault.xctoolchain/usr/bin/swiftc -module-name BridgetTests -Onone -enforce-exclusivity\=checked @/Users/peterjemley/Library/Developer/Xcode/DerivedData/Bridget-gkvcitazgmfijfdltabiivkbdpkr/Build/Intermediates.noindex/Bridget.build/Debug-iphonesimulator/BridgetTests.build/Objects-normal/arm64/BridgetTests.SwiftFileList -DDEBUG -plugin-path /Applications/Xcode.app/Contents/Developer/Toolchains/XcodeDefault.xctoolchain/usr/lib/swift/host/plugins/testing -enable-bare-slash-regex -enable-experimental-feature DebugDescriptionMacro -sdk /Applications/Xcode.app/Contents/Developer/Platforms/iPhoneSimulator.platform/Developer/SDKs/iPhoneSimulator18.5.sdk -target arm64-apple-ios18.5-simulator -g -module-cache-path /Users/peterjemley/Library/Developer/Xcode/DerivedData/ModuleCache.noindex -Xfrontend -serialize-debugging-options -profile-coverage-mapping -profile-generate -enable-testing -index-store-path /Users/peterjemley/Library/Developer/Xcode/DerivedData/Bridget-gkvcitazgmfijfdltabiivkbdpkr/Index.noindex/DataStore -swift-version 5 -I /Users/peterjemley/Library/Developer/Xcode/DerivedData/Bridget-gkvcitazgmfijfdltabiivkbdpkr/Build/Products/Debug-iphonesimulator -I /Applications/Xcode.app/Contents/Developer/Platforms/iPhoneSimulator.platform/Developer/usr/lib -F /Users/peterjemley/Library/Developer/Xcode/DerivedData/Bridget-gkvcitazgmfijfdltabiivkbdpkr/Build/Products/Debug-iphonesimulator/PackageFrameworks -F /Users/peterjemley/Library/Developer/Xcode/DerivedData/Bridget-gkvcitazgmfijfdltabiivkbdpkr/Build/Products/Debug-iphonesimulator/PackageFrameworks -F /Users/peterjemley/Library/Developer/Xcode/DerivedData/Bridget-gkvcitazgmfijfdltabiivkbdpkr/Build/Products/Debug-iphonesimulator/PackageFrameworks -F /Users/peterjemley/Library/Developer/Xcode/DerivedData/Bridget-gkvcitazgmfijfdltabiivkbdpkr/Build/Products/Debug-iphonesimulator/PackageFrameworks -F /Users/peterjemley/Library/Developer/Xcode/DerivedData/Bridget-gkvcitazgmfijfdltabiivkbdpkr/Build/Products/Debug-iphonesimulator/PackageFrameworks -F /Users/peterjemley/Library/Developer/Xcode/DerivedData/Bridget-gkvcitazgmfijfdltabiivkbdpkr/Build/Products/Debug-iphonesimulator/PackageFrameworks -F /Users/peterjemley/Library/Developer/Xcode/DerivedData/Bridget-gkvcitazgmfijfdltabiivkbdpkr/Build/Products/Debug-iphonesimulator/PackageFrameworks -F /Users/peterjemley/Library/Developer/Xcode/DerivedData/Bridget-gkvcitazgmfijfdltabiivkbdpkr/Build/Products/Debug-iphonesimulator/PackageFrameworks -F /Users/peterjemley/Library/Developer/Xcode/DerivedData/Bridget-gkvcitazgmfijfdltabiivkbdpkr/Build/Products/Debug-iphonesimulator/PackageFrameworks -F /Users/peterjemley/Library/Developer/Xcode/DerivedData/Bridget-gkvcitazgmfijfdltabiivkbdpkr/Build/Products/Debug-iphonesimulator/PackageFrameworks -F /Users/peterjemley/Library/Developer/Xcode/DerivedData/Bridget-gkvcitazgmfijfdltabiivkbdpkr/Build/Products/Debug-iphonesimulator/PackageFrameworks -F /Users/peterjemley/Library/Developer/Xcode/DerivedData/Bridget-gkvcitazgmfijfdltabiivkbdpkr/Build/Products/Debug-iphonesimulator -F /Applications/Xcode.app/Contents/Developer/Platforms/iPhoneSimulator.platform/Developer/Library/Frameworks -F /Applications/Xcode.app/Contents/Developer/Platforms/iPhoneSimulator.platform/Developer/SDKs/iPhoneSimulator18.5.sdk/Developer/Library/Frameworks -c -j16 -enable-batch-mode -incremental -Xcc -ivfsstatcache -Xcc /Users/peterjemley/Library/Developer/Xcode/DerivedData/SDKStatCaches.noindex/iphonesimulator18.5-22F76-d5fc8ad4295d2ef488fb7d0f804ce0c4.sdkstatcache -output-file-map /Users/peterjemley/Library/Developer/Xcode/DerivedData/Bridget-gkvcitazgmfijfdltabiivkbdpkr/Build/Intermediates.noindex/Bridget.build/Debug-iphonesimulator/BridgetTests.build/Objects-normal/arm64/BridgetTests-OutputFileMap.json -use-frontend-parseable-output -save-temps -no-color-diagnostics -serialize-diagnostics -emit-dependencies -emit-module -emit-module-path /Users/peterjemley/Library/Developer/Xcode/DerivedData/Bridget-gkvcitazgmfijfdltabiivkbdpkr/Build/Intermediates.noindex/Bridget.build/Debug-iphonesimulator/BridgetTests.build/Objects-normal/arm64/BridgetTests.swiftmodule -validate-clang-modules-once -clang-build-session-file /Users/peterjemley/Library/Developer/Xcode/DerivedData/ModuleCache.noindex/Session.modulevalidation -Xcc -I/Users/peterjemley/Library/Developer/Xcode/DerivedData/Bridget-gkvcitazgmfijfdltabiivkbdpkr/Build/Intermediates.noindex/Bridget.build/Debug-iphonesimulator/BridgetTests.build/swift-overrides.hmap -emit-const-values -Xfrontend -const-gather-protocols-file -Xfrontend /Users/peterjemley/Library/Developer/Xcode/DerivedData/Bridget-gkvcitazgmfijfdltabiivkbdpkr/Build/Intermediates.noindex/Bridget.build/Debug-iphonesimulator/BridgetTests.build/Objects-normal/arm64/BridgetTests_const_extract_protocols.json -Xcc -iquote -Xcc /Users/peterjemley/Library/Developer/Xcode/DerivedData/Bridget-gkvcitazgmfijfdltabiivkbdpkr/Build/Intermediates.noindex/Bridget.build/Debug-iphonesimulator/BridgetTests.build/BridgetTests-generated-files.hmap -Xcc -I/Users/peterjemley/Library/Developer/Xcode/DerivedData/Bridget-gkvcitazgmfijfdltabiivkbdpkr/Build/Intermediates.noindex/Bridget.build/Debug-iphonesimulator/BridgetTests.build/BridgetTests-own-target-headers.hmap -Xcc -I/Users/peterjemley/Library/Developer/Xcode/DerivedData/Bridget-gkvcitazgmfijfdltabiivkbdpkr/Build/Intermediates.noindex/Bridget.build/Debug-iphonesimulator/BridgetTests.build/BridgetTests-all-non-framework-target-headers.hmap -Xcc -ivfsoverlay -Xcc /Users/peterjemley/Library/Developer/Xcode/DerivedData/Bridget-gkvcitazgmfijfdltabiivkbdpkr/Build/Intermediates.noindex/Bridget.build/Debug-iphonesimulator/Bridget-8db4b7ce324d0ccb8b542e85f60fec93-VFS-iphonesimulator/all-product-headers.yaml -Xcc -iquote -Xcc /Users/peterjemley/Library/Developer/Xcode/DerivedData/Bridget-gkvcitazgmfijfdltabiivkbdpkr/Build/Intermediates.noindex/Bridget.build/Debug-iphonesimulator/BridgetTests.build/BridgetTests-project-headers.hmap -Xcc -I/Users/peterjemley/Library/Developer/Xcode/DerivedData/Bridget-gkvcitazgmfijfdltabiivkbdpkr/Build/Products/Debug-iphonesimulator/include -Xcc -I/Users/peterjemley/Library/Developer/Xcode/DerivedData/Bridget-gkvcitazgmfijfdltabiivkbdpkr/Build/Intermediates.noindex/Bridget.build/Debug-iphonesimulator/BridgetTests.build/DerivedSources-normal/arm64 -Xcc -I/Users/peterjemley/Library/Developer/Xcode/DerivedData/Bridget-gkvcitazgmfijfdltabiivkbdpkr/Build/Intermediates.noindex/Bridget.build/Debug-iphonesimulator/BridgetTests.build/DerivedSources/arm64 -Xcc -I/Users/peterjemley/Library/Developer/Xcode/DerivedData/Bridget-gkvcitazgmfijfdltabiivkbdpkr/Build/Intermediates.noindex/Bridget.build/Debug-iphonesimulator/BridgetTests.build/DerivedSources -Xcc -DDEBUG\=1 -emit-objc-header -emit-objc-header-path /Users/peterjemley/Library/Developer/Xcode/DerivedData/Bridget-gkvcitazgmfijfdltabiivkbdpkr/Build/Intermediates.noindex/Bridget.build/Debug-iphonesimulator/BridgetTests.build/Objects-normal/arm64/BridgetTests-Swift.h -working-directory /Users/peterjemley/Documents/Developer/Bridget/Bridget -experimental-emit-module-separately -disable-cmo

SwiftMergeGeneratedHeaders /Users/peterjemley/Library/Developer/Xcode/DerivedData/Bridget-gkvcitazgmfijfdltabiivkbdpkr/Build/Intermediates.noindex/Bridget.build/Debug-iphonesimulator/BridgetTests.build/DerivedSources/BridgetTests-Swift.h /Users/peterjemley/Library/Developer/Xcode/DerivedData/Bridget-gkvcitazgmfijfdltabiivkbdpkr/Build/Intermediates.noindex/Bridget.build/Debug-iphonesimulator/BridgetTests.build/Objects-normal/arm64/BridgetTests-Swift.h (in target 'BridgetTests' from project 'Bridget')
    cd /Users/peterjemley/Documents/Developer/Bridget/Bridget
    builtin-swiftHeaderTool -arch arm64 /Users/peterjemley/Library/Developer/Xcode/DerivedData/Bridget-gkvcitazgmfijfdltabiivkbdpkr/Build/Intermediates.noindex/Bridget.build/Debug-iphonesimulator/BridgetTests.build/Objects-normal/arm64/BridgetTests-Swift.h -o /Users/peterjemley/Library/Developer/Xcode/DerivedData/Bridget-gkvcitazgmfijfdltabiivkbdpkr/Build/Intermediates.noindex/Bridget.build/Debug-iphonesimulator/BridgetTests.build/DerivedSources/BridgetTests-Swift.h

Copy /Users/peterjemley/Library/Developer/Xcode/DerivedData/Bridget-gkvcitazgmfijfdltabiivkbdpkr/Build/Products/Debug-iphonesimulator/BridgetTests.swiftmodule/arm64-apple-ios-simulator.abi.json /Users/peterjemley/Library/Developer/Xcode/DerivedData/Bridget-gkvcitazgmfijfdltabiivkbdpkr/Build/Intermediates.noindex/Bridget.build/Debug-iphonesimulator/BridgetTests.build/Objects-normal/arm64/BridgetTests.abi.json (in target 'BridgetTests' from project 'Bridget')
    cd /Users/peterjemley/Documents/Developer/Bridget/Bridget
    builtin-copy -exclude .DS_Store -exclude CVS -exclude .svn -exclude .git -exclude .hg -resolve-src-symlinks -rename /Users/peterjemley/Library/Developer/Xcode/DerivedData/Bridget-gkvcitazgmfijfdltabiivkbdpkr/Build/Intermediates.noindex/Bridget.build/Debug-iphonesimulator/BridgetTests.build/Objects-normal/arm64/BridgetTests.abi.json /Users/peterjemley/Library/Developer/Xcode/DerivedData/Bridget-gkvcitazgmfijfdltabiivkbdpkr/Build/Products/Debug-iphonesimulator/BridgetTests.swiftmodule/arm64-apple-ios-simulator.abi.json

Copy /Users/peterjemley/Library/Developer/Xcode/DerivedData/Bridget-gkvcitazgmfijfdltabiivkbdpkr/Build/Products/Debug-iphonesimulator/BridgetTests.swiftmodule/arm64-apple-ios-simulator.swiftmodule /Users/peterjemley/Library/Developer/Xcode/DerivedData/Bridget-gkvcitazgmfijfdltabiivkbdpkr/Build/Intermediates.noindex/Bridget.build/Debug-iphonesimulator/BridgetTests.build/Objects-normal/arm64/BridgetTests.swiftmodule (in target 'BridgetTests' from project 'Bridget')
    cd /Users/peterjemley/Documents/Developer/Bridget/Bridget
    builtin-copy -exclude .DS_Store -exclude CVS -exclude .svn -exclude .git -exclude .hg -resolve-src-symlinks -rename /Users/peterjemley/Library/Developer/Xcode/DerivedData/Bridget-gkvcitazgmfijfdltabiivkbdpkr/Build/Intermediates.noindex/Bridget.build/Debug-iphonesimulator/BridgetTests.build/Objects-normal/arm64/BridgetTests.swiftmodule /Users/peterjemley/Library/Developer/Xcode/DerivedData/Bridget-gkvcitazgmfijfdltabiivkbdpkr/Build/Products/Debug-iphonesimulator/BridgetTests.swiftmodule/arm64-apple-ios-simulator.swiftmodule

Copy /Users/peterjemley/Library/Developer/Xcode/DerivedData/Bridget-gkvcitazgmfijfdltabiivkbdpkr/Build/Products/Debug-iphonesimulator/BridgetTests.swiftmodule/arm64-apple-ios-simulator.swiftdoc /Users/peterjemley/Library/Developer/Xcode/DerivedData/Bridget-gkvcitazgmfijfdltabiivkbdpkr/Build/Intermediates.noindex/Bridget.build/Debug-iphonesimulator/BridgetTests.build/Objects-normal/arm64/BridgetTests.swiftdoc (in target 'BridgetTests' from project 'Bridget')
    cd /Users/peterjemley/Documents/Developer/Bridget/Bridget
    builtin-copy -exclude .DS_Store -exclude CVS -exclude .svn -exclude .git -exclude .hg -resolve-src-symlinks -rename /Users/peterjemley/Library/Developer/Xcode/DerivedData/Bridget-gkvcitazgmfijfdltabiivkbdpkr/Build/Intermediates.noindex/Bridget.build/Debug-iphonesimulator/BridgetTests.build/Objects-normal/arm64/BridgetTests.swiftdoc /Users/peterjemley/Library/Developer/Xcode/DerivedData/Bridget-gkvcitazgmfijfdltabiivkbdpkr/Build/Products/Debug-iphonesimulator/BridgetTests.swiftmodule/arm64-apple-ios-simulator.swiftdoc

Copy /Users/peterjemley/Library/Developer/Xcode/DerivedData/Bridget-gkvcitazgmfijfdltabiivkbdpkr/Build/Products/Debug-iphonesimulator/BridgetTests.swiftmodule/Project/arm64-apple-ios-simulator.swiftsourceinfo /Users/peterjemley/Library/Developer/Xcode/DerivedData/Bridget-gkvcitazgmfijfdltabiivkbdpkr/Build/Intermediates.noindex/Bridget.build/Debug-iphonesimulator/BridgetTests.build/Objects-normal/arm64/BridgetTests.swiftsourceinfo (in target 'BridgetTests' from project 'Bridget')
    cd /Users/peterjemley/Documents/Developer/Bridget/Bridget
    builtin-copy -exclude .DS_Store -exclude CVS -exclude .svn -exclude .git -exclude .hg -resolve-src-symlinks -rename /Users/peterjemley/Library/Developer/Xcode/DerivedData/Bridget-gkvcitazgmfijfdltabiivkbdpkr/Build/Intermediates.noindex/Bridget.build/Debug-iphonesimulator/BridgetTests.build/Objects-normal/arm64/BridgetTests.swiftsourceinfo /Users/peterjemley/Library/Developer/Xcode/DerivedData/Bridget-gkvcitazgmfijfdltabiivkbdpkr/Build/Products/Debug-iphonesimulator/BridgetTests.swiftmodule/Project/arm64-apple-ios-simulator.swiftsourceinfo

WriteAuxiliaryFile /Users/peterjemley/Library/Developer/Xcode/DerivedData/Bridget-gkvcitazgmfijfdltabiivkbdpkr/Build/Intermediates.noindex/BridgetDashboard.build/Debug-iphonesimulator/BridgetDashboard.build/BridgetDashboard.DependencyMetadataFileList (in target 'BridgetDashboard' from project 'BridgetDashboard')
    cd /Users/peterjemley/Documents/Developer/Bridget/Bridget/Packages/BridgetDashboard
    write-file /Users/peterjemley/Library/Developer/Xcode/DerivedData/Bridget-gkvcitazgmfijfdltabiivkbdpkr/Build/Intermediates.noindex/BridgetDashboard.build/Debug-iphonesimulator/BridgetDashboard.build/BridgetDashboard.DependencyMetadataFileList

WriteAuxiliaryFile /Users/peterjemley/Library/Developer/Xcode/DerivedData/Bridget-gkvcitazgmfijfdltabiivkbdpkr/Build/Intermediates.noindex/BridgetBridgesList.build/Debug-iphonesimulator/BridgetBridgesList.build/BridgetBridgesList.DependencyMetadataFileList (in target 'BridgetBridgesList' from project 'BridgetBridgesList')
    cd /Users/peterjemley/Documents/Developer/Bridget/Bridget/Packages/BridgetBridgesList
    write-file /Users/peterjemley/Library/Developer/Xcode/DerivedData/Bridget-gkvcitazgmfijfdltabiivkbdpkr/Build/Intermediates.noindex/BridgetBridgesList.build/Debug-iphonesimulator/BridgetBridgesList.build/BridgetBridgesList.DependencyMetadataFileList

ExtractAppIntentsMetadata (in target 'BridgetDashboard' from project 'BridgetDashboard')
    cd /Users/peterjemley/Documents/Developer/Bridget/Bridget/Packages/BridgetDashboard
    /Applications/Xcode.app/Contents/Developer/Toolchains/XcodeDefault.xctoolchain/usr/bin/appintentsmetadataprocessor --toolchain-dir /Applications/Xcode.app/Contents/Developer/Toolchains/XcodeDefault.xctoolchain --module-name BridgetDashboard --sdk-root /Applications/Xcode.app/Contents/Developer/Platforms/iPhoneSimulator.platform/Developer/SDKs/iPhoneSimulator18.5.sdk --xcode-version 16F6 --platform-family iOS --deployment-target 17.0 --bundle-identifier bridgetdashboard.BridgetDashboard --output /Users/peterjemley/Library/Developer/Xcode/DerivedData/Bridget-gkvcitazgmfijfdltabiivkbdpkr/Build/Products/Debug-iphonesimulator/BridgetDashboard.appintents --target-triple arm64-apple-ios17.0-simulator --binary-file /Users/peterjemley/Library/Developer/Xcode/DerivedData/Bridget-gkvcitazgmfijfdltabiivkbdpkr/Build/Products/Debug-iphonesimulator/BridgetDashboard.o --dependency-file /Users/peterjemley/Library/Developer/Xcode/DerivedData/Bridget-gkvcitazgmfijfdltabiivkbdpkr/Build/Intermediates.noindex/BridgetDashboard.build/Debug-iphonesimulator/BridgetDashboard.build/Objects-normal/arm64/BridgetDashboard_dependency_info.dat --stringsdata-file /Users/peterjemley/Library/Developer/Xcode/DerivedData/Bridget-gkvcitazgmfijfdltabiivkbdpkr/Build/Intermediates.noindex/BridgetDashboard.build/Debug-iphonesimulator/BridgetDashboard.build/Objects-normal/arm64/ExtractedAppShortcutsMetadata.stringsdata --source-file-list /Users/peterjemley/Library/Developer/Xcode/DerivedData/Bridget-gkvcitazgmfijfdltabiivkbdpkr/Build/Intermediates.noindex/BridgetDashboard.build/Debug-iphonesimulator/BridgetDashboard.build/Objects-normal/arm64/BridgetDashboard.SwiftFileList --metadata-file-list /Users/peterjemley/Library/Developer/Xcode/DerivedData/Bridget-gkvcitazgmfijfdltabiivkbdpkr/Build/Intermediates.noindex/BridgetDashboard.build/Debug-iphonesimulator/BridgetDashboard.build/BridgetDashboard.DependencyMetadataFileList --static-metadata-file-list /Users/peterjemley/Library/Developer/Xcode/DerivedData/Bridget-gkvcitazgmfijfdltabiivkbdpkr/Build/Intermediates.noindex/BridgetDashboard.build/Debug-iphonesimulator/BridgetDashboard.build/BridgetDashboard.DependencyStaticMetadataFileList --swift-const-vals-list /Users/peterjemley/Library/Developer/Xcode/DerivedData/Bridget-gkvcitazgmfijfdltabiivkbdpkr/Build/Intermediates.noindex/BridgetDashboard.build/Debug-iphonesimulator/BridgetDashboard.build/Objects-normal/arm64/BridgetDashboard.SwiftConstValuesFileList --force --compile-time-extraction --deployment-aware-processing --validate-assistant-intents --no-app-shortcuts-localization
2025-07-10 08:50:51.886 appintentsmetadataprocessor[78864:1491904] Starting appintentsmetadataprocessor export
2025-07-10 08:50:51.910 appintentsmetadataprocessor[78864:1491904] Extracted no relevant App Intents symbols, skipping writing output

ExtractAppIntentsMetadata (in target 'BridgetBridgesList' from project 'BridgetBridgesList')
    cd /Users/peterjemley/Documents/Developer/Bridget/Bridget/Packages/BridgetBridgesList
    /Applications/Xcode.app/Contents/Developer/Toolchains/XcodeDefault.xctoolchain/usr/bin/appintentsmetadataprocessor --toolchain-dir /Applications/Xcode.app/Contents/Developer/Toolchains/XcodeDefault.xctoolchain --module-name BridgetBridgesList --sdk-root /Applications/Xcode.app/Contents/Developer/Platforms/iPhoneSimulator.platform/Developer/SDKs/iPhoneSimulator18.5.sdk --xcode-version 16F6 --platform-family iOS --deployment-target 17.0 --bundle-identifier bridgetbridgeslist.BridgetBridgesList --output /Users/peterjemley/Library/Developer/Xcode/DerivedData/Bridget-gkvcitazgmfijfdltabiivkbdpkr/Build/Products/Debug-iphonesimulator/BridgetBridgesList.appintents --target-triple arm64-apple-ios17.0-simulator --binary-file /Users/peterjemley/Library/Developer/Xcode/DerivedData/Bridget-gkvcitazgmfijfdltabiivkbdpkr/Build/Products/Debug-iphonesimulator/BridgetBridgesList.o --dependency-file /Users/peterjemley/Library/Developer/Xcode/DerivedData/Bridget-gkvcitazgmfijfdltabiivkbdpkr/Build/Intermediates.noindex/BridgetBridgesList.build/Debug-iphonesimulator/BridgetBridgesList.build/Objects-normal/arm64/BridgetBridgesList_dependency_info.dat --stringsdata-file /Users/peterjemley/Library/Developer/Xcode/DerivedData/Bridget-gkvcitazgmfijfdltabiivkbdpkr/Build/Intermediates.noindex/BridgetBridgesList.build/Debug-iphonesimulator/BridgetBridgesList.build/Objects-normal/arm64/ExtractedAppShortcutsMetadata.stringsdata --source-file-list /Users/peterjemley/Library/Developer/Xcode/DerivedData/Bridget-gkvcitazgmfijfdltabiivkbdpkr/Build/Intermediates.noindex/BridgetBridgesList.build/Debug-iphonesimulator/BridgetBridgesList.build/Objects-normal/arm64/BridgetBridgesList.SwiftFileList --metadata-file-list /Users/peterjemley/Library/Developer/Xcode/DerivedData/Bridget-gkvcitazgmfijfdltabiivkbdpkr/Build/Intermediates.noindex/BridgetBridgesList.build/Debug-iphonesimulator/BridgetBridgesList.build/BridgetBridgesList.DependencyMetadataFileList --static-metadata-file-list /Users/peterjemley/Library/Developer/Xcode/DerivedData/Bridget-gkvcitazgmfijfdltabiivkbdpkr/Build/Intermediates.noindex/BridgetBridgesList.build/Debug-iphonesimulator/BridgetBridgesList.build/BridgetBridgesList.DependencyStaticMetadataFileList --swift-const-vals-list /Users/peterjemley/Library/Developer/Xcode/DerivedData/Bridget-gkvcitazgmfijfdltabiivkbdpkr/Build/Intermediates.noindex/BridgetBridgesList.build/Debug-iphonesimulator/BridgetBridgesList.build/Objects-normal/arm64/BridgetBridgesList.SwiftConstValuesFileList --force --compile-time-extraction --deployment-aware-processing --validate-assistant-intents --no-app-shortcuts-localization
2025-07-10 08:50:51.885 appintentsmetadataprocessor[78865:1491905] Starting appintentsmetadataprocessor export
2025-07-10 08:50:51.911 appintentsmetadataprocessor[78865:1491905] Extracted no relevant App Intents symbols, skipping writing output

WriteAuxiliaryFile /Users/peterjemley/Library/Developer/Xcode/DerivedData/Bridget-gkvcitazgmfijfdltabiivkbdpkr/Build/Intermediates.noindex/BridgetSettings.build/Debug-iphonesimulator/BridgetSettings.build/BridgetSettings.DependencyMetadataFileList (in target 'BridgetSettings' from project 'BridgetSettings')
    cd /Users/peterjemley/Documents/Developer/Bridget/Bridget/Packages/BridgetSettings
    write-file /Users/peterjemley/Library/Developer/Xcode/DerivedData/Bridget-gkvcitazgmfijfdltabiivkbdpkr/Build/Intermediates.noindex/BridgetSettings.build/Debug-iphonesimulator/BridgetSettings.build/BridgetSettings.DependencyMetadataFileList

ExtractAppIntentsMetadata (in target 'BridgetSettings' from project 'BridgetSettings')
    cd /Users/peterjemley/Documents/Developer/Bridget/Bridget/Packages/BridgetSettings
    /Applications/Xcode.app/Contents/Developer/Toolchains/XcodeDefault.xctoolchain/usr/bin/appintentsmetadataprocessor --toolchain-dir /Applications/Xcode.app/Contents/Developer/Toolchains/XcodeDefault.xctoolchain --module-name BridgetSettings --sdk-root /Applications/Xcode.app/Contents/Developer/Platforms/iPhoneSimulator.platform/Developer/SDKs/iPhoneSimulator18.5.sdk --xcode-version 16F6 --platform-family iOS --deployment-target 17.0 --bundle-identifier bridgetsettings.BridgetSettings --output /Users/peterjemley/Library/Developer/Xcode/DerivedData/Bridget-gkvcitazgmfijfdltabiivkbdpkr/Build/Products/Debug-iphonesimulator/BridgetSettings.appintents --target-triple arm64-apple-ios17.0-simulator --binary-file /Users/peterjemley/Library/Developer/Xcode/DerivedData/Bridget-gkvcitazgmfijfdltabiivkbdpkr/Build/Products/Debug-iphonesimulator/BridgetSettings.o --dependency-file /Users/peterjemley/Library/Developer/Xcode/DerivedData/Bridget-gkvcitazgmfijfdltabiivkbdpkr/Build/Intermediates.noindex/BridgetSettings.build/Debug-iphonesimulator/BridgetSettings.build/Objects-normal/arm64/BridgetSettings_dependency_info.dat --stringsdata-file /Users/peterjemley/Library/Developer/Xcode/DerivedData/Bridget-gkvcitazgmfijfdltabiivkbdpkr/Build/Intermediates.noindex/BridgetSettings.build/Debug-iphonesimulator/BridgetSettings.build/Objects-normal/arm64/ExtractedAppShortcutsMetadata.stringsdata --source-file-list /Users/peterjemley/Library/Developer/Xcode/DerivedData/Bridget-gkvcitazgmfijfdltabiivkbdpkr/Build/Intermediates.noindex/BridgetSettings.build/Debug-iphonesimulator/BridgetSettings.build/Objects-normal/arm64/BridgetSettings.SwiftFileList --metadata-file-list /Users/peterjemley/Library/Developer/Xcode/DerivedData/Bridget-gkvcitazgmfijfdltabiivkbdpkr/Build/Intermediates.noindex/BridgetSettings.build/Debug-iphonesimulator/BridgetSettings.build/BridgetSettings.DependencyMetadataFileList --static-metadata-file-list /Users/peterjemley/Library/Developer/Xcode/DerivedData/Bridget-gkvcitazgmfijfdltabiivkbdpkr/Build/Intermediates.noindex/BridgetSettings.build/Debug-iphonesimulator/BridgetSettings.build/BridgetSettings.DependencyStaticMetadataFileList --swift-const-vals-list /Users/peterjemley/Library/Developer/Xcode/DerivedData/Bridget-gkvcitazgmfijfdltabiivkbdpkr/Build/Intermediates.noindex/BridgetSettings.build/Debug-iphonesimulator/BridgetSettings.build/Objects-normal/arm64/BridgetSettings.SwiftConstValuesFileList --force --compile-time-extraction --deployment-aware-processing --validate-assistant-intents --no-app-shortcuts-localization
2025-07-10 08:50:51.923 appintentsmetadataprocessor[78866:1491946] Starting appintentsmetadataprocessor export
2025-07-10 08:50:51.947 appintentsmetadataprocessor[78866:1491946] Extracted no relevant App Intents symbols, skipping writing output

Copy /Users/peterjemley/Library/Developer/Xcode/DerivedData/Bridget-gkvcitazgmfijfdltabiivkbdpkr/Build/Products/Debug-iphonesimulator/Bridget.app/Frameworks/libXCTestSwiftSupport.dylib /Applications/Xcode.app/Contents/Developer/Platforms/iPhoneSimulator.platform/Developer/usr/lib/libXCTestSwiftSupport.dylib (in target 'Bridget' from project 'Bridget')
    cd /Users/peterjemley/Documents/Developer/Bridget/Bridget
    builtin-copy -exclude .DS_Store -exclude CVS -exclude .svn -exclude .git -exclude .hg -exclude Headers -exclude PrivateHeaders -exclude Modules -exclude \*.tbd -resolve-src-symlinks /Applications/Xcode.app/Contents/Developer/Platforms/iPhoneSimulator.platform/Developer/usr/lib/libXCTestSwiftSupport.dylib /Users/peterjemley/Library/Developer/Xcode/DerivedData/Bridget-gkvcitazgmfijfdltabiivkbdpkr/Build/Products/Debug-iphonesimulator/Bridget.app/Frameworks

Copy /Users/peterjemley/Library/Developer/Xcode/DerivedData/Bridget-gkvcitazgmfijfdltabiivkbdpkr/Build/Products/Debug-iphonesimulator/Bridget.app/Frameworks/XCUIAutomation.framework /Applications/Xcode.app/Contents/Developer/Platforms/iPhoneSimulator.platform/Developer/Library/Frameworks/XCUIAutomation.framework (in target 'Bridget' from project 'Bridget')
    cd /Users/peterjemley/Documents/Developer/Bridget/Bridget
    builtin-copy -exclude .DS_Store -exclude CVS -exclude .svn -exclude .git -exclude .hg -exclude Headers -exclude PrivateHeaders -exclude Modules -exclude \*.tbd -resolve-src-symlinks /Applications/Xcode.app/Contents/Developer/Platforms/iPhoneSimulator.platform/Developer/Library/Frameworks/XCUIAutomation.framework /Users/peterjemley/Library/Developer/Xcode/DerivedData/Bridget-gkvcitazgmfijfdltabiivkbdpkr/Build/Products/Debug-iphonesimulator/Bridget.app/Frameworks

Copy /Users/peterjemley/Library/Developer/Xcode/DerivedData/Bridget-gkvcitazgmfijfdltabiivkbdpkr/Build/Products/Debug-iphonesimulator/Bridget.app/Frameworks/XCTestSupport.framework /Applications/Xcode.app/Contents/Developer/Platforms/iPhoneSimulator.platform/Developer/Library/PrivateFrameworks/XCTestSupport.framework (in target 'Bridget' from project 'Bridget')
    cd /Users/peterjemley/Documents/Developer/Bridget/Bridget
    builtin-copy -exclude .DS_Store -exclude CVS -exclude .svn -exclude .git -exclude .hg -exclude Headers -exclude PrivateHeaders -exclude Modules -exclude \*.tbd -resolve-src-symlinks /Applications/Xcode.app/Contents/Developer/Platforms/iPhoneSimulator.platform/Developer/Library/PrivateFrameworks/XCTestSupport.framework /Users/peterjemley/Library/Developer/Xcode/DerivedData/Bridget-gkvcitazgmfijfdltabiivkbdpkr/Build/Products/Debug-iphonesimulator/Bridget.app/Frameworks

Copy /Users/peterjemley/Library/Developer/Xcode/DerivedData/Bridget-gkvcitazgmfijfdltabiivkbdpkr/Build/Products/Debug-iphonesimulator/Bridget.app/Frameworks/libXCTestBundleInject.dylib /Applications/Xcode.app/Contents/Developer/Platforms/iPhoneSimulator.platform/Developer/usr/lib/libXCTestBundleInject.dylib (in target 'Bridget' from project 'Bridget')
    cd /Users/peterjemley/Documents/Developer/Bridget/Bridget
    builtin-copy -exclude .DS_Store -exclude CVS -exclude .svn -exclude .git -exclude .hg -exclude Headers -exclude PrivateHeaders -exclude Modules -exclude \*.tbd -resolve-src-symlinks /Applications/Xcode.app/Contents/Developer/Platforms/iPhoneSimulator.platform/Developer/usr/lib/libXCTestBundleInject.dylib /Users/peterjemley/Library/Developer/Xcode/DerivedData/Bridget-gkvcitazgmfijfdltabiivkbdpkr/Build/Products/Debug-iphonesimulator/Bridget.app/Frameworks

Copy /Users/peterjemley/Library/Developer/Xcode/DerivedData/Bridget-gkvcitazgmfijfdltabiivkbdpkr/Build/Products/Debug-iphonesimulator/Bridget.app/Frameworks/XCUnit.framework /Applications/Xcode.app/Contents/Developer/Platforms/iPhoneSimulator.platform/Developer/Library/PrivateFrameworks/XCUnit.framework (in target 'Bridget' from project 'Bridget')
    cd /Users/peterjemley/Documents/Developer/Bridget/Bridget
    builtin-copy -exclude .DS_Store -exclude CVS -exclude .svn -exclude .git -exclude .hg -exclude Headers -exclude PrivateHeaders -exclude Modules -exclude \*.tbd -resolve-src-symlinks /Applications/Xcode.app/Contents/Developer/Platforms/iPhoneSimulator.platform/Developer/Library/PrivateFrameworks/XCUnit.framework /Users/peterjemley/Library/Developer/Xcode/DerivedData/Bridget-gkvcitazgmfijfdltabiivkbdpkr/Build/Products/Debug-iphonesimulator/Bridget.app/Frameworks

Copy /Users/peterjemley/Library/Developer/Xcode/DerivedData/Bridget-gkvcitazgmfijfdltabiivkbdpkr/Build/Products/Debug-iphonesimulator/Bridget.app/Frameworks/XCTestCore.framework /Applications/Xcode.app/Contents/Developer/Platforms/iPhoneSimulator.platform/Developer/Library/PrivateFrameworks/XCTestCore.framework (in target 'Bridget' from project 'Bridget')
    cd /Users/peterjemley/Documents/Developer/Bridget/Bridget
    builtin-copy -exclude .DS_Store -exclude CVS -exclude .svn -exclude .git -exclude .hg -exclude Headers -exclude PrivateHeaders -exclude Modules -exclude \*.tbd -resolve-src-symlinks /Applications/Xcode.app/Contents/Developer/Platforms/iPhoneSimulator.platform/Developer/Library/PrivateFrameworks/XCTestCore.framework /Users/peterjemley/Library/Developer/Xcode/DerivedData/Bridget-gkvcitazgmfijfdltabiivkbdpkr/Build/Products/Debug-iphonesimulator/Bridget.app/Frameworks

Copy /Users/peterjemley/Library/Developer/Xcode/DerivedData/Bridget-gkvcitazgmfijfdltabiivkbdpkr/Build/Products/Debug-iphonesimulator/Bridget.app/Frameworks/XCTest.framework /Applications/Xcode.app/Contents/Developer/Platforms/iPhoneSimulator.platform/Developer/Library/Frameworks/XCTest.framework (in target 'Bridget' from project 'Bridget')
    cd /Users/peterjemley/Documents/Developer/Bridget/Bridget
    builtin-copy -exclude .DS_Store -exclude CVS -exclude .svn -exclude .git -exclude .hg -exclude Headers -exclude PrivateHeaders -exclude Modules -exclude \*.tbd -resolve-src-symlinks /Applications/Xcode.app/Contents/Developer/Platforms/iPhoneSimulator.platform/Developer/Library/Frameworks/XCTest.framework /Users/peterjemley/Library/Developer/Xcode/DerivedData/Bridget-gkvcitazgmfijfdltabiivkbdpkr/Build/Products/Debug-iphonesimulator/Bridget.app/Frameworks

Copy /Users/peterjemley/Library/Developer/Xcode/DerivedData/Bridget-gkvcitazgmfijfdltabiivkbdpkr/Build/Products/Debug-iphonesimulator/Bridget.app/Frameworks/XCTAutomationSupport.framework /Applications/Xcode.app/Contents/Developer/Platforms/iPhoneSimulator.platform/Developer/Library/PrivateFrameworks/XCTAutomationSupport.framework (in target 'Bridget' from project 'Bridget')
    cd /Users/peterjemley/Documents/Developer/Bridget/Bridget
    builtin-copy -exclude .DS_Store -exclude CVS -exclude .svn -exclude .git -exclude .hg -exclude Headers -exclude PrivateHeaders -exclude Modules -exclude \*.tbd -resolve-src-symlinks /Applications/Xcode.app/Contents/Developer/Platforms/iPhoneSimulator.platform/Developer/Library/PrivateFrameworks/XCTAutomationSupport.framework /Users/peterjemley/Library/Developer/Xcode/DerivedData/Bridget-gkvcitazgmfijfdltabiivkbdpkr/Build/Products/Debug-iphonesimulator/Bridget.app/Frameworks

Copy /Users/peterjemley/Library/Developer/Xcode/DerivedData/Bridget-gkvcitazgmfijfdltabiivkbdpkr/Build/Products/Debug-iphonesimulator/Bridget.app/Frameworks/Testing.framework /Applications/Xcode.app/Contents/Developer/Platforms/iPhoneSimulator.platform/Developer/Library/Frameworks/Testing.framework (in target 'Bridget' from project 'Bridget')
    cd /Users/peterjemley/Documents/Developer/Bridget/Bridget
    builtin-copy -exclude .DS_Store -exclude CVS -exclude .svn -exclude .git -exclude .hg -exclude Headers -exclude PrivateHeaders -exclude Modules -exclude \*.tbd -resolve-src-symlinks /Applications/Xcode.app/Contents/Developer/Platforms/iPhoneSimulator.platform/Developer/Library/Frameworks/Testing.framework /Users/peterjemley/Library/Developer/Xcode/DerivedData/Bridget-gkvcitazgmfijfdltabiivkbdpkr/Build/Products/Debug-iphonesimulator/Bridget.app/Frameworks

Ld /Users/peterjemley/Library/Developer/Xcode/DerivedData/Bridget-gkvcitazgmfijfdltabiivkbdpkr/Build/Products/Debug-iphonesimulator/Bridget.app/Bridget.debug.dylib normal (in target 'Bridget' from project 'Bridget')
    cd /Users/peterjemley/Documents/Developer/Bridget/Bridget
    /Applications/Xcode.app/Contents/Developer/Toolchains/XcodeDefault.xctoolchain/usr/bin/clang -Xlinker -reproducible -target arm64-apple-ios18.5-simulator -dynamiclib -isysroot /Applications/Xcode.app/Contents/Developer/Platforms/iPhoneSimulator.platform/Developer/SDKs/iPhoneSimulator18.5.sdk -O0 -L/Users/peterjemley/Library/Developer/Xcode/DerivedData/Bridget-gkvcitazgmfijfdltabiivkbdpkr/Build/Intermediates.noindex/EagerLinkingTBDs/Debug-iphonesimulator -L/Users/peterjemley/Library/Developer/Xcode/DerivedData/Bridget-gkvcitazgmfijfdltabiivkbdpkr/Build/Products/Debug-iphonesimulator -F/Users/peterjemley/Library/Developer/Xcode/DerivedData/Bridget-gkvcitazgmfijfdltabiivkbdpkr/Build/Intermediates.noindex/EagerLinkingTBDs/Debug-iphonesimulator -F/Users/peterjemley/Library/Developer/Xcode/DerivedData/Bridget-gkvcitazgmfijfdltabiivkbdpkr/Build/Products/Debug-iphonesimulator/PackageFrameworks -F/Users/peterjemley/Library/Developer/Xcode/DerivedData/Bridget-gkvcitazgmfijfdltabiivkbdpkr/Build/Products/Debug-iphonesimulator/PackageFrameworks -F/Users/peterjemley/Library/Developer/Xcode/DerivedData/Bridget-gkvcitazgmfijfdltabiivkbdpkr/Build/Products/Debug-iphonesimulator/PackageFrameworks -F/Users/peterjemley/Library/Developer/Xcode/DerivedData/Bridget-gkvcitazgmfijfdltabiivkbdpkr/Build/Products/Debug-iphonesimulator/PackageFrameworks -F/Users/peterjemley/Library/Developer/Xcode/DerivedData/Bridget-gkvcitazgmfijfdltabiivkbdpkr/Build/Products/Debug-iphonesimulator/PackageFrameworks -F/Users/peterjemley/Library/Developer/Xcode/DerivedData/Bridget-gkvcitazgmfijfdltabiivkbdpkr/Build/Products/Debug-iphonesimulator/PackageFrameworks -F/Users/peterjemley/Library/Developer/Xcode/DerivedData/Bridget-gkvcitazgmfijfdltabiivkbdpkr/Build/Products/Debug-iphonesimulator/PackageFrameworks -F/Users/peterjemley/Library/Developer/Xcode/DerivedData/Bridget-gkvcitazgmfijfdltabiivkbdpkr/Build/Products/Debug-iphonesimulator/PackageFrameworks -F/Users/peterjemley/Library/Developer/Xcode/DerivedData/Bridget-gkvcitazgmfijfdltabiivkbdpkr/Build/Products/Debug-iphonesimulator/PackageFrameworks -F/Users/peterjemley/Library/Developer/Xcode/DerivedData/Bridget-gkvcitazgmfijfdltabiivkbdpkr/Build/Products/Debug-iphonesimulator/PackageFrameworks -F/Users/peterjemley/Library/Developer/Xcode/DerivedData/Bridget-gkvcitazgmfijfdltabiivkbdpkr/Build/Products/Debug-iphonesimulator -filelist /Users/peterjemley/Library/Developer/Xcode/DerivedData/Bridget-gkvcitazgmfijfdltabiivkbdpkr/Build/Intermediates.noindex/Bridget.build/Debug-iphonesimulator/Bridget.build/Objects-normal/arm64/Bridget.LinkFileList -install_name @rpath/Bridget.debug.dylib -Xlinker -rpath -Xlinker /Users/peterjemley/Library/Developer/Xcode/DerivedData/Bridget-gkvcitazgmfijfdltabiivkbdpkr/Build/Products/Debug-iphonesimulator/PackageFrameworks -Xlinker -rpath -Xlinker @executable_path/Frameworks -dead_strip -Xlinker -object_path_lto -Xlinker /Users/peterjemley/Library/Developer/Xcode/DerivedData/Bridget-gkvcitazgmfijfdltabiivkbdpkr/Build/Intermediates.noindex/Bridget.build/Debug-iphonesimulator/Bridget.build/Objects-normal/arm64/Bridget_lto.o -rdynamic -Xlinker -no_deduplicate -Xlinker -objc_abi_version -Xlinker 2 -Xlinker -debug_variant -Xlinker -dependency_info -Xlinker /Users/peterjemley/Library/Developer/Xcode/DerivedData/Bridget-gkvcitazgmfijfdltabiivkbdpkr/Build/Intermediates.noindex/Bridget.build/Debug-iphonesimulator/Bridget.build/Objects-normal/arm64/Bridget_dependency_info.dat -fobjc-link-runtime -fprofile-instr-generate -L/Applications/Xcode.app/Contents/Developer/Toolchains/XcodeDefault.xctoolchain/usr/lib/swift/iphonesimulator -L/usr/lib/swift -Xlinker -add_ast_path -Xlinker /Users/peterjemley/Library/Developer/Xcode/DerivedData/Bridget-gkvcitazgmfijfdltabiivkbdpkr/Build/Intermediates.noindex/Bridget.build/Debug-iphonesimulator/Bridget.build/Objects-normal/arm64/Bridget.swiftmodule -Wl,-no_warn_duplicate_libraries -Wl,-no_warn_duplicate_libraries -Wl,-no_warn_duplicate_libraries -Wl,-no_warn_duplicate_libraries -Wl,-no_warn_duplicate_libraries -Wl,-no_warn_duplicate_libraries -Wl,-no_warn_duplicate_libraries -Wl,-no_warn_duplicate_libraries -Wl,-no_warn_duplicate_libraries -Wl,-no_warn_duplicate_libraries -Xlinker -alias -Xlinker _main -Xlinker ___debug_main_executable_dylib_entry_point /Users/peterjemley/Library/Developer/Xcode/DerivedData/Bridget-gkvcitazgmfijfdltabiivkbdpkr/Build/Products/Debug-iphonesimulator/PackageFrameworks/BridgetCore_-7DB2DB52135F4AB_PackageProduct.framework/BridgetCore_-7DB2DB52135F4AB_PackageProduct /Users/peterjemley/Library/Developer/Xcode/DerivedData/Bridget-gkvcitazgmfijfdltabiivkbdpkr/Build/Products/Debug-iphonesimulator/PackageFrameworks/BridgetCore_-7DB2DB52135F4AB_PackageProduct.framework/BridgetCore_-7DB2DB52135F4AB_PackageProduct /Users/peterjemley/Library/Developer/Xcode/DerivedData/Bridget-gkvcitazgmfijfdltabiivkbdpkr/Build/Products/Debug-iphonesimulator/PackageFrameworks/BridgetCore_-7DB2DB52135F4AB_PackageProduct.framework/BridgetCore_-7DB2DB52135F4AB_PackageProduct /Users/peterjemley/Library/Developer/Xcode/DerivedData/Bridget-gkvcitazgmfijfdltabiivkbdpkr/Build/Products/Debug-iphonesimulator/PackageFrameworks/BridgetCore_-7DB2DB52135F4AB_PackageProduct.framework/BridgetCore_-7DB2DB52135F4AB_PackageProduct /Users/peterjemley/Library/Developer/Xcode/DerivedData/Bridget-gkvcitazgmfijfdltabiivkbdpkr/Build/Products/Debug-iphonesimulator/PackageFrameworks/BridgetCore_-7DB2DB52135F4AB_PackageProduct.framework/BridgetCore_-7DB2DB52135F4AB_PackageProduct /Users/peterjemley/Library/Developer/Xcode/DerivedData/Bridget-gkvcitazgmfijfdltabiivkbdpkr/Build/Products/Debug-iphonesimulator/PackageFrameworks/BridgetCore_-7DB2DB52135F4AB_PackageProduct.framework/BridgetCore_-7DB2DB52135F4AB_PackageProduct /Users/peterjemley/Library/Developer/Xcode/DerivedData/Bridget-gkvcitazgmfijfdltabiivkbdpkr/Build/Products/Debug-iphonesimulator/PackageFrameworks/BridgetCore_-7DB2DB52135F4AB_PackageProduct.framework/BridgetCore_-7DB2DB52135F4AB_PackageProduct /Users/peterjemley/Library/Developer/Xcode/DerivedData/Bridget-gkvcitazgmfijfdltabiivkbdpkr/Build/Products/Debug-iphonesimulator/PackageFrameworks/BridgetCore_-7DB2DB52135F4AB_PackageProduct.framework/BridgetCore_-7DB2DB52135F4AB_PackageProduct /Users/peterjemley/Library/Developer/Xcode/DerivedData/Bridget-gkvcitazgmfijfdltabiivkbdpkr/Build/Products/Debug-iphonesimulator/PackageFrameworks/BridgetCore_-7DB2DB52135F4AB_PackageProduct.framework/BridgetCore_-7DB2DB52135F4AB_PackageProduct /Users/peterjemley/Library/Developer/Xcode/DerivedData/Bridget-gkvcitazgmfijfdltabiivkbdpkr/Build/Products/Debug-iphonesimulator/PackageFrameworks/BridgetCore_-7DB2DB52135F4AB_PackageProduct.framework/BridgetCore_-7DB2DB52135F4AB_PackageProduct -Xlinker -no_adhoc_codesign -o /Users/peterjemley/Library/Developer/Xcode/DerivedData/Bridget-gkvcitazgmfijfdltabiivkbdpkr/Build/Products/Debug-iphonesimulator/Bridget.app/Bridget.debug.dylib -Xlinker -add_ast_path -Xlinker /Users/peterjemley/Library/Developer/Xcode/DerivedData/Bridget-gkvcitazgmfijfdltabiivkbdpkr/Build/Intermediates.noindex/BridgetHistory.build/Debug-iphonesimulator/BridgetHistory.build/Objects-normal/arm64/BridgetHistory.swiftmodule -Xlinker -add_ast_path -Xlinker /Users/peterjemley/Library/Developer/Xcode/DerivedData/Bridget-gkvcitazgmfijfdltabiivkbdpkr/Build/Intermediates.noindex/BridgetSharedUI.build/Debug-iphonesimulator/BridgetSharedUI.build/Objects-normal/arm64/BridgetSharedUI.swiftmodule -Xlinker -add_ast_path -Xlinker /Users/peterjemley/Library/Developer/Xcode/DerivedData/Bridget-gkvcitazgmfijfdltabiivkbdpkr/Build/Intermediates.noindex/BridgetNetworking.build/Debug-iphonesimulator/BridgetNetworking.build/Objects-normal/arm64/BridgetNetworking.swiftmodule -Xlinker -add_ast_path -Xlinker /Users/peterjemley/Library/Developer/Xcode/DerivedData/Bridget-gkvcitazgmfijfdltabiivkbdpkr/Build/Intermediates.noindex/BridgetBridgesList.build/Debug-iphonesimulator/BridgetBridgesList.build/Objects-normal/arm64/BridgetBridgesList.swiftmodule -Xlinker -add_ast_path -Xlinker /Users/peterjemley/Library/Developer/Xcode/DerivedData/Bridget-gkvcitazgmfijfdltabiivkbdpkr/Build/Intermediates.noindex/BridgetBridgeDetail.build/Debug-iphonesimulator/BridgetBridgeDetail.build/Objects-normal/arm64/BridgetBridgeDetail.swiftmodule -Xlinker -add_ast_path -Xlinker /Users/peterjemley/Library/Developer/Xcode/DerivedData/Bridget-gkvcitazgmfijfdltabiivkbdpkr/Build/Intermediates.noindex/BridgetSettings.build/Debug-iphonesimulator/BridgetSettings.build/Objects-normal/arm64/BridgetSettings.swiftmodule -Xlinker -add_ast_path -Xlinker /Users/peterjemley/Library/Developer/Xcode/DerivedData/Bridget-gkvcitazgmfijfdltabiivkbdpkr/Build/Intermediates.noindex/BridgetDashboard.build/Debug-iphonesimulator/BridgetDashboard.build/Objects-normal/arm64/BridgetDashboard.swiftmodule -Xlinker -add_ast_path -Xlinker /Users/peterjemley/Library/Developer/Xcode/DerivedData/Bridget-gkvcitazgmfijfdltabiivkbdpkr/Build/Intermediates.noindex/BridgetRouting.build/Debug-iphonesimulator/BridgetRouting.build/Objects-normal/arm64/BridgetRouting.swiftmodule -Xlinker -add_ast_path -Xlinker /Users/peterjemley/Library/Developer/Xcode/DerivedData/Bridget-gkvcitazgmfijfdltabiivkbdpkr/Build/Intermediates.noindex/BridgetStatistics.build/Debug-iphonesimulator/BridgetStatistics.build/Objects-normal/arm64/BridgetStatistics.swiftmodule

Copy /Users/peterjemley/Library/Developer/Xcode/DerivedData/Bridget-gkvcitazgmfijfdltabiivkbdpkr/Build/Products/Debug-iphonesimulator/Bridget.app/Frameworks/BridgetCore_-7DB2DB52135F4AB_PackageProduct.framework /Users/peterjemley/Library/Developer/Xcode/DerivedData/Bridget-gkvcitazgmfijfdltabiivkbdpkr/Build/Products/Debug-iphonesimulator/PackageFrameworks/BridgetCore_-7DB2DB52135F4AB_PackageProduct.framework (in target 'Bridget' from project 'Bridget')
    cd /Users/peterjemley/Documents/Developer/Bridget/Bridget
    builtin-copy -exclude .DS_Store -exclude CVS -exclude .svn -exclude .git -exclude .hg -resolve-src-symlinks -remove-static-executable /Users/peterjemley/Library/Developer/Xcode/DerivedData/Bridget-gkvcitazgmfijfdltabiivkbdpkr/Build/Products/Debug-iphonesimulator/PackageFrameworks/BridgetCore_-7DB2DB52135F4AB_PackageProduct.framework /Users/peterjemley/Library/Developer/Xcode/DerivedData/Bridget-gkvcitazgmfijfdltabiivkbdpkr/Build/Products/Debug-iphonesimulator/Bridget.app/Frameworks

CodeSign /Users/peterjemley/Library/Developer/Xcode/DerivedData/Bridget-gkvcitazgmfijfdltabiivkbdpkr/Build/Products/Debug-iphonesimulator/Bridget.app/Frameworks/BridgetCore_-7DB2DB52135F4AB_PackageProduct.framework (in target 'Bridget' from project 'Bridget')
    cd /Users/peterjemley/Documents/Developer/Bridget/Bridget
    
    Signing Identity:     "Sign to Run Locally"
    
    /usr/bin/codesign --force --sign - --timestamp\=none --preserve-metadata\=identifier,entitlements,flags --generate-entitlement-der /Users/peterjemley/Library/Developer/Xcode/DerivedData/Bridget-gkvcitazgmfijfdltabiivkbdpkr/Build/Products/Debug-iphonesimulator/Bridget.app/Frameworks/BridgetCore_-7DB2DB52135F4AB_PackageProduct.framework
/Users/peterjemley/Library/Developer/Xcode/DerivedData/Bridget-gkvcitazgmfijfdltabiivkbdpkr/Build/Products/Debug-iphonesimulator/Bridget.app/Frameworks/BridgetCore_-7DB2DB52135F4AB_PackageProduct.framework: replacing existing signature

SwiftDriverJobDiscovery normal arm64 Compiling BridgeDetailTests.swift (in target 'BridgetTests' from project 'Bridget')

SwiftDriverJobDiscovery normal arm64 Compiling ComprehensiveUITests.swift (in target 'BridgetUITests' from project 'Bridget')

SwiftDriver\ Compilation BridgetUITests normal arm64 com.apple.xcode.tools.swift.compiler (in target 'BridgetUITests' from project 'Bridget')
    cd /Users/peterjemley/Documents/Developer/Bridget/Bridget
    builtin-Swift-Compilation -- /Applications/Xcode.app/Contents/Developer/Toolchains/XcodeDefault.xctoolchain/usr/bin/swiftc -module-name BridgetUITests -Onone -enforce-exclusivity\=checked @/Users/peterjemley/Library/Developer/Xcode/DerivedData/Bridget-gkvcitazgmfijfdltabiivkbdpkr/Build/Intermediates.noindex/Bridget.build/Debug-iphonesimulator/BridgetUITests.build/Objects-normal/arm64/BridgetUITests.SwiftFileList -DDEBUG -module-alias Testing\=_Testing_Unavailable -plugin-path /Applications/Xcode.app/Contents/Developer/Toolchains/XcodeDefault.xctoolchain/usr/lib/swift/host/plugins/testing -enable-bare-slash-regex -enable-experimental-feature DebugDescriptionMacro -sdk /Applications/Xcode.app/Contents/Developer/Platforms/iPhoneSimulator.platform/Developer/SDKs/iPhoneSimulator18.5.sdk -target arm64-apple-ios18.5-simulator -g -module-cache-path /Users/peterjemley/Library/Developer/Xcode/DerivedData/ModuleCache.noindex -Xfrontend -serialize-debugging-options -profile-coverage-mapping -profile-generate -enable-testing -index-store-path /Users/peterjemley/Library/Developer/Xcode/DerivedData/Bridget-gkvcitazgmfijfdltabiivkbdpkr/Index.noindex/DataStore -swift-version 5 -I /Users/peterjemley/Library/Developer/Xcode/DerivedData/Bridget-gkvcitazgmfijfdltabiivkbdpkr/Build/Products/Debug-iphonesimulator -I /Applications/Xcode.app/Contents/Developer/Platforms/iPhoneSimulator.platform/Developer/usr/lib -F /Users/peterjemley/Library/Developer/Xcode/DerivedData/Bridget-gkvcitazgmfijfdltabiivkbdpkr/Build/Products/Debug-iphonesimulator/PackageFrameworks -F /Users/peterjemley/Library/Developer/Xcode/DerivedData/Bridget-gkvcitazgmfijfdltabiivkbdpkr/Build/Products/Debug-iphonesimulator -F /Applications/Xcode.app/Contents/Developer/Platforms/iPhoneSimulator.platform/Developer/Library/Frameworks -F /Applications/Xcode.app/Contents/Developer/Platforms/iPhoneSimulator.platform/Developer/SDKs/iPhoneSimulator18.5.sdk/Developer/Library/Frameworks -c -j16 -enable-batch-mode -incremental -Xcc -ivfsstatcache -Xcc /Users/peterjemley/Library/Developer/Xcode/DerivedData/SDKStatCaches.noindex/iphonesimulator18.5-22F76-d5fc8ad4295d2ef488fb7d0f804ce0c4.sdkstatcache -output-file-map /Users/peterjemley/Library/Developer/Xcode/DerivedData/Bridget-gkvcitazgmfijfdltabiivkbdpkr/Build/Intermediates.noindex/Bridget.build/Debug-iphonesimulator/BridgetUITests.build/Objects-normal/arm64/BridgetUITests-OutputFileMap.json -use-frontend-parseable-output -save-temps -no-color-diagnostics -serialize-diagnostics -emit-dependencies -emit-module -emit-module-path /Users/peterjemley/Library/Developer/Xcode/DerivedData/Bridget-gkvcitazgmfijfdltabiivkbdpkr/Build/Intermediates.noindex/Bridget.build/Debug-iphonesimulator/BridgetUITests.build/Objects-normal/arm64/BridgetUITests.swiftmodule -validate-clang-modules-once -clang-build-session-file /Users/peterjemley/Library/Developer/Xcode/DerivedData/ModuleCache.noindex/Session.modulevalidation -Xcc -I/Users/peterjemley/Library/Developer/Xcode/DerivedData/Bridget-gkvcitazgmfijfdltabiivkbdpkr/Build/Intermediates.noindex/Bridget.build/Debug-iphonesimulator/BridgetUITests.build/swift-overrides.hmap -emit-const-values -Xfrontend -const-gather-protocols-file -Xfrontend /Users/peterjemley/Library/Developer/Xcode/DerivedData/Bridget-gkvcitazgmfijfdltabiivkbdpkr/Build/Intermediates.noindex/Bridget.build/Debug-iphonesimulator/BridgetUITests.build/Objects-normal/arm64/BridgetUITests_const_extract_protocols.json -Xcc -iquote -Xcc /Users/peterjemley/Library/Developer/Xcode/DerivedData/Bridget-gkvcitazgmfijfdltabiivkbdpkr/Build/Intermediates.noindex/Bridget.build/Debug-iphonesimulator/BridgetUITests.build/BridgetUITests-generated-files.hmap -Xcc -I/Users/peterjemley/Library/Developer/Xcode/DerivedData/Bridget-gkvcitazgmfijfdltabiivkbdpkr/Build/Intermediates.noindex/Bridget.build/Debug-iphonesimulator/BridgetUITests.build/BridgetUITests-own-target-headers.hmap -Xcc -I/Users/peterjemley/Library/Developer/Xcode/DerivedData/Bridget-gkvcitazgmfijfdltabiivkbdpkr/Build/Intermediates.noindex/Bridget.build/Debug-iphonesimulator/BridgetUITests.build/BridgetUITests-all-non-framework-target-headers.hmap -Xcc -ivfsoverlay -Xcc /Users/peterjemley/Library/Developer/Xcode/DerivedData/Bridget-gkvcitazgmfijfdltabiivkbdpkr/Build/Intermediates.noindex/Bridget.build/Debug-iphonesimulator/Bridget-8db4b7ce324d0ccb8b542e85f60fec93-VFS-iphonesimulator/all-product-headers.yaml -Xcc -iquote -Xcc /Users/peterjemley/Library/Developer/Xcode/DerivedData/Bridget-gkvcitazgmfijfdltabiivkbdpkr/Build/Intermediates.noindex/Bridget.build/Debug-iphonesimulator/BridgetUITests.build/BridgetUITests-project-headers.hmap -Xcc -I/Users/peterjemley/Library/Developer/Xcode/DerivedData/Bridget-gkvcitazgmfijfdltabiivkbdpkr/Build/Products/Debug-iphonesimulator/include -Xcc -I/Users/peterjemley/Library/Developer/Xcode/DerivedData/Bridget-gkvcitazgmfijfdltabiivkbdpkr/Build/Intermediates.noindex/Bridget.build/Debug-iphonesimulator/BridgetUITests.build/DerivedSources-normal/arm64 -Xcc -I/Users/peterjemley/Library/Developer/Xcode/DerivedData/Bridget-gkvcitazgmfijfdltabiivkbdpkr/Build/Intermediates.noindex/Bridget.build/Debug-iphonesimulator/BridgetUITests.build/DerivedSources/arm64 -Xcc -I/Users/peterjemley/Library/Developer/Xcode/DerivedData/Bridget-gkvcitazgmfijfdltabiivkbdpkr/Build/Intermediates.noindex/Bridget.build/Debug-iphonesimulator/BridgetUITests.build/DerivedSources -Xcc -DDEBUG\=1 -emit-objc-header -emit-objc-header-path /Users/peterjemley/Library/Developer/Xcode/DerivedData/Bridget-gkvcitazgmfijfdltabiivkbdpkr/Build/Intermediates.noindex/Bridget.build/Debug-iphonesimulator/BridgetUITests.build/Objects-normal/arm64/BridgetUITests-Swift.h -working-directory /Users/peterjemley/Documents/Developer/Bridget/Bridget -experimental-emit-module-separately -disable-cmo

SwiftDriverJobDiscovery normal arm64 Compiling DynamicAnalysisTests.swift (in target 'BridgetTests' from project 'Bridget')

SwiftDriverJobDiscovery normal arm64 Compiling BridgetTests.swift (in target 'BridgetTests' from project 'Bridget')

ConstructStubExecutorLinkFileList /Users/peterjemley/Library/Developer/Xcode/DerivedData/Bridget-gkvcitazgmfijfdltabiivkbdpkr/Build/Intermediates.noindex/Bridget.build/Debug-iphonesimulator/Bridget.build/Bridget-ExecutorLinkFileList-normal-arm64.txt (in target 'Bridget' from project 'Bridget')
    cd /Users/peterjemley/Documents/Developer/Bridget/Bridget
    construct-stub-executor-link-file-list /Users/peterjemley/Library/Developer/Xcode/DerivedData/Bridget-gkvcitazgmfijfdltabiivkbdpkr/Build/Products/Debug-iphonesimulator/Bridget.app/Bridget.debug.dylib /Applications/Xcode.app/Contents/Developer/Platforms/iPhoneSimulator.platform/Developer/usr/lib/libPreviewsJITStubExecutor_no_swift_entry_point.a /Applications/Xcode.app/Contents/Developer/Platforms/iPhoneSimulator.platform/Developer/usr/lib/libPreviewsJITStubExecutor.a --output /Users/peterjemley/Library/Developer/Xcode/DerivedData/Bridget-gkvcitazgmfijfdltabiivkbdpkr/Build/Intermediates.noindex/Bridget.build/Debug-iphonesimulator/Bridget.build/Bridget-ExecutorLinkFileList-normal-arm64.txt
note: Using stub executor library with Swift entry point. (in target 'Bridget' from project 'Bridget')

Ld /Users/peterjemley/Library/Developer/Xcode/DerivedData/Bridget-gkvcitazgmfijfdltabiivkbdpkr/Build/Products/Debug-iphonesimulator/Bridget.app/Bridget normal (in target 'Bridget' from project 'Bridget')
    cd /Users/peterjemley/Documents/Developer/Bridget/Bridget
    /Applications/Xcode.app/Contents/Developer/Toolchains/XcodeDefault.xctoolchain/usr/bin/clang -Xlinker -reproducible -target arm64-apple-ios18.5-simulator -isysroot /Applications/Xcode.app/Contents/Developer/Platforms/iPhoneSimulator.platform/Developer/SDKs/iPhoneSimulator18.5.sdk -O0 -L/Users/peterjemley/Library/Developer/Xcode/DerivedData/Bridget-gkvcitazgmfijfdltabiivkbdpkr/Build/Products/Debug-iphonesimulator -F/Users/peterjemley/Library/Developer/Xcode/DerivedData/Bridget-gkvcitazgmfijfdltabiivkbdpkr/Build/Products/Debug-iphonesimulator/PackageFrameworks -F/Users/peterjemley/Library/Developer/Xcode/DerivedData/Bridget-gkvcitazgmfijfdltabiivkbdpkr/Build/Products/Debug-iphonesimulator/PackageFrameworks -F/Users/peterjemley/Library/Developer/Xcode/DerivedData/Bridget-gkvcitazgmfijfdltabiivkbdpkr/Build/Products/Debug-iphonesimulator/PackageFrameworks -F/Users/peterjemley/Library/Developer/Xcode/DerivedData/Bridget-gkvcitazgmfijfdltabiivkbdpkr/Build/Products/Debug-iphonesimulator/PackageFrameworks -F/Users/peterjemley/Library/Developer/Xcode/DerivedData/Bridget-gkvcitazgmfijfdltabiivkbdpkr/Build/Products/Debug-iphonesimulator/PackageFrameworks -F/Users/peterjemley/Library/Developer/Xcode/DerivedData/Bridget-gkvcitazgmfijfdltabiivkbdpkr/Build/Products/Debug-iphonesimulator/PackageFrameworks -F/Users/peterjemley/Library/Developer/Xcode/DerivedData/Bridget-gkvcitazgmfijfdltabiivkbdpkr/Build/Products/Debug-iphonesimulator/PackageFrameworks -F/Users/peterjemley/Library/Developer/Xcode/DerivedData/Bridget-gkvcitazgmfijfdltabiivkbdpkr/Build/Products/Debug-iphonesimulator/PackageFrameworks -F/Users/peterjemley/Library/Developer/Xcode/DerivedData/Bridget-gkvcitazgmfijfdltabiivkbdpkr/Build/Products/Debug-iphonesimulator/PackageFrameworks -F/Users/peterjemley/Library/Developer/Xcode/DerivedData/Bridget-gkvcitazgmfijfdltabiivkbdpkr/Build/Products/Debug-iphonesimulator/PackageFrameworks -F/Users/peterjemley/Library/Developer/Xcode/DerivedData/Bridget-gkvcitazgmfijfdltabiivkbdpkr/Build/Products/Debug-iphonesimulator -Xlinker -rpath -Xlinker @executable_path -Xlinker -rpath -Xlinker /Users/peterjemley/Library/Developer/Xcode/DerivedData/Bridget-gkvcitazgmfijfdltabiivkbdpkr/Build/Products/Debug-iphonesimulator/PackageFrameworks -Xlinker -rpath -Xlinker @executable_path/Frameworks -rdynamic -Xlinker -no_deduplicate -Xlinker -objc_abi_version -Xlinker 2 -Xlinker -debug_variant -e ___debug_blank_executor_main -Xlinker -sectcreate -Xlinker __TEXT -Xlinker __debug_dylib -Xlinker /Users/peterjemley/Library/Developer/Xcode/DerivedData/Bridget-gkvcitazgmfijfdltabiivkbdpkr/Build/Intermediates.noindex/Bridget.build/Debug-iphonesimulator/Bridget.build/Bridget-DebugDylibPath-normal-arm64.txt -Xlinker -sectcreate -Xlinker __TEXT -Xlinker __debug_instlnm -Xlinker /Users/peterjemley/Library/Developer/Xcode/DerivedData/Bridget-gkvcitazgmfijfdltabiivkbdpkr/Build/Intermediates.noindex/Bridget.build/Debug-iphonesimulator/Bridget.build/Bridget-DebugDylibInstallName-normal-arm64.txt -Xlinker -filelist -Xlinker /Users/peterjemley/Library/Developer/Xcode/DerivedData/Bridget-gkvcitazgmfijfdltabiivkbdpkr/Build/Intermediates.noindex/Bridget.build/Debug-iphonesimulator/Bridget.build/Bridget-ExecutorLinkFileList-normal-arm64.txt -Xlinker -sectcreate -Xlinker __TEXT -Xlinker __entitlements -Xlinker /Users/peterjemley/Library/Developer/Xcode/DerivedData/Bridget-gkvcitazgmfijfdltabiivkbdpkr/Build/Intermediates.noindex/Bridget.build/Debug-iphonesimulator/Bridget.build/Bridget.app-Simulated.xcent -Xlinker -sectcreate -Xlinker __TEXT -Xlinker __ents_der -Xlinker /Users/peterjemley/Library/Developer/Xcode/DerivedData/Bridget-gkvcitazgmfijfdltabiivkbdpkr/Build/Intermediates.noindex/Bridget.build/Debug-iphonesimulator/Bridget.build/Bridget.app-Simulated.xcent.der /Users/peterjemley/Library/Developer/Xcode/DerivedData/Bridget-gkvcitazgmfijfdltabiivkbdpkr/Build/Products/Debug-iphonesimulator/Bridget.app/Bridget.debug.dylib -Xlinker -no_adhoc_codesign -o /Users/peterjemley/Library/Developer/Xcode/DerivedData/Bridget-gkvcitazgmfijfdltabiivkbdpkr/Build/Products/Debug-iphonesimulator/Bridget.app/Bridget

SwiftDriverJobDiscovery normal arm64 Compiling ComprehensiveUITests.swift (in target 'BridgetTests' from project 'Bridget')

SwiftDriver\ Compilation BridgetTests normal arm64 com.apple.xcode.tools.swift.compiler (in target 'BridgetTests' from project 'Bridget')
    cd /Users/peterjemley/Documents/Developer/Bridget/Bridget
    builtin-Swift-Compilation -- /Applications/Xcode.app/Contents/Developer/Toolchains/XcodeDefault.xctoolchain/usr/bin/swiftc -module-name BridgetTests -Onone -enforce-exclusivity\=checked @/Users/peterjemley/Library/Developer/Xcode/DerivedData/Bridget-gkvcitazgmfijfdltabiivkbdpkr/Build/Intermediates.noindex/Bridget.build/Debug-iphonesimulator/BridgetTests.build/Objects-normal/arm64/BridgetTests.SwiftFileList -DDEBUG -plugin-path /Applications/Xcode.app/Contents/Developer/Toolchains/XcodeDefault.xctoolchain/usr/lib/swift/host/plugins/testing -enable-bare-slash-regex -enable-experimental-feature DebugDescriptionMacro -sdk /Applications/Xcode.app/Contents/Developer/Platforms/iPhoneSimulator.platform/Developer/SDKs/iPhoneSimulator18.5.sdk -target arm64-apple-ios18.5-simulator -g -module-cache-path /Users/peterjemley/Library/Developer/Xcode/DerivedData/ModuleCache.noindex -Xfrontend -serialize-debugging-options -profile-coverage-mapping -profile-generate -enable-testing -index-store-path /Users/peterjemley/Library/Developer/Xcode/DerivedData/Bridget-gkvcitazgmfijfdltabiivkbdpkr/Index.noindex/DataStore -swift-version 5 -I /Users/peterjemley/Library/Developer/Xcode/DerivedData/Bridget-gkvcitazgmfijfdltabiivkbdpkr/Build/Products/Debug-iphonesimulator -I /Applications/Xcode.app/Contents/Developer/Platforms/iPhoneSimulator.platform/Developer/usr/lib -F /Users/peterjemley/Library/Developer/Xcode/DerivedData/Bridget-gkvcitazgmfijfdltabiivkbdpkr/Build/Products/Debug-iphonesimulator/PackageFrameworks -F /Users/peterjemley/Library/Developer/Xcode/DerivedData/Bridget-gkvcitazgmfijfdltabiivkbdpkr/Build/Products/Debug-iphonesimulator/PackageFrameworks -F /Users/peterjemley/Library/Developer/Xcode/DerivedData/Bridget-gkvcitazgmfijfdltabiivkbdpkr/Build/Products/Debug-iphonesimulator/PackageFrameworks -F /Users/peterjemley/Library/Developer/Xcode/DerivedData/Bridget-gkvcitazgmfijfdltabiivkbdpkr/Build/Products/Debug-iphonesimulator/PackageFrameworks -F /Users/peterjemley/Library/Developer/Xcode/DerivedData/Bridget-gkvcitazgmfijfdltabiivkbdpkr/Build/Products/Debug-iphonesimulator/PackageFrameworks -F /Users/peterjemley/Library/Developer/Xcode/DerivedData/Bridget-gkvcitazgmfijfdltabiivkbdpkr/Build/Products/Debug-iphonesimulator/PackageFrameworks -F /Users/peterjemley/Library/Developer/Xcode/DerivedData/Bridget-gkvcitazgmfijfdltabiivkbdpkr/Build/Products/Debug-iphonesimulator/PackageFrameworks -F /Users/peterjemley/Library/Developer/Xcode/DerivedData/Bridget-gkvcitazgmfijfdltabiivkbdpkr/Build/Products/Debug-iphonesimulator/PackageFrameworks -F /Users/peterjemley/Library/Developer/Xcode/DerivedData/Bridget-gkvcitazgmfijfdltabiivkbdpkr/Build/Products/Debug-iphonesimulator/PackageFrameworks -F /Users/peterjemley/Library/Developer/Xcode/DerivedData/Bridget-gkvcitazgmfijfdltabiivkbdpkr/Build/Products/Debug-iphonesimulator/PackageFrameworks -F /Users/peterjemley/Library/Developer/Xcode/DerivedData/Bridget-gkvcitazgmfijfdltabiivkbdpkr/Build/Products/Debug-iphonesimulator/PackageFrameworks -F /Users/peterjemley/Library/Developer/Xcode/DerivedData/Bridget-gkvcitazgmfijfdltabiivkbdpkr/Build/Products/Debug-iphonesimulator -F /Applications/Xcode.app/Contents/Developer/Platforms/iPhoneSimulator.platform/Developer/Library/Frameworks -F /Applications/Xcode.app/Contents/Developer/Platforms/iPhoneSimulator.platform/Developer/SDKs/iPhoneSimulator18.5.sdk/Developer/Library/Frameworks -c -j16 -enable-batch-mode -incremental -Xcc -ivfsstatcache -Xcc /Users/peterjemley/Library/Developer/Xcode/DerivedData/SDKStatCaches.noindex/iphonesimulator18.5-22F76-d5fc8ad4295d2ef488fb7d0f804ce0c4.sdkstatcache -output-file-map /Users/peterjemley/Library/Developer/Xcode/DerivedData/Bridget-gkvcitazgmfijfdltabiivkbdpkr/Build/Intermediates.noindex/Bridget.build/Debug-iphonesimulator/BridgetTests.build/Objects-normal/arm64/BridgetTests-OutputFileMap.json -use-frontend-parseable-output -save-temps -no-color-diagnostics -serialize-diagnostics -emit-dependencies -emit-module -emit-module-path /Users/peterjemley/Library/Developer/Xcode/DerivedData/Bridget-gkvcitazgmfijfdltabiivkbdpkr/Build/Intermediates.noindex/Bridget.build/Debug-iphonesimulator/BridgetTests.build/Objects-normal/arm64/BridgetTests.swiftmodule -validate-clang-modules-once -clang-build-session-file /Users/peterjemley/Library/Developer/Xcode/DerivedData/ModuleCache.noindex/Session.modulevalidation -Xcc -I/Users/peterjemley/Library/Developer/Xcode/DerivedData/Bridget-gkvcitazgmfijfdltabiivkbdpkr/Build/Intermediates.noindex/Bridget.build/Debug-iphonesimulator/BridgetTests.build/swift-overrides.hmap -emit-const-values -Xfrontend -const-gather-protocols-file -Xfrontend /Users/peterjemley/Library/Developer/Xcode/DerivedData/Bridget-gkvcitazgmfijfdltabiivkbdpkr/Build/Intermediates.noindex/Bridget.build/Debug-iphonesimulator/BridgetTests.build/Objects-normal/arm64/BridgetTests_const_extract_protocols.json -Xcc -iquote -Xcc /Users/peterjemley/Library/Developer/Xcode/DerivedData/Bridget-gkvcitazgmfijfdltabiivkbdpkr/Build/Intermediates.noindex/Bridget.build/Debug-iphonesimulator/BridgetTests.build/BridgetTests-generated-files.hmap -Xcc -I/Users/peterjemley/Library/Developer/Xcode/DerivedData/Bridget-gkvcitazgmfijfdltabiivkbdpkr/Build/Intermediates.noindex/Bridget.build/Debug-iphonesimulator/BridgetTests.build/BridgetTests-own-target-headers.hmap -Xcc -I/Users/peterjemley/Library/Developer/Xcode/DerivedData/Bridget-gkvcitazgmfijfdltabiivkbdpkr/Build/Intermediates.noindex/Bridget.build/Debug-iphonesimulator/BridgetTests.build/BridgetTests-all-non-framework-target-headers.hmap -Xcc -ivfsoverlay -Xcc /Users/peterjemley/Library/Developer/Xcode/DerivedData/Bridget-gkvcitazgmfijfdltabiivkbdpkr/Build/Intermediates.noindex/Bridget.build/Debug-iphonesimulator/Bridget-8db4b7ce324d0ccb8b542e85f60fec93-VFS-iphonesimulator/all-product-headers.yaml -Xcc -iquote -Xcc /Users/peterjemley/Library/Developer/Xcode/DerivedData/Bridget-gkvcitazgmfijfdltabiivkbdpkr/Build/Intermediates.noindex/Bridget.build/Debug-iphonesimulator/BridgetTests.build/BridgetTests-project-headers.hmap -Xcc -I/Users/peterjemley/Library/Developer/Xcode/DerivedData/Bridget-gkvcitazgmfijfdltabiivkbdpkr/Build/Products/Debug-iphonesimulator/include -Xcc -I/Users/peterjemley/Library/Developer/Xcode/DerivedData/Bridget-gkvcitazgmfijfdltabiivkbdpkr/Build/Intermediates.noindex/Bridget.build/Debug-iphonesimulator/BridgetTests.build/DerivedSources-normal/arm64 -Xcc -I/Users/peterjemley/Library/Developer/Xcode/DerivedData/Bridget-gkvcitazgmfijfdltabiivkbdpkr/Build/Intermediates.noindex/Bridget.build/Debug-iphonesimulator/BridgetTests.build/DerivedSources/arm64 -Xcc -I/Users/peterjemley/Library/Developer/Xcode/DerivedData/Bridget-gkvcitazgmfijfdltabiivkbdpkr/Build/Intermediates.noindex/Bridget.build/Debug-iphonesimulator/BridgetTests.build/DerivedSources -Xcc -DDEBUG\=1 -emit-objc-header -emit-objc-header-path /Users/peterjemley/Library/Developer/Xcode/DerivedData/Bridget-gkvcitazgmfijfdltabiivkbdpkr/Build/Intermediates.noindex/Bridget.build/Debug-iphonesimulator/BridgetTests.build/Objects-normal/arm64/BridgetTests-Swift.h -working-directory /Users/peterjemley/Documents/Developer/Bridget/Bridget -experimental-emit-module-separately -disable-cmo

LinkAssetCatalog /Users/peterjemley/Documents/Developer/Bridget/Bridget/Bridget/Assets.xcassets (in target 'Bridget' from project 'Bridget')
    cd /Users/peterjemley/Documents/Developer/Bridget/Bridget
    builtin-linkAssetCatalog --thinned /Users/peterjemley/Library/Developer/Xcode/DerivedData/Bridget-gkvcitazgmfijfdltabiivkbdpkr/Build/Intermediates.noindex/Bridget.build/Debug-iphonesimulator/Bridget.build/assetcatalog_output/thinned --thinned-dependencies /Users/peterjemley/Library/Developer/Xcode/DerivedData/Bridget-gkvcitazgmfijfdltabiivkbdpkr/Build/Intermediates.noindex/Bridget.build/Debug-iphonesimulator/Bridget.build/assetcatalog_dependencies_thinned --thinned-info-plist-content /Users/peterjemley/Library/Developer/Xcode/DerivedData/Bridget-gkvcitazgmfijfdltabiivkbdpkr/Build/Intermediates.noindex/Bridget.build/Debug-iphonesimulator/Bridget.build/assetcatalog_generated_info.plist_thinned --unthinned /Users/peterjemley/Library/Developer/Xcode/DerivedData/Bridget-gkvcitazgmfijfdltabiivkbdpkr/Build/Intermediates.noindex/Bridget.build/Debug-iphonesimulator/Bridget.build/assetcatalog_output/unthinned --unthinned-dependencies /Users/peterjemley/Library/Developer/Xcode/DerivedData/Bridget-gkvcitazgmfijfdltabiivkbdpkr/Build/Intermediates.noindex/Bridget.build/Debug-iphonesimulator/Bridget.build/assetcatalog_dependencies_unthinned --unthinned-info-plist-content /Users/peterjemley/Library/Developer/Xcode/DerivedData/Bridget-gkvcitazgmfijfdltabiivkbdpkr/Build/Intermediates.noindex/Bridget.build/Debug-iphonesimulator/Bridget.build/assetcatalog_generated_info.plist_unthinned --output /Users/peterjemley/Library/Developer/Xcode/DerivedData/Bridget-gkvcitazgmfijfdltabiivkbdpkr/Build/Products/Debug-iphonesimulator/Bridget.app --plist-output /Users/peterjemley/Library/Developer/Xcode/DerivedData/Bridget-gkvcitazgmfijfdltabiivkbdpkr/Build/Intermediates.noindex/Bridget.build/Debug-iphonesimulator/Bridget.build/assetcatalog_generated_info.plist
note: Emplaced /Users/peterjemley/Library/Developer/Xcode/DerivedData/Bridget-gkvcitazgmfijfdltabiivkbdpkr/Build/Products/Debug-iphonesimulator/Bridget.app/Assets.car (in target 'Bridget' from project 'Bridget')
note: Emplaced /Users/peterjemley/Library/Developer/Xcode/DerivedData/Bridget-gkvcitazgmfijfdltabiivkbdpkr/Build/Products/Debug-iphonesimulator/Bridget.app/AppIcon60x60@2x.png (in target 'Bridget' from project 'Bridget')
note: Emplaced /Users/peterjemley/Library/Developer/Xcode/DerivedData/Bridget-gkvcitazgmfijfdltabiivkbdpkr/Build/Products/Debug-iphonesimulator/Bridget.app/AppIcon76x76@2x~ipad.png (in target 'Bridget' from project 'Bridget')

CopySwiftLibs /Users/peterjemley/Library/Developer/Xcode/DerivedData/Bridget-gkvcitazgmfijfdltabiivkbdpkr/Build/Products/Debug-iphonesimulator/Bridget.app (in target 'Bridget' from project 'Bridget')
    cd /Users/peterjemley/Documents/Developer/Bridget/Bridget
    builtin-swiftStdLibTool --copy --verbose --sign - --scan-executable /Users/peterjemley/Library/Developer/Xcode/DerivedData/Bridget-gkvcitazgmfijfdltabiivkbdpkr/Build/Products/Debug-iphonesimulator/Bridget.app/Bridget.debug.dylib --scan-folder /Users/peterjemley/Library/Developer/Xcode/DerivedData/Bridget-gkvcitazgmfijfdltabiivkbdpkr/Build/Products/Debug-iphonesimulator/Bridget.app/Frameworks --scan-folder /Users/peterjemley/Library/Developer/Xcode/DerivedData/Bridget-gkvcitazgmfijfdltabiivkbdpkr/Build/Products/Debug-iphonesimulator/Bridget.app/PlugIns --scan-folder /Users/peterjemley/Library/Developer/Xcode/DerivedData/Bridget-gkvcitazgmfijfdltabiivkbdpkr/Build/Products/Debug-iphonesimulator/Bridget.app/SystemExtensions --scan-folder /Users/peterjemley/Library/Developer/Xcode/DerivedData/Bridget-gkvcitazgmfijfdltabiivkbdpkr/Build/Products/Debug-iphonesimulator/Bridget.app/Extensions --scan-folder /Users/peterjemley/Library/Developer/Xcode/DerivedData/Bridget-gkvcitazgmfijfdltabiivkbdpkr/Build/Products/Debug-iphonesimulator/PackageFrameworks/BridgetCore_-7DB2DB52135F4AB_PackageProduct.framework --platform iphonesimulator --toolchain /Applications/Xcode.app/Contents/Developer/Toolchains/XcodeDefault.xctoolchain --destination /Users/peterjemley/Library/Developer/Xcode/DerivedData/Bridget-gkvcitazgmfijfdltabiivkbdpkr/Build/Products/Debug-iphonesimulator/Bridget.app/Frameworks --strip-bitcode --strip-bitcode-tool /Applications/Xcode.app/Contents/Developer/Toolchains/XcodeDefault.xctoolchain/usr/bin/bitcode_strip --emit-dependency-info /Users/peterjemley/Library/Developer/Xcode/DerivedData/Bridget-gkvcitazgmfijfdltabiivkbdpkr/Build/Intermediates.noindex/Bridget.build/Debug-iphonesimulator/Bridget.build/SwiftStdLibToolInputDependencies.dep --filter-for-swift-os

ProcessInfoPlistFile /Users/peterjemley/Library/Developer/Xcode/DerivedData/Bridget-gkvcitazgmfijfdltabiivkbdpkr/Build/Products/Debug-iphonesimulator/Bridget.app/Info.plist /Users/peterjemley/Library/Developer/Xcode/DerivedData/Bridget-gkvcitazgmfijfdltabiivkbdpkr/Build/Intermediates.noindex/Bridget.build/Debug-iphonesimulator/Bridget.build/empty-Bridget.plist (in target 'Bridget' from project 'Bridget')
    cd /Users/peterjemley/Documents/Developer/Bridget/Bridget
    builtin-infoPlistUtility /Users/peterjemley/Library/Developer/Xcode/DerivedData/Bridget-gkvcitazgmfijfdltabiivkbdpkr/Build/Intermediates.noindex/Bridget.build/Debug-iphonesimulator/Bridget.build/empty-Bridget.plist -producttype com.apple.product-type.application -genpkginfo /Users/peterjemley/Library/Developer/Xcode/DerivedData/Bridget-gkvcitazgmfijfdltabiivkbdpkr/Build/Products/Debug-iphonesimulator/Bridget.app/PkgInfo -expandbuildsettings -format binary -platform iphonesimulator -additionalcontentfile /Users/peterjemley/Library/Developer/Xcode/DerivedData/Bridget-gkvcitazgmfijfdltabiivkbdpkr/Build/Intermediates.noindex/Bridget.build/Debug-iphonesimulator/Bridget.build/assetcatalog_generated_info.plist -scanforprivacyfile /Users/peterjemley/Library/Developer/Xcode/DerivedData/Bridget-gkvcitazgmfijfdltabiivkbdpkr/Build/Products/Debug-iphonesimulator/Bridget.app/Frameworks/BridgetCore_-7DB2DB52135F4AB_PackageProduct.framework -o /Users/peterjemley/Library/Developer/Xcode/DerivedData/Bridget-gkvcitazgmfijfdltabiivkbdpkr/Build/Products/Debug-iphonesimulator/Bridget.app/Info.plist

ExtractAppIntentsMetadata (in target 'Bridget' from project 'Bridget')
    cd /Users/peterjemley/Documents/Developer/Bridget/Bridget
    /Applications/Xcode.app/Contents/Developer/Toolchains/XcodeDefault.xctoolchain/usr/bin/appintentsmetadataprocessor --toolchain-dir /Applications/Xcode.app/Contents/Developer/Toolchains/XcodeDefault.xctoolchain --module-name Bridget --sdk-root /Applications/Xcode.app/Contents/Developer/Platforms/iPhoneSimulator.platform/Developer/SDKs/iPhoneSimulator18.5.sdk --xcode-version 16F6 --platform-family iOS --deployment-target 18.5 --bundle-identifier name.PeterJemley.Bridget --output /Users/peterjemley/Library/Developer/Xcode/DerivedData/Bridget-gkvcitazgmfijfdltabiivkbdpkr/Build/Products/Debug-iphonesimulator/Bridget.app --target-triple arm64-apple-ios18.5-simulator --binary-file /Users/peterjemley/Library/Developer/Xcode/DerivedData/Bridget-gkvcitazgmfijfdltabiivkbdpkr/Build/Products/Debug-iphonesimulator/Bridget.app/Bridget --dependency-file /Users/peterjemley/Library/Developer/Xcode/DerivedData/Bridget-gkvcitazgmfijfdltabiivkbdpkr/Build/Intermediates.noindex/Bridget.build/Debug-iphonesimulator/Bridget.build/Objects-normal/arm64/Bridget_dependency_info.dat --stringsdata-file /Users/peterjemley/Library/Developer/Xcode/DerivedData/Bridget-gkvcitazgmfijfdltabiivkbdpkr/Build/Intermediates.noindex/Bridget.build/Debug-iphonesimulator/Bridget.build/Objects-normal/arm64/ExtractedAppShortcutsMetadata.stringsdata --source-file-list /Users/peterjemley/Library/Developer/Xcode/DerivedData/Bridget-gkvcitazgmfijfdltabiivkbdpkr/Build/Intermediates.noindex/Bridget.build/Debug-iphonesimulator/Bridget.build/Objects-normal/arm64/Bridget.SwiftFileList --metadata-file-list /Users/peterjemley/Library/Developer/Xcode/DerivedData/Bridget-gkvcitazgmfijfdltabiivkbdpkr/Build/Intermediates.noindex/Bridget.build/Debug-iphonesimulator/Bridget.build/Bridget.DependencyMetadataFileList --static-metadata-file-list /Users/peterjemley/Library/Developer/Xcode/DerivedData/Bridget-gkvcitazgmfijfdltabiivkbdpkr/Build/Intermediates.noindex/Bridget.build/Debug-iphonesimulator/Bridget.build/Bridget.DependencyStaticMetadataFileList --swift-const-vals-list /Users/peterjemley/Library/Developer/Xcode/DerivedData/Bridget-gkvcitazgmfijfdltabiivkbdpkr/Build/Intermediates.noindex/Bridget.build/Debug-iphonesimulator/Bridget.build/Objects-normal/arm64/Bridget.SwiftConstValuesFileList --compile-time-extraction --deployment-aware-processing --validate-assistant-intents --no-app-shortcuts-localization
2025-07-10 08:50:52.213 appintentsmetadataprocessor[78876:1492047] Starting appintentsmetadataprocessor export
2025-07-10 08:50:52.214 appintentsmetadataprocessor[78876:1492047] warning: Metadata extraction skipped. No AppIntents.framework dependency found.

AppIntentsSSUTraining (in target 'Bridget' from project 'Bridget')
    cd /Users/peterjemley/Documents/Developer/Bridget/Bridget
    /Applications/Xcode.app/Contents/Developer/Toolchains/XcodeDefault.xctoolchain/usr/bin/appintentsnltrainingprocessor --infoplist-path /Users/peterjemley/Library/Developer/Xcode/DerivedData/Bridget-gkvcitazgmfijfdltabiivkbdpkr/Build/Products/Debug-iphonesimulator/Bridget.app/Info.plist --temp-dir-path /Users/peterjemley/Library/Developer/Xcode/DerivedData/Bridget-gkvcitazgmfijfdltabiivkbdpkr/Build/Intermediates.noindex/Bridget.build/Debug-iphonesimulator/Bridget.build/ssu --bundle-id name.PeterJemley.Bridget --product-path /Users/peterjemley/Library/Developer/Xcode/DerivedData/Bridget-gkvcitazgmfijfdltabiivkbdpkr/Build/Products/Debug-iphonesimulator/Bridget.app --extracted-metadata-path /Users/peterjemley/Library/Developer/Xcode/DerivedData/Bridget-gkvcitazgmfijfdltabiivkbdpkr/Build/Products/Debug-iphonesimulator/Bridget.app/Metadata.appintents --metadata-file-list /Users/peterjemley/Library/Developer/Xcode/DerivedData/Bridget-gkvcitazgmfijfdltabiivkbdpkr/Build/Intermediates.noindex/Bridget.build/Debug-iphonesimulator/Bridget.build/Bridget.DependencyMetadataFileList --archive-ssu-assets
2025-07-10 08:50:52.224 appintentsnltrainingprocessor[78877:1492049] Parsing options for appintentsnltrainingprocessor
2025-07-10 08:50:52.224 appintentsnltrainingprocessor[78877:1492049] No AppShortcuts found - Skipping.

ProcessInfoPlistFile /Users/peterjemley/Library/Developer/Xcode/DerivedData/Bridget-gkvcitazgmfijfdltabiivkbdpkr/Build/Products/Debug-iphonesimulator/Bridget.app/PlugIns/BridgetTests.xctest/Info.plist /Users/peterjemley/Library/Developer/Xcode/DerivedData/Bridget-gkvcitazgmfijfdltabiivkbdpkr/Build/Intermediates.noindex/Bridget.build/Debug-iphonesimulator/BridgetTests.build/empty-BridgetTests.plist (in target 'BridgetTests' from project 'Bridget')
    cd /Users/peterjemley/Documents/Developer/Bridget/Bridget
    builtin-infoPlistUtility /Users/peterjemley/Library/Developer/Xcode/DerivedData/Bridget-gkvcitazgmfijfdltabiivkbdpkr/Build/Intermediates.noindex/Bridget.build/Debug-iphonesimulator/BridgetTests.build/empty-BridgetTests.plist -producttype com.apple.product-type.bundle.unit-test -expandbuildsettings -format binary -platform iphonesimulator -o /Users/peterjemley/Library/Developer/Xcode/DerivedData/Bridget-gkvcitazgmfijfdltabiivkbdpkr/Build/Products/Debug-iphonesimulator/Bridget.app/PlugIns/BridgetTests.xctest/Info.plist

Ld /Users/peterjemley/Library/Developer/Xcode/DerivedData/Bridget-gkvcitazgmfijfdltabiivkbdpkr/Build/Products/Debug-iphonesimulator/Bridget.app/PlugIns/BridgetTests.xctest/BridgetTests normal (in target 'BridgetTests' from project 'Bridget')
    cd /Users/peterjemley/Documents/Developer/Bridget/Bridget
    /Applications/Xcode.app/Contents/Developer/Toolchains/XcodeDefault.xctoolchain/usr/bin/clang -Xlinker -reproducible -target arm64-apple-ios18.5-simulator -bundle -isysroot /Applications/Xcode.app/Contents/Developer/Platforms/iPhoneSimulator.platform/Developer/SDKs/iPhoneSimulator18.5.sdk -O0 -L/Users/peterjemley/Library/Developer/Xcode/DerivedData/Bridget-gkvcitazgmfijfdltabiivkbdpkr/Build/Intermediates.noindex/EagerLinkingTBDs/Debug-iphonesimulator -L/Users/peterjemley/Library/Developer/Xcode/DerivedData/Bridget-gkvcitazgmfijfdltabiivkbdpkr/Build/Products/Debug-iphonesimulator -L/Applications/Xcode.app/Contents/Developer/Platforms/iPhoneSimulator.platform/Developer/usr/lib -F/Users/peterjemley/Library/Developer/Xcode/DerivedData/Bridget-gkvcitazgmfijfdltabiivkbdpkr/Build/Intermediates.noindex/EagerLinkingTBDs/Debug-iphonesimulator -F/Users/peterjemley/Library/Developer/Xcode/DerivedData/Bridget-gkvcitazgmfijfdltabiivkbdpkr/Build/Products/Debug-iphonesimulator/PackageFrameworks -F/Users/peterjemley/Library/Developer/Xcode/DerivedData/Bridget-gkvcitazgmfijfdltabiivkbdpkr/Build/Products/Debug-iphonesimulator/PackageFrameworks -F/Users/peterjemley/Library/Developer/Xcode/DerivedData/Bridget-gkvcitazgmfijfdltabiivkbdpkr/Build/Products/Debug-iphonesimulator/PackageFrameworks -F/Users/peterjemley/Library/Developer/Xcode/DerivedData/Bridget-gkvcitazgmfijfdltabiivkbdpkr/Build/Products/Debug-iphonesimulator/PackageFrameworks -F/Users/peterjemley/Library/Developer/Xcode/DerivedData/Bridget-gkvcitazgmfijfdltabiivkbdpkr/Build/Products/Debug-iphonesimulator/PackageFrameworks -F/Users/peterjemley/Library/Developer/Xcode/DerivedData/Bridget-gkvcitazgmfijfdltabiivkbdpkr/Build/Products/Debug-iphonesimulator/PackageFrameworks -F/Users/peterjemley/Library/Developer/Xcode/DerivedData/Bridget-gkvcitazgmfijfdltabiivkbdpkr/Build/Products/Debug-iphonesimulator/PackageFrameworks -F/Users/peterjemley/Library/Developer/Xcode/DerivedData/Bridget-gkvcitazgmfijfdltabiivkbdpkr/Build/Products/Debug-iphonesimulator/PackageFrameworks -F/Users/peterjemley/Library/Developer/Xcode/DerivedData/Bridget-gkvcitazgmfijfdltabiivkbdpkr/Build/Products/Debug-iphonesimulator/PackageFrameworks -F/Users/peterjemley/Library/Developer/Xcode/DerivedData/Bridget-gkvcitazgmfijfdltabiivkbdpkr/Build/Products/Debug-iphonesimulator/PackageFrameworks -F/Users/peterjemley/Library/Developer/Xcode/DerivedData/Bridget-gkvcitazgmfijfdltabiivkbdpkr/Build/Products/Debug-iphonesimulator/PackageFrameworks -F/Users/peterjemley/Library/Developer/Xcode/DerivedData/Bridget-gkvcitazgmfijfdltabiivkbdpkr/Build/Products/Debug-iphonesimulator -iframework /Applications/Xcode.app/Contents/Developer/Platforms/iPhoneSimulator.platform/Developer/Library/Frameworks -iframework /Applications/Xcode.app/Contents/Developer/Platforms/iPhoneSimulator.platform/Developer/SDKs/iPhoneSimulator18.5.sdk/Developer/Library/Frameworks -filelist /Users/peterjemley/Library/Developer/Xcode/DerivedData/Bridget-gkvcitazgmfijfdltabiivkbdpkr/Build/Intermediates.noindex/Bridget.build/Debug-iphonesimulator/BridgetTests.build/Objects-normal/arm64/BridgetTests.LinkFileList -Xlinker -rpath -Xlinker /Users/peterjemley/Library/Developer/Xcode/DerivedData/Bridget-gkvcitazgmfijfdltabiivkbdpkr/Build/Products/Debug-iphonesimulator/PackageFrameworks -Xlinker -rpath -Xlinker @loader_path/Frameworks -Xlinker -rpath -Xlinker @executable_path/Frameworks -dead_strip -bundle_loader /Users/peterjemley/Library/Developer/Xcode/DerivedData/Bridget-gkvcitazgmfijfdltabiivkbdpkr/Build/Products/Debug-iphonesimulator/Bridget.app/Bridget -Xlinker -object_path_lto -Xlinker /Users/peterjemley/Library/Developer/Xcode/DerivedData/Bridget-gkvcitazgmfijfdltabiivkbdpkr/Build/Intermediates.noindex/Bridget.build/Debug-iphonesimulator/BridgetTests.build/Objects-normal/arm64/BridgetTests_lto.o -rdynamic -Xlinker -no_deduplicate -Xlinker -objc_abi_version -Xlinker 2 -Xlinker -debug_variant -Xlinker -dependency_info -Xlinker /Users/peterjemley/Library/Developer/Xcode/DerivedData/Bridget-gkvcitazgmfijfdltabiivkbdpkr/Build/Intermediates.noindex/Bridget.build/Debug-iphonesimulator/BridgetTests.build/Objects-normal/arm64/BridgetTests_dependency_info.dat -fobjc-link-runtime -fprofile-instr-generate -L/Applications/Xcode.app/Contents/Developer/Toolchains/XcodeDefault.xctoolchain/usr/lib/swift/iphonesimulator -L/usr/lib/swift -Xlinker -add_ast_path -Xlinker /Users/peterjemley/Library/Developer/Xcode/DerivedData/Bridget-gkvcitazgmfijfdltabiivkbdpkr/Build/Intermediates.noindex/Bridget.build/Debug-iphonesimulator/BridgetTests.build/Objects-normal/arm64/BridgetTests.swiftmodule -Wl,-no_warn_duplicate_libraries -Wl,-no_warn_duplicate_libraries -Wl,-no_warn_duplicate_libraries -Wl,-no_warn_duplicate_libraries -Wl,-no_warn_duplicate_libraries -Wl,-no_warn_duplicate_libraries -Wl,-no_warn_duplicate_libraries -Wl,-no_warn_duplicate_libraries -Wl,-no_warn_duplicate_libraries -Wl,-no_warn_duplicate_libraries -Wl,-no_warn_duplicate_libraries -framework XCTest -lXCTestSwiftSupport /Users/peterjemley/Library/Developer/Xcode/DerivedData/Bridget-gkvcitazgmfijfdltabiivkbdpkr/Build/Products/Debug-iphonesimulator/PackageFrameworks/BridgetCore_-7DB2DB52135F4AB_PackageProduct.framework/BridgetCore_-7DB2DB52135F4AB_PackageProduct /Users/peterjemley/Library/Developer/Xcode/DerivedData/Bridget-gkvcitazgmfijfdltabiivkbdpkr/Build/Products/Debug-iphonesimulator/Bridget.app/Bridget.debug.dylib -Xlinker -no_adhoc_codesign -o /Users/peterjemley/Library/Developer/Xcode/DerivedData/Bridget-gkvcitazgmfijfdltabiivkbdpkr/Build/Products/Debug-iphonesimulator/Bridget.app/PlugIns/BridgetTests.xctest/BridgetTests

Copy /Users/peterjemley/Library/Developer/Xcode/DerivedData/Bridget-gkvcitazgmfijfdltabiivkbdpkr/Build/Products/Debug-iphonesimulator/Bridget.app/PlugIns/BridgetTests.xctest/Frameworks/BridgetCore_-7DB2DB52135F4AB_PackageProduct.framework /Users/peterjemley/Library/Developer/Xcode/DerivedData/Bridget-gkvcitazgmfijfdltabiivkbdpkr/Build/Products/Debug-iphonesimulator/PackageFrameworks/BridgetCore_-7DB2DB52135F4AB_PackageProduct.framework (in target 'BridgetTests' from project 'Bridget')
    cd /Users/peterjemley/Documents/Developer/Bridget/Bridget
    builtin-copy -exclude .DS_Store -exclude CVS -exclude .svn -exclude .git -exclude .hg -resolve-src-symlinks -remove-static-executable /Users/peterjemley/Library/Developer/Xcode/DerivedData/Bridget-gkvcitazgmfijfdltabiivkbdpkr/Build/Products/Debug-iphonesimulator/PackageFrameworks/BridgetCore_-7DB2DB52135F4AB_PackageProduct.framework /Users/peterjemley/Library/Developer/Xcode/DerivedData/Bridget-gkvcitazgmfijfdltabiivkbdpkr/Build/Products/Debug-iphonesimulator/Bridget.app/PlugIns/BridgetTests.xctest/Frameworks

CodeSign /Users/peterjemley/Library/Developer/Xcode/DerivedData/Bridget-gkvcitazgmfijfdltabiivkbdpkr/Build/Products/Debug-iphonesimulator/Bridget.app/PlugIns/BridgetTests.xctest/Frameworks/BridgetCore_-7DB2DB52135F4AB_PackageProduct.framework (in target 'BridgetTests' from project 'Bridget')
    cd /Users/peterjemley/Documents/Developer/Bridget/Bridget
    
    Signing Identity:     "Sign to Run Locally"
    
    /usr/bin/codesign --force --sign - --timestamp\=none --preserve-metadata\=identifier,entitlements,flags --generate-entitlement-der /Users/peterjemley/Library/Developer/Xcode/DerivedData/Bridget-gkvcitazgmfijfdltabiivkbdpkr/Build/Products/Debug-iphonesimulator/Bridget.app/PlugIns/BridgetTests.xctest/Frameworks/BridgetCore_-7DB2DB52135F4AB_PackageProduct.framework
/Users/peterjemley/Library/Developer/Xcode/DerivedData/Bridget-gkvcitazgmfijfdltabiivkbdpkr/Build/Products/Debug-iphonesimulator/Bridget.app/PlugIns/BridgetTests.xctest/Frameworks/BridgetCore_-7DB2DB52135F4AB_PackageProduct.framework: replacing existing signature

CopySwiftLibs /Users/peterjemley/Library/Developer/Xcode/DerivedData/Bridget-gkvcitazgmfijfdltabiivkbdpkr/Build/Products/Debug-iphonesimulator/Bridget.app/PlugIns/BridgetTests.xctest (in target 'BridgetTests' from project 'Bridget')
    cd /Users/peterjemley/Documents/Developer/Bridget/Bridget
    builtin-swiftStdLibTool --copy --verbose --sign - --scan-executable /Users/peterjemley/Library/Developer/Xcode/DerivedData/Bridget-gkvcitazgmfijfdltabiivkbdpkr/Build/Products/Debug-iphonesimulator/Bridget.app/PlugIns/BridgetTests.xctest/BridgetTests --scan-folder /Users/peterjemley/Library/Developer/Xcode/DerivedData/Bridget-gkvcitazgmfijfdltabiivkbdpkr/Build/Products/Debug-iphonesimulator/Bridget.app/PlugIns/BridgetTests.xctest/Frameworks --scan-folder /Users/peterjemley/Library/Developer/Xcode/DerivedData/Bridget-gkvcitazgmfijfdltabiivkbdpkr/Build/Products/Debug-iphonesimulator/Bridget.app/PlugIns/BridgetTests.xctest/PlugIns --scan-folder /Users/peterjemley/Library/Developer/Xcode/DerivedData/Bridget-gkvcitazgmfijfdltabiivkbdpkr/Build/Products/Debug-iphonesimulator/Bridget.app/PlugIns/BridgetTests.xctest/SystemExtensions --scan-folder /Users/peterjemley/Library/Developer/Xcode/DerivedData/Bridget-gkvcitazgmfijfdltabiivkbdpkr/Build/Products/Debug-iphonesimulator/Bridget.app/PlugIns/BridgetTests.xctest/Extensions --scan-folder /Users/peterjemley/Library/Developer/Xcode/DerivedData/Bridget-gkvcitazgmfijfdltabiivkbdpkr/Build/Products/Debug-iphonesimulator/PackageFrameworks/BridgetCore_-7DB2DB52135F4AB_PackageProduct.framework --platform iphonesimulator --toolchain /Applications/Xcode.app/Contents/Developer/Toolchains/XcodeDefault.xctoolchain --destination /Users/peterjemley/Library/Developer/Xcode/DerivedData/Bridget-gkvcitazgmfijfdltabiivkbdpkr/Build/Products/Debug-iphonesimulator/Bridget.app/PlugIns/BridgetTests.xctest/Frameworks --strip-bitcode --scan-executable /Applications/Xcode.app/Contents/Developer/Platforms/iPhoneSimulator.platform/Developer/usr/lib/libXCTestSwiftSupport.dylib --strip-bitcode-tool /Applications/Xcode.app/Contents/Developer/Toolchains/XcodeDefault.xctoolchain/usr/bin/bitcode_strip --emit-dependency-info /Users/peterjemley/Library/Developer/Xcode/DerivedData/Bridget-gkvcitazgmfijfdltabiivkbdpkr/Build/Intermediates.noindex/Bridget.build/Debug-iphonesimulator/BridgetTests.build/SwiftStdLibToolInputDependencies.dep --filter-for-swift-os

ExtractAppIntentsMetadata (in target 'BridgetTests' from project 'Bridget')
    cd /Users/peterjemley/Documents/Developer/Bridget/Bridget
    /Applications/Xcode.app/Contents/Developer/Toolchains/XcodeDefault.xctoolchain/usr/bin/appintentsmetadataprocessor --toolchain-dir /Applications/Xcode.app/Contents/Developer/Toolchains/XcodeDefault.xctoolchain --module-name BridgetTests --sdk-root /Applications/Xcode.app/Contents/Developer/Platforms/iPhoneSimulator.platform/Developer/SDKs/iPhoneSimulator18.5.sdk --xcode-version 16F6 --platform-family iOS --deployment-target 18.5 --bundle-identifier name.PeterJemley.BridgetTests --output /Users/peterjemley/Library/Developer/Xcode/DerivedData/Bridget-gkvcitazgmfijfdltabiivkbdpkr/Build/Products/Debug-iphonesimulator/Bridget.app/PlugIns/BridgetTests.xctest --target-triple arm64-apple-ios18.5-simulator --binary-file /Users/peterjemley/Library/Developer/Xcode/DerivedData/Bridget-gkvcitazgmfijfdltabiivkbdpkr/Build/Products/Debug-iphonesimulator/Bridget.app/PlugIns/BridgetTests.xctest/BridgetTests --dependency-file /Users/peterjemley/Library/Developer/Xcode/DerivedData/Bridget-gkvcitazgmfijfdltabiivkbdpkr/Build/Intermediates.noindex/Bridget.build/Debug-iphonesimulator/BridgetTests.build/Objects-normal/arm64/BridgetTests_dependency_info.dat --stringsdata-file /Users/peterjemley/Library/Developer/Xcode/DerivedData/Bridget-gkvcitazgmfijfdltabiivkbdpkr/Build/Intermediates.noindex/Bridget.build/Debug-iphonesimulator/BridgetTests.build/Objects-normal/arm64/ExtractedAppShortcutsMetadata.stringsdata --source-file-list /Users/peterjemley/Library/Developer/Xcode/DerivedData/Bridget-gkvcitazgmfijfdltabiivkbdpkr/Build/Intermediates.noindex/Bridget.build/Debug-iphonesimulator/BridgetTests.build/Objects-normal/arm64/BridgetTests.SwiftFileList --metadata-file-list /Users/peterjemley/Library/Developer/Xcode/DerivedData/Bridget-gkvcitazgmfijfdltabiivkbdpkr/Build/Intermediates.noindex/Bridget.build/Debug-iphonesimulator/BridgetTests.build/BridgetTests.DependencyMetadataFileList --static-metadata-file-list /Users/peterjemley/Library/Developer/Xcode/DerivedData/Bridget-gkvcitazgmfijfdltabiivkbdpkr/Build/Intermediates.noindex/Bridget.build/Debug-iphonesimulator/BridgetTests.build/BridgetTests.DependencyStaticMetadataFileList --swift-const-vals-list /Users/peterjemley/Library/Developer/Xcode/DerivedData/Bridget-gkvcitazgmfijfdltabiivkbdpkr/Build/Intermediates.noindex/Bridget.build/Debug-iphonesimulator/BridgetTests.build/Objects-normal/arm64/BridgetTests.SwiftConstValuesFileList --compile-time-extraction --deployment-aware-processing --validate-assistant-intents --no-app-shortcuts-localization
2025-07-10 08:50:52.387 appintentsmetadataprocessor[78881:1492074] Starting appintentsmetadataprocessor export
2025-07-10 08:50:52.388 appintentsmetadataprocessor[78881:1492074] warning: Metadata extraction skipped. No AppIntents.framework dependency found.

AppIntentsSSUTraining (in target 'BridgetTests' from project 'Bridget')
    cd /Users/peterjemley/Documents/Developer/Bridget/Bridget
    /Applications/Xcode.app/Contents/Developer/Toolchains/XcodeDefault.xctoolchain/usr/bin/appintentsnltrainingprocessor --infoplist-path /Users/peterjemley/Library/Developer/Xcode/DerivedData/Bridget-gkvcitazgmfijfdltabiivkbdpkr/Build/Products/Debug-iphonesimulator/Bridget.app/PlugIns/BridgetTests.xctest/Info.plist --temp-dir-path /Users/peterjemley/Library/Developer/Xcode/DerivedData/Bridget-gkvcitazgmfijfdltabiivkbdpkr/Build/Intermediates.noindex/Bridget.build/Debug-iphonesimulator/BridgetTests.build/ssu --bundle-id name.PeterJemley.BridgetTests --product-path /Users/peterjemley/Library/Developer/Xcode/DerivedData/Bridget-gkvcitazgmfijfdltabiivkbdpkr/Build/Products/Debug-iphonesimulator/Bridget.app/PlugIns/BridgetTests.xctest --extracted-metadata-path /Users/peterjemley/Library/Developer/Xcode/DerivedData/Bridget-gkvcitazgmfijfdltabiivkbdpkr/Build/Products/Debug-iphonesimulator/Bridget.app/PlugIns/BridgetTests.xctest/Metadata.appintents --metadata-file-list /Users/peterjemley/Library/Developer/Xcode/DerivedData/Bridget-gkvcitazgmfijfdltabiivkbdpkr/Build/Intermediates.noindex/Bridget.build/Debug-iphonesimulator/BridgetTests.build/BridgetTests.DependencyMetadataFileList --archive-ssu-assets
2025-07-10 08:50:52.398 appintentsnltrainingprocessor[78882:1492075] Parsing options for appintentsnltrainingprocessor
2025-07-10 08:50:52.399 appintentsnltrainingprocessor[78882:1492075] No AppShortcuts found - Skipping.

CodeSign /Users/peterjemley/Library/Developer/Xcode/DerivedData/Bridget-gkvcitazgmfijfdltabiivkbdpkr/Build/Products/Debug-iphonesimulator/Bridget.app/PlugIns/BridgetTests.xctest (in target 'BridgetTests' from project 'Bridget')
    cd /Users/peterjemley/Documents/Developer/Bridget/Bridget
    
    Signing Identity:     "Sign to Run Locally"
    
    /usr/bin/codesign --force --sign - --timestamp\=none --generate-entitlement-der /Users/peterjemley/Library/Developer/Xcode/DerivedData/Bridget-gkvcitazgmfijfdltabiivkbdpkr/Build/Products/Debug-iphonesimulator/Bridget.app/PlugIns/BridgetTests.xctest

RegisterExecutionPolicyException /Users/peterjemley/Library/Developer/Xcode/DerivedData/Bridget-gkvcitazgmfijfdltabiivkbdpkr/Build/Products/Debug-iphonesimulator/Bridget.app/PlugIns/BridgetTests.xctest (in target 'BridgetTests' from project 'Bridget')
    cd /Users/peterjemley/Documents/Developer/Bridget/Bridget
    builtin-RegisterExecutionPolicyException /Users/peterjemley/Library/Developer/Xcode/DerivedData/Bridget-gkvcitazgmfijfdltabiivkbdpkr/Build/Products/Debug-iphonesimulator/Bridget.app/PlugIns/BridgetTests.xctest

Touch /Users/peterjemley/Library/Developer/Xcode/DerivedData/Bridget-gkvcitazgmfijfdltabiivkbdpkr/Build/Products/Debug-iphonesimulator/Bridget.app/PlugIns/BridgetTests.xctest (in target 'BridgetTests' from project 'Bridget')
    cd /Users/peterjemley/Documents/Developer/Bridget/Bridget
    /usr/bin/touch -c /Users/peterjemley/Library/Developer/Xcode/DerivedData/Bridget-gkvcitazgmfijfdltabiivkbdpkr/Build/Products/Debug-iphonesimulator/Bridget.app/PlugIns/BridgetTests.xctest

CodeSign /Users/peterjemley/Library/Developer/Xcode/DerivedData/Bridget-gkvcitazgmfijfdltabiivkbdpkr/Build/Products/Debug-iphonesimulator/Bridget.app/Bridget.debug.dylib (in target 'Bridget' from project 'Bridget')
    cd /Users/peterjemley/Documents/Developer/Bridget/Bridget
    
    Signing Identity:     "Sign to Run Locally"
    
    /usr/bin/codesign --force --sign - --timestamp\=none --generate-entitlement-der /Users/peterjemley/Library/Developer/Xcode/DerivedData/Bridget-gkvcitazgmfijfdltabiivkbdpkr/Build/Products/Debug-iphonesimulator/Bridget.app/Bridget.debug.dylib

CodeSign /Users/peterjemley/Library/Developer/Xcode/DerivedData/Bridget-gkvcitazgmfijfdltabiivkbdpkr/Build/Products/Debug-iphonesimulator/Bridget.app/__preview.dylib (in target 'Bridget' from project 'Bridget')
    cd /Users/peterjemley/Documents/Developer/Bridget/Bridget
    
    Signing Identity:     "Sign to Run Locally"
    
    /usr/bin/codesign --force --sign - --timestamp\=none --generate-entitlement-der /Users/peterjemley/Library/Developer/Xcode/DerivedData/Bridget-gkvcitazgmfijfdltabiivkbdpkr/Build/Products/Debug-iphonesimulator/Bridget.app/__preview.dylib
/Users/peterjemley/Library/Developer/Xcode/DerivedData/Bridget-gkvcitazgmfijfdltabiivkbdpkr/Build/Products/Debug-iphonesimulator/Bridget.app/__preview.dylib: replacing existing signature

CodeSign /Users/peterjemley/Library/Developer/Xcode/DerivedData/Bridget-gkvcitazgmfijfdltabiivkbdpkr/Build/Products/Debug-iphonesimulator/Bridget.app (in target 'Bridget' from project 'Bridget')
    cd /Users/peterjemley/Documents/Developer/Bridget/Bridget
    
    Signing Identity:     "Sign to Run Locally"
    
    /usr/bin/codesign --force --sign - --timestamp\=none --generate-entitlement-der /Users/peterjemley/Library/Developer/Xcode/DerivedData/Bridget-gkvcitazgmfijfdltabiivkbdpkr/Build/Products/Debug-iphonesimulator/Bridget.app

Validate /Users/peterjemley/Library/Developer/Xcode/DerivedData/Bridget-gkvcitazgmfijfdltabiivkbdpkr/Build/Products/Debug-iphonesimulator/Bridget.app (in target 'Bridget' from project 'Bridget')
    cd /Users/peterjemley/Documents/Developer/Bridget/Bridget
    builtin-validationUtility /Users/peterjemley/Library/Developer/Xcode/DerivedData/Bridget-gkvcitazgmfijfdltabiivkbdpkr/Build/Products/Debug-iphonesimulator/Bridget.app -infoplist-subpath Info.plist

ProcessInfoPlistFile /Users/peterjemley/Library/Developer/Xcode/DerivedData/Bridget-gkvcitazgmfijfdltabiivkbdpkr/Build/Products/Debug-iphonesimulator/BridgetUITests-Runner.app/PlugIns/BridgetUITests.xctest/Info.plist /Users/peterjemley/Library/Developer/Xcode/DerivedData/Bridget-gkvcitazgmfijfdltabiivkbdpkr/Build/Intermediates.noindex/Bridget.build/Debug-iphonesimulator/BridgetUITests.build/empty-BridgetUITests.plist (in target 'BridgetUITests' from project 'Bridget')
    cd /Users/peterjemley/Documents/Developer/Bridget/Bridget
    builtin-infoPlistUtility /Users/peterjemley/Library/Developer/Xcode/DerivedData/Bridget-gkvcitazgmfijfdltabiivkbdpkr/Build/Intermediates.noindex/Bridget.build/Debug-iphonesimulator/BridgetUITests.build/empty-BridgetUITests.plist -producttype com.apple.product-type.bundle.ui-testing -expandbuildsettings -format binary -platform iphonesimulator -additionalcontentfile /Users/peterjemley/Library/Developer/Xcode/DerivedData/Bridget-gkvcitazgmfijfdltabiivkbdpkr/Build/Intermediates.noindex/Bridget.build/Debug-iphonesimulator/BridgetUITests.build/ProductTypeInfoPlistAdditions.plist -o /Users/peterjemley/Library/Developer/Xcode/DerivedData/Bridget-gkvcitazgmfijfdltabiivkbdpkr/Build/Products/Debug-iphonesimulator/BridgetUITests-Runner.app/PlugIns/BridgetUITests.xctest/Info.plist

Ld /Users/peterjemley/Library/Developer/Xcode/DerivedData/Bridget-gkvcitazgmfijfdltabiivkbdpkr/Build/Products/Debug-iphonesimulator/BridgetUITests-Runner.app/PlugIns/BridgetUITests.xctest/BridgetUITests normal (in target 'BridgetUITests' from project 'Bridget')
    cd /Users/peterjemley/Documents/Developer/Bridget/Bridget
    /Applications/Xcode.app/Contents/Developer/Toolchains/XcodeDefault.xctoolchain/usr/bin/clang -Xlinker -reproducible -target arm64-apple-ios18.5-simulator -bundle -isysroot /Applications/Xcode.app/Contents/Developer/Platforms/iPhoneSimulator.platform/Developer/SDKs/iPhoneSimulator18.5.sdk -O0 -L/Users/peterjemley/Library/Developer/Xcode/DerivedData/Bridget-gkvcitazgmfijfdltabiivkbdpkr/Build/Intermediates.noindex/EagerLinkingTBDs/Debug-iphonesimulator -L/Users/peterjemley/Library/Developer/Xcode/DerivedData/Bridget-gkvcitazgmfijfdltabiivkbdpkr/Build/Products/Debug-iphonesimulator -L/Applications/Xcode.app/Contents/Developer/Platforms/iPhoneSimulator.platform/Developer/usr/lib -F/Users/peterjemley/Library/Developer/Xcode/DerivedData/Bridget-gkvcitazgmfijfdltabiivkbdpkr/Build/Intermediates.noindex/EagerLinkingTBDs/Debug-iphonesimulator -F/Users/peterjemley/Library/Developer/Xcode/DerivedData/Bridget-gkvcitazgmfijfdltabiivkbdpkr/Build/Products/Debug-iphonesimulator/PackageFrameworks -F/Users/peterjemley/Library/Developer/Xcode/DerivedData/Bridget-gkvcitazgmfijfdltabiivkbdpkr/Build/Products/Debug-iphonesimulator -iframework /Applications/Xcode.app/Contents/Developer/Platforms/iPhoneSimulator.platform/Developer/Library/Frameworks -iframework /Applications/Xcode.app/Contents/Developer/Platforms/iPhoneSimulator.platform/Developer/SDKs/iPhoneSimulator18.5.sdk/Developer/Library/Frameworks -filelist /Users/peterjemley/Library/Developer/Xcode/DerivedData/Bridget-gkvcitazgmfijfdltabiivkbdpkr/Build/Intermediates.noindex/Bridget.build/Debug-iphonesimulator/BridgetUITests.build/Objects-normal/arm64/BridgetUITests.LinkFileList -Xlinker -rpath -Xlinker /Users/peterjemley/Library/Developer/Xcode/DerivedData/Bridget-gkvcitazgmfijfdltabiivkbdpkr/Build/Products/Debug-iphonesimulator/PackageFrameworks -Xlinker -rpath -Xlinker @loader_path/Frameworks -dead_strip -Xlinker -object_path_lto -Xlinker /Users/peterjemley/Library/Developer/Xcode/DerivedData/Bridget-gkvcitazgmfijfdltabiivkbdpkr/Build/Intermediates.noindex/Bridget.build/Debug-iphonesimulator/BridgetUITests.build/Objects-normal/arm64/BridgetUITests_lto.o -rdynamic -Xlinker -no_deduplicate -Xlinker -objc_abi_version -Xlinker 2 -Xlinker -debug_variant -Xlinker -dependency_info -Xlinker /Users/peterjemley/Library/Developer/Xcode/DerivedData/Bridget-gkvcitazgmfijfdltabiivkbdpkr/Build/Intermediates.noindex/Bridget.build/Debug-iphonesimulator/BridgetUITests.build/Objects-normal/arm64/BridgetUITests_dependency_info.dat -fobjc-link-runtime -fprofile-instr-generate -L/Applications/Xcode.app/Contents/Developer/Toolchains/XcodeDefault.xctoolchain/usr/lib/swift/iphonesimulator -L/usr/lib/swift -Xlinker -add_ast_path -Xlinker /Users/peterjemley/Library/Developer/Xcode/DerivedData/Bridget-gkvcitazgmfijfdltabiivkbdpkr/Build/Intermediates.noindex/Bridget.build/Debug-iphonesimulator/BridgetUITests.build/Objects-normal/arm64/BridgetUITests.swiftmodule -Wl,-no_warn_duplicate_libraries -framework XCTest -lXCTestSwiftSupport -Xlinker -sectcreate -Xlinker __TEXT -Xlinker __entitlements -Xlinker /Users/peterjemley/Library/Developer/Xcode/DerivedData/Bridget-gkvcitazgmfijfdltabiivkbdpkr/Build/Intermediates.noindex/Bridget.build/Debug-iphonesimulator/BridgetUITests.build/BridgetUITests.xctest-Simulated.xcent -Xlinker -sectcreate -Xlinker __TEXT -Xlinker __ents_der -Xlinker /Users/peterjemley/Library/Developer/Xcode/DerivedData/Bridget-gkvcitazgmfijfdltabiivkbdpkr/Build/Intermediates.noindex/Bridget.build/Debug-iphonesimulator/BridgetUITests.build/BridgetUITests.xctest-Simulated.xcent.der /Users/peterjemley/Library/Developer/Xcode/DerivedData/Bridget-gkvcitazgmfijfdltabiivkbdpkr/Build/Products/Debug-iphonesimulator/PackageFrameworks/BridgetCore_-7DB2DB52135F4AB_PackageProduct.framework/BridgetCore_-7DB2DB52135F4AB_PackageProduct -Xlinker -no_adhoc_codesign -o /Users/peterjemley/Library/Developer/Xcode/DerivedData/Bridget-gkvcitazgmfijfdltabiivkbdpkr/Build/Products/Debug-iphonesimulator/BridgetUITests-Runner.app/PlugIns/BridgetUITests.xctest/BridgetUITests

Copy /Users/peterjemley/Library/Developer/Xcode/DerivedData/Bridget-gkvcitazgmfijfdltabiivkbdpkr/Build/Products/Debug-iphonesimulator/BridgetUITests-Runner.app/PlugIns/BridgetUITests.xctest/Frameworks/BridgetCore_-7DB2DB52135F4AB_PackageProduct.framework /Users/peterjemley/Library/Developer/Xcode/DerivedData/Bridget-gkvcitazgmfijfdltabiivkbdpkr/Build/Products/Debug-iphonesimulator/PackageFrameworks/BridgetCore_-7DB2DB52135F4AB_PackageProduct.framework (in target 'BridgetUITests' from project 'Bridget')
    cd /Users/peterjemley/Documents/Developer/Bridget/Bridget
    builtin-copy -exclude .DS_Store -exclude CVS -exclude .svn -exclude .git -exclude .hg -resolve-src-symlinks -remove-static-executable /Users/peterjemley/Library/Developer/Xcode/DerivedData/Bridget-gkvcitazgmfijfdltabiivkbdpkr/Build/Products/Debug-iphonesimulator/PackageFrameworks/BridgetCore_-7DB2DB52135F4AB_PackageProduct.framework /Users/peterjemley/Library/Developer/Xcode/DerivedData/Bridget-gkvcitazgmfijfdltabiivkbdpkr/Build/Products/Debug-iphonesimulator/BridgetUITests-Runner.app/PlugIns/BridgetUITests.xctest/Frameworks

CodeSign /Users/peterjemley/Library/Developer/Xcode/DerivedData/Bridget-gkvcitazgmfijfdltabiivkbdpkr/Build/Products/Debug-iphonesimulator/BridgetUITests-Runner.app/PlugIns/BridgetUITests.xctest/Frameworks/BridgetCore_-7DB2DB52135F4AB_PackageProduct.framework (in target 'BridgetUITests' from project 'Bridget')
    cd /Users/peterjemley/Documents/Developer/Bridget/Bridget
    
    Signing Identity:     "Sign to Run Locally"
    
    /usr/bin/codesign --force --sign - --timestamp\=none --preserve-metadata\=identifier,entitlements,flags --generate-entitlement-der /Users/peterjemley/Library/Developer/Xcode/DerivedData/Bridget-gkvcitazgmfijfdltabiivkbdpkr/Build/Products/Debug-iphonesimulator/BridgetUITests-Runner.app/PlugIns/BridgetUITests.xctest/Frameworks/BridgetCore_-7DB2DB52135F4AB_PackageProduct.framework
/Users/peterjemley/Library/Developer/Xcode/DerivedData/Bridget-gkvcitazgmfijfdltabiivkbdpkr/Build/Products/Debug-iphonesimulator/BridgetUITests-Runner.app/PlugIns/BridgetUITests.xctest/Frameworks/BridgetCore_-7DB2DB52135F4AB_PackageProduct.framework: replacing existing signature

CopySwiftLibs /Users/peterjemley/Library/Developer/Xcode/DerivedData/Bridget-gkvcitazgmfijfdltabiivkbdpkr/Build/Products/Debug-iphonesimulator/BridgetUITests-Runner.app/PlugIns/BridgetUITests.xctest (in target 'BridgetUITests' from project 'Bridget')
    cd /Users/peterjemley/Documents/Developer/Bridget/Bridget
    builtin-swiftStdLibTool --copy --verbose --sign - --scan-executable /Users/peterjemley/Library/Developer/Xcode/DerivedData/Bridget-gkvcitazgmfijfdltabiivkbdpkr/Build/Products/Debug-iphonesimulator/BridgetUITests-Runner.app/PlugIns/BridgetUITests.xctest/BridgetUITests --scan-folder /Users/peterjemley/Library/Developer/Xcode/DerivedData/Bridget-gkvcitazgmfijfdltabiivkbdpkr/Build/Products/Debug-iphonesimulator/BridgetUITests-Runner.app/PlugIns/BridgetUITests.xctest/Frameworks --scan-folder /Users/peterjemley/Library/Developer/Xcode/DerivedData/Bridget-gkvcitazgmfijfdltabiivkbdpkr/Build/Products/Debug-iphonesimulator/BridgetUITests-Runner.app/PlugIns/BridgetUITests.xctest/PlugIns --scan-folder /Users/peterjemley/Library/Developer/Xcode/DerivedData/Bridget-gkvcitazgmfijfdltabiivkbdpkr/Build/Products/Debug-iphonesimulator/BridgetUITests-Runner.app/PlugIns/BridgetUITests.xctest/SystemExtensions --scan-folder /Users/peterjemley/Library/Developer/Xcode/DerivedData/Bridget-gkvcitazgmfijfdltabiivkbdpkr/Build/Products/Debug-iphonesimulator/BridgetUITests-Runner.app/PlugIns/BridgetUITests.xctest/Extensions --scan-folder /Users/peterjemley/Library/Developer/Xcode/DerivedData/Bridget-gkvcitazgmfijfdltabiivkbdpkr/Build/Products/Debug-iphonesimulator/PackageFrameworks/BridgetCore_-7DB2DB52135F4AB_PackageProduct.framework --platform iphonesimulator --toolchain /Applications/Xcode.app/Contents/Developer/Toolchains/XcodeDefault.xctoolchain --destination /Users/peterjemley/Library/Developer/Xcode/DerivedData/Bridget-gkvcitazgmfijfdltabiivkbdpkr/Build/Products/Debug-iphonesimulator/BridgetUITests-Runner.app/PlugIns/BridgetUITests.xctest/Frameworks --strip-bitcode --scan-executable /Applications/Xcode.app/Contents/Developer/Platforms/iPhoneSimulator.platform/Developer/usr/lib/libXCTestSwiftSupport.dylib --strip-bitcode-tool /Applications/Xcode.app/Contents/Developer/Toolchains/XcodeDefault.xctoolchain/usr/bin/bitcode_strip --emit-dependency-info /Users/peterjemley/Library/Developer/Xcode/DerivedData/Bridget-gkvcitazgmfijfdltabiivkbdpkr/Build/Intermediates.noindex/Bridget.build/Debug-iphonesimulator/BridgetUITests.build/SwiftStdLibToolInputDependencies.dep --filter-for-swift-os

ExtractAppIntentsMetadata (in target 'BridgetUITests' from project 'Bridget')
    cd /Users/peterjemley/Documents/Developer/Bridget/Bridget
    /Applications/Xcode.app/Contents/Developer/Toolchains/XcodeDefault.xctoolchain/usr/bin/appintentsmetadataprocessor --toolchain-dir /Applications/Xcode.app/Contents/Developer/Toolchains/XcodeDefault.xctoolchain --module-name BridgetUITests --sdk-root /Applications/Xcode.app/Contents/Developer/Platforms/iPhoneSimulator.platform/Developer/SDKs/iPhoneSimulator18.5.sdk --xcode-version 16F6 --platform-family iOS --deployment-target 18.5 --bundle-identifier name.PeterJemley.BridgetUITests --output /Users/peterjemley/Library/Developer/Xcode/DerivedData/Bridget-gkvcitazgmfijfdltabiivkbdpkr/Build/Products/Debug-iphonesimulator/BridgetUITests-Runner.app/PlugIns/BridgetUITests.xctest --target-triple arm64-apple-ios18.5-simulator --binary-file /Users/peterjemley/Library/Developer/Xcode/DerivedData/Bridget-gkvcitazgmfijfdltabiivkbdpkr/Build/Products/Debug-iphonesimulator/BridgetUITests-Runner.app/PlugIns/BridgetUITests.xctest/BridgetUITests --dependency-file /Users/peterjemley/Library/Developer/Xcode/DerivedData/Bridget-gkvcitazgmfijfdltabiivkbdpkr/Build/Intermediates.noindex/Bridget.build/Debug-iphonesimulator/BridgetUITests.build/Objects-normal/arm64/BridgetUITests_dependency_info.dat --stringsdata-file /Users/peterjemley/Library/Developer/Xcode/DerivedData/Bridget-gkvcitazgmfijfdltabiivkbdpkr/Build/Intermediates.noindex/Bridget.build/Debug-iphonesimulator/BridgetUITests.build/Objects-normal/arm64/ExtractedAppShortcutsMetadata.stringsdata --source-file-list /Users/peterjemley/Library/Developer/Xcode/DerivedData/Bridget-gkvcitazgmfijfdltabiivkbdpkr/Build/Intermediates.noindex/Bridget.build/Debug-iphonesimulator/BridgetUITests.build/Objects-normal/arm64/BridgetUITests.SwiftFileList --metadata-file-list /Users/peterjemley/Library/Developer/Xcode/DerivedData/Bridget-gkvcitazgmfijfdltabiivkbdpkr/Build/Intermediates.noindex/Bridget.build/Debug-iphonesimulator/BridgetUITests.build/BridgetUITests.DependencyMetadataFileList --static-metadata-file-list /Users/peterjemley/Library/Developer/Xcode/DerivedData/Bridget-gkvcitazgmfijfdltabiivkbdpkr/Build/Intermediates.noindex/Bridget.build/Debug-iphonesimulator/BridgetUITests.build/BridgetUITests.DependencyStaticMetadataFileList --swift-const-vals-list /Users/peterjemley/Library/Developer/Xcode/DerivedData/Bridget-gkvcitazgmfijfdltabiivkbdpkr/Build/Intermediates.noindex/Bridget.build/Debug-iphonesimulator/BridgetUITests.build/Objects-normal/arm64/BridgetUITests.SwiftConstValuesFileList --compile-time-extraction --deployment-aware-processing --validate-assistant-intents --no-app-shortcuts-localization
2025-07-10 08:50:52.634 appintentsmetadataprocessor[78893:1492160] Starting appintentsmetadataprocessor export
2025-07-10 08:50:52.635 appintentsmetadataprocessor[78893:1492160] warning: Metadata extraction skipped. No AppIntents.framework dependency found.

AppIntentsSSUTraining (in target 'BridgetUITests' from project 'Bridget')
    cd /Users/peterjemley/Documents/Developer/Bridget/Bridget
    /Applications/Xcode.app/Contents/Developer/Toolchains/XcodeDefault.xctoolchain/usr/bin/appintentsnltrainingprocessor --infoplist-path /Users/peterjemley/Library/Developer/Xcode/DerivedData/Bridget-gkvcitazgmfijfdltabiivkbdpkr/Build/Products/Debug-iphonesimulator/BridgetUITests-Runner.app/PlugIns/BridgetUITests.xctest/Info.plist --temp-dir-path /Users/peterjemley/Library/Developer/Xcode/DerivedData/Bridget-gkvcitazgmfijfdltabiivkbdpkr/Build/Intermediates.noindex/Bridget.build/Debug-iphonesimulator/BridgetUITests.build/ssu --bundle-id name.PeterJemley.BridgetUITests --product-path /Users/peterjemley/Library/Developer/Xcode/DerivedData/Bridget-gkvcitazgmfijfdltabiivkbdpkr/Build/Products/Debug-iphonesimulator/BridgetUITests-Runner.app/PlugIns/BridgetUITests.xctest --extracted-metadata-path /Users/peterjemley/Library/Developer/Xcode/DerivedData/Bridget-gkvcitazgmfijfdltabiivkbdpkr/Build/Products/Debug-iphonesimulator/BridgetUITests-Runner.app/PlugIns/BridgetUITests.xctest/Metadata.appintents --metadata-file-list /Users/peterjemley/Library/Developer/Xcode/DerivedData/Bridget-gkvcitazgmfijfdltabiivkbdpkr/Build/Intermediates.noindex/Bridget.build/Debug-iphonesimulator/BridgetUITests.build/BridgetUITests.DependencyMetadataFileList --archive-ssu-assets
2025-07-10 08:50:52.645 appintentsnltrainingprocessor[78894:1492161] Parsing options for appintentsnltrainingprocessor
2025-07-10 08:50:52.645 appintentsnltrainingprocessor[78894:1492161] No AppShortcuts found - Skipping.

CopyPlistFile /Users/peterjemley/Library/Developer/Xcode/DerivedData/Bridget-gkvcitazgmfijfdltabiivkbdpkr/Build/Products/Debug-iphonesimulator/BridgetUITests-Runner.app/Info.plist /Applications/Xcode.app/Contents/Developer/Platforms/iPhoneSimulator.platform/Developer/Library/Xcode/Agents/XCTRunner.app/Info.plist (in target 'BridgetUITests' from project 'Bridget')
    cd /Users/peterjemley/Documents/Developer/Bridget/Bridget
    builtin-copyPlist --validate --convert xml1 --macro-expansion WRAPPEDPRODUCTNAME BridgetUITests-Runner --macro-expansion WRAPPEDPRODUCTBUNDLEIDENTIFIER name.PeterJemley.BridgetUITests.xctrunner --macro-expansion TESTPRODUCTNAME BridgetUITests --macro-expansion TESTPRODUCTBUNDLEIDENTIFIER name.PeterJemley.BridgetUITests --copy-value UIDeviceFamily /Users/peterjemley/Library/Developer/Xcode/DerivedData/Bridget-gkvcitazgmfijfdltabiivkbdpkr/Build/Products/Debug-iphonesimulator/BridgetUITests-Runner.app/PlugIns/BridgetUITests.xctest/Info.plist --outdir /Users/peterjemley/Library/Developer/Xcode/DerivedData/Bridget-gkvcitazgmfijfdltabiivkbdpkr/Build/Products/Debug-iphonesimulator/BridgetUITests-Runner.app -- /Applications/Xcode.app/Contents/Developer/Platforms/iPhoneSimulator.platform/Developer/Library/Xcode/Agents/XCTRunner.app/Info.plist

Copy /Users/peterjemley/Library/Developer/Xcode/DerivedData/Bridget-gkvcitazgmfijfdltabiivkbdpkr/Build/Products/Debug-iphonesimulator/BridgetUITests-Runner.app/PkgInfo /Applications/Xcode.app/Contents/Developer/Platforms/iPhoneSimulator.platform/Developer/Library/Xcode/Agents/XCTRunner.app/PkgInfo (in target 'BridgetUITests' from project 'Bridget')
    cd /Users/peterjemley/Documents/Developer/Bridget/Bridget
    builtin-copy -exclude .DS_Store -exclude CVS -exclude .svn -exclude .git -exclude .hg -resolve-src-symlinks /Applications/Xcode.app/Contents/Developer/Platforms/iPhoneSimulator.platform/Developer/Library/Xcode/Agents/XCTRunner.app/PkgInfo /Users/peterjemley/Library/Developer/Xcode/DerivedData/Bridget-gkvcitazgmfijfdltabiivkbdpkr/Build/Products/Debug-iphonesimulator/BridgetUITests-Runner.app

CopyAndPreserveArchs /Users/peterjemley/Library/Developer/Xcode/DerivedData/Bridget-gkvcitazgmfijfdltabiivkbdpkr/Build/Products/Debug-iphonesimulator/BridgetUITests-Runner.app/BridgetUITests-Runner (in target 'BridgetUITests' from project 'Bridget')
    cd /Users/peterjemley/Documents/Developer/Bridget/Bridget
    /Applications/Xcode.app/Contents/Developer/Toolchains/XcodeDefault.xctoolchain/usr/bin/lipo /Applications/Xcode.app/Contents/Developer/Platforms/iPhoneSimulator.platform/Developer/Library/Xcode/Agents/XCTRunner.app/XCTRunner -output /Users/peterjemley/Library/Developer/Xcode/DerivedData/Bridget-gkvcitazgmfijfdltabiivkbdpkr/Build/Products/Debug-iphonesimulator/BridgetUITests-Runner.app/BridgetUITests-Runner -extract arm64

Copy /Users/peterjemley/Library/Developer/Xcode/DerivedData/Bridget-gkvcitazgmfijfdltabiivkbdpkr/Build/Products/Debug-iphonesimulator/BridgetUITests-Runner.app/Frameworks/XCUIAutomation.framework /Applications/Xcode.app/Contents/Developer/Platforms/iPhoneSimulator.platform/Developer/Library/Frameworks/XCUIAutomation.framework (in target 'BridgetUITests' from project 'Bridget')
    cd /Users/peterjemley/Documents/Developer/Bridget/Bridget
    builtin-copy -exclude .DS_Store -exclude CVS -exclude .svn -exclude .git -exclude .hg -exclude Headers -exclude PrivateHeaders -exclude Modules -exclude \*.tbd -resolve-src-symlinks /Applications/Xcode.app/Contents/Developer/Platforms/iPhoneSimulator.platform/Developer/Library/Frameworks/XCUIAutomation.framework /Users/peterjemley/Library/Developer/Xcode/DerivedData/Bridget-gkvcitazgmfijfdltabiivkbdpkr/Build/Products/Debug-iphonesimulator/BridgetUITests-Runner.app/Frameworks

Copy /Users/peterjemley/Library/Developer/Xcode/DerivedData/Bridget-gkvcitazgmfijfdltabiivkbdpkr/Build/Products/Debug-iphonesimulator/BridgetUITests-Runner.app/Frameworks/XCUnit.framework /Applications/Xcode.app/Contents/Developer/Platforms/iPhoneSimulator.platform/Developer/Library/PrivateFrameworks/XCUnit.framework (in target 'BridgetUITests' from project 'Bridget')
    cd /Users/peterjemley/Documents/Developer/Bridget/Bridget
    builtin-copy -exclude .DS_Store -exclude CVS -exclude .svn -exclude .git -exclude .hg -exclude Headers -exclude PrivateHeaders -exclude Modules -exclude \*.tbd -resolve-src-symlinks /Applications/Xcode.app/Contents/Developer/Platforms/iPhoneSimulator.platform/Developer/Library/PrivateFrameworks/XCUnit.framework /Users/peterjemley/Library/Developer/Xcode/DerivedData/Bridget-gkvcitazgmfijfdltabiivkbdpkr/Build/Products/Debug-iphonesimulator/BridgetUITests-Runner.app/Frameworks

Copy /Users/peterjemley/Library/Developer/Xcode/DerivedData/Bridget-gkvcitazgmfijfdltabiivkbdpkr/Build/Products/Debug-iphonesimulator/BridgetUITests-Runner.app/Frameworks/libXCTestSwiftSupport.dylib /Applications/Xcode.app/Contents/Developer/Platforms/iPhoneSimulator.platform/Developer/usr/lib/libXCTestSwiftSupport.dylib (in target 'BridgetUITests' from project 'Bridget')
    cd /Users/peterjemley/Documents/Developer/Bridget/Bridget
    builtin-copy -exclude .DS_Store -exclude CVS -exclude .svn -exclude .git -exclude .hg -exclude Headers -exclude PrivateHeaders -exclude Modules -exclude \*.tbd -resolve-src-symlinks /Applications/Xcode.app/Contents/Developer/Platforms/iPhoneSimulator.platform/Developer/usr/lib/libXCTestSwiftSupport.dylib /Users/peterjemley/Library/Developer/Xcode/DerivedData/Bridget-gkvcitazgmfijfdltabiivkbdpkr/Build/Products/Debug-iphonesimulator/BridgetUITests-Runner.app/Frameworks

MkDir /Users/peterjemley/Library/Developer/Xcode/DerivedData/Bridget-gkvcitazgmfijfdltabiivkbdpkr/Build/Products/Debug-iphonesimulator/BridgetUITests-Runner.app (in target 'BridgetUITests' from project 'Bridget')
    cd /Users/peterjemley/Documents/Developer/Bridget/Bridget
    /bin/mkdir -p /Users/peterjemley/Library/Developer/Xcode/DerivedData/Bridget-gkvcitazgmfijfdltabiivkbdpkr/Build/Products/Debug-iphonesimulator/BridgetUITests-Runner.app

Copy /Users/peterjemley/Library/Developer/Xcode/DerivedData/Bridget-gkvcitazgmfijfdltabiivkbdpkr/Build/Products/Debug-iphonesimulator/BridgetUITests-Runner.app/Frameworks/XCTestSupport.framework /Applications/Xcode.app/Contents/Developer/Platforms/iPhoneSimulator.platform/Developer/Library/PrivateFrameworks/XCTestSupport.framework (in target 'BridgetUITests' from project 'Bridget')
    cd /Users/peterjemley/Documents/Developer/Bridget/Bridget
    builtin-copy -exclude .DS_Store -exclude CVS -exclude .svn -exclude .git -exclude .hg -exclude Headers -exclude PrivateHeaders -exclude Modules -exclude \*.tbd -resolve-src-symlinks /Applications/Xcode.app/Contents/Developer/Platforms/iPhoneSimulator.platform/Developer/Library/PrivateFrameworks/XCTestSupport.framework /Users/peterjemley/Library/Developer/Xcode/DerivedData/Bridget-gkvcitazgmfijfdltabiivkbdpkr/Build/Products/Debug-iphonesimulator/BridgetUITests-Runner.app/Frameworks

Copy /Users/peterjemley/Library/Developer/Xcode/DerivedData/Bridget-gkvcitazgmfijfdltabiivkbdpkr/Build/Products/Debug-iphonesimulator/BridgetUITests-Runner.app/Frameworks/XCTestCore.framework /Applications/Xcode.app/Contents/Developer/Platforms/iPhoneSimulator.platform/Developer/Library/PrivateFrameworks/XCTestCore.framework (in target 'BridgetUITests' from project 'Bridget')
    cd /Users/peterjemley/Documents/Developer/Bridget/Bridget
    builtin-copy -exclude .DS_Store -exclude CVS -exclude .svn -exclude .git -exclude .hg -exclude Headers -exclude PrivateHeaders -exclude Modules -exclude \*.tbd -resolve-src-symlinks /Applications/Xcode.app/Contents/Developer/Platforms/iPhoneSimulator.platform/Developer/Library/PrivateFrameworks/XCTestCore.framework /Users/peterjemley/Library/Developer/Xcode/DerivedData/Bridget-gkvcitazgmfijfdltabiivkbdpkr/Build/Products/Debug-iphonesimulator/BridgetUITests-Runner.app/Frameworks

Copy /Users/peterjemley/Library/Developer/Xcode/DerivedData/Bridget-gkvcitazgmfijfdltabiivkbdpkr/Build/Products/Debug-iphonesimulator/BridgetUITests-Runner.app/Frameworks/XCTest.framework /Applications/Xcode.app/Contents/Developer/Platforms/iPhoneSimulator.platform/Developer/Library/Frameworks/XCTest.framework (in target 'BridgetUITests' from project 'Bridget')
    cd /Users/peterjemley/Documents/Developer/Bridget/Bridget
    builtin-copy -exclude .DS_Store -exclude CVS -exclude .svn -exclude .git -exclude .hg -exclude Headers -exclude PrivateHeaders -exclude Modules -exclude \*.tbd -resolve-src-symlinks /Applications/Xcode.app/Contents/Developer/Platforms/iPhoneSimulator.platform/Developer/Library/Frameworks/XCTest.framework /Users/peterjemley/Library/Developer/Xcode/DerivedData/Bridget-gkvcitazgmfijfdltabiivkbdpkr/Build/Products/Debug-iphonesimulator/BridgetUITests-Runner.app/Frameworks

Copy /Users/peterjemley/Library/Developer/Xcode/DerivedData/Bridget-gkvcitazgmfijfdltabiivkbdpkr/Build/Products/Debug-iphonesimulator/BridgetUITests-Runner.app/Frameworks/XCTAutomationSupport.framework /Applications/Xcode.app/Contents/Developer/Platforms/iPhoneSimulator.platform/Developer/Library/PrivateFrameworks/XCTAutomationSupport.framework (in target 'BridgetUITests' from project 'Bridget')
    cd /Users/peterjemley/Documents/Developer/Bridget/Bridget
    builtin-copy -exclude .DS_Store -exclude CVS -exclude .svn -exclude .git -exclude .hg -exclude Headers -exclude PrivateHeaders -exclude Modules -exclude \*.tbd -resolve-src-symlinks /Applications/Xcode.app/Contents/Developer/Platforms/iPhoneSimulator.platform/Developer/Library/PrivateFrameworks/XCTAutomationSupport.framework /Users/peterjemley/Library/Developer/Xcode/DerivedData/Bridget-gkvcitazgmfijfdltabiivkbdpkr/Build/Products/Debug-iphonesimulator/BridgetUITests-Runner.app/Frameworks

Copy /Users/peterjemley/Library/Developer/Xcode/DerivedData/Bridget-gkvcitazgmfijfdltabiivkbdpkr/Build/Products/Debug-iphonesimulator/BridgetUITests-Runner.app/Frameworks/Testing.framework /Applications/Xcode.app/Contents/Developer/Platforms/iPhoneSimulator.platform/Developer/Library/Frameworks/Testing.framework (in target 'BridgetUITests' from project 'Bridget')
    cd /Users/peterjemley/Documents/Developer/Bridget/Bridget
    builtin-copy -exclude .DS_Store -exclude CVS -exclude .svn -exclude .git -exclude .hg -exclude Headers -exclude PrivateHeaders -exclude Modules -exclude \*.tbd -resolve-src-symlinks /Applications/Xcode.app/Contents/Developer/Platforms/iPhoneSimulator.platform/Developer/Library/Frameworks/Testing.framework /Users/peterjemley/Library/Developer/Xcode/DerivedData/Bridget-gkvcitazgmfijfdltabiivkbdpkr/Build/Products/Debug-iphonesimulator/BridgetUITests-Runner.app/Frameworks

CodeSign /Users/peterjemley/Library/Developer/Xcode/DerivedData/Bridget-gkvcitazgmfijfdltabiivkbdpkr/Build/Products/Debug-iphonesimulator/BridgetUITests-Runner.app/PlugIns/BridgetUITests.xctest (in target 'BridgetUITests' from project 'Bridget')
    cd /Users/peterjemley/Documents/Developer/Bridget/Bridget
    
    Signing Identity:     "Sign to Run Locally"
    
    /usr/bin/codesign --force --sign - --timestamp\=none --generate-entitlement-der /Users/peterjemley/Library/Developer/Xcode/DerivedData/Bridget-gkvcitazgmfijfdltabiivkbdpkr/Build/Products/Debug-iphonesimulator/BridgetUITests-Runner.app/PlugIns/BridgetUITests.xctest

CodeSign /Users/peterjemley/Library/Developer/Xcode/DerivedData/Bridget-gkvcitazgmfijfdltabiivkbdpkr/Build/Products/Debug-iphonesimulator/BridgetUITests-Runner.app (in target 'BridgetUITests' from project 'Bridget')
    cd /Users/peterjemley/Documents/Developer/Bridget/Bridget
    
    Signing Identity:     "Sign to Run Locally"
    
    /usr/bin/codesign --force --sign - --timestamp\=none --generate-entitlement-der /Users/peterjemley/Library/Developer/Xcode/DerivedData/Bridget-gkvcitazgmfijfdltabiivkbdpkr/Build/Products/Debug-iphonesimulator/BridgetUITests-Runner.app
/Users/peterjemley/Library/Developer/Xcode/DerivedData/Bridget-gkvcitazgmfijfdltabiivkbdpkr/Build/Products/Debug-iphonesimulator/BridgetUITests-Runner.app: replacing existing signature

RegisterExecutionPolicyException /Users/peterjemley/Library/Developer/Xcode/DerivedData/Bridget-gkvcitazgmfijfdltabiivkbdpkr/Build/Products/Debug-iphonesimulator/BridgetUITests-Runner.app/PlugIns/BridgetUITests.xctest (in target 'BridgetUITests' from project 'Bridget')
    cd /Users/peterjemley/Documents/Developer/Bridget/Bridget
    builtin-RegisterExecutionPolicyException /Users/peterjemley/Library/Developer/Xcode/DerivedData/Bridget-gkvcitazgmfijfdltabiivkbdpkr/Build/Products/Debug-iphonesimulator/BridgetUITests-Runner.app/PlugIns/BridgetUITests.xctest

Touch /Users/peterjemley/Library/Developer/Xcode/DerivedData/Bridget-gkvcitazgmfijfdltabiivkbdpkr/Build/Products/Debug-iphonesimulator/BridgetUITests-Runner.app/PlugIns/BridgetUITests.xctest (in target 'BridgetUITests' from project 'Bridget')
    cd /Users/peterjemley/Documents/Developer/Bridget/Bridget
    /usr/bin/touch -c /Users/peterjemley/Library/Developer/Xcode/DerivedData/Bridget-gkvcitazgmfijfdltabiivkbdpkr/Build/Products/Debug-iphonesimulator/BridgetUITests-Runner.app/PlugIns/BridgetUITests.xctest


Test session results, code coverage, and logs:
	/Users/peterjemley/Library/Developer/Xcode/DerivedData/Bridget-gkvcitazgmfijfdltabiivkbdpkr/Logs/Test/Test-Bridget-2025.07.10_08-50-46--0700.xcresult

Testing started
Test suite 'ComprehensiveUITests' started on 'Clone 1 of iPhone 16 - BridgetUITests-Runner (79213)'
Test suite 'BridgeDetailTests' started on 'Clone 2 of iPhone 16 - Bridget (79309)'
Test case 'BridgeDetailTests.testBridgeDetailViewInitialization()' passed on 'Clone 2 of iPhone 16 - Bridget (79309)' (0.021 seconds)
Test case 'BridgeDetailTests.testBridgeDetailViewWithData()' passed on 'Clone 2 of iPhone 16 - Bridget (79309)' (0.007 seconds)
Test case 'BridgeDetailTests.testBridgeSpecificEventsFiltering()' passed on 'Clone 2 of iPhone 16 - Bridget (79309)' (0.006 seconds)
Test case 'BridgeDetailTests.testCheckDataAvailabilityWithBridgeEvents()' passed on 'Clone 2 of iPhone 16 - Bridget (79309)' (0.007 seconds)
Test case 'BridgeDetailTests.testCheckDataAvailabilityWithNoBridgeEvents()' passed on 'Clone 2 of iPhone 16 - Bridget (79309)' (0.005 seconds)
Test case 'BridgeDetailTests.testCheckDataAvailabilityWithNoEvents()' passed on 'Clone 2 of iPhone 16 - Bridget (79309)' (11.092 seconds)
Test case 'ComprehensiveUITests.testAccessibilityLabels()' passed on 'Clone 1 of iPhone 16 - BridgetUITests-Runner (79213)' (13.480 seconds)
Test case 'BridgeDetailTests.testConcurrentCascadeDetection()' passed on 'Clone 2 of iPhone 16 - Bridget (79309)' (1.061 seconds)
Test case 'BridgeDetailTests.testDataAvailabilityWithMixedEvents()' passed on 'Clone 2 of iPhone 16 - Bridget (79309)' (0.348 seconds)
Test case 'BridgeDetailTests.testErrorRecovery()' passed on 'Clone 2 of iPhone 16 - Bridget (79309)' (0.722 seconds)
Test case 'BridgeDetailTests.testFilteredEventsByTimePeriod()' passed on 'Clone 2 of iPhone 16 - Bridget (79309)' (0.356 seconds)
Test case 'BridgeDetailTests.testForceCascadeDetection()' passed on 'Clone 2 of iPhone 16 - Bridget (79309)' (0.723 seconds)
Test case 'BridgeDetailTests.testForceCascadeDetectionWithError()' passed on 'Clone 2 of iPhone 16 - Bridget (79309)' (0.357 seconds)
Test case 'BridgeDetailTests.testFullWorkflow()' passed on 'Clone 2 of iPhone 16 - Bridget (79309)' (0.706 seconds)
Test case 'BridgeDetailTests.testLastKnownEvent()' passed on 'Clone 2 of iPhone 16 - Bridget (79309)' (0.349 seconds)
Test case 'BridgeDetailTests.testPerformanceWithLargeDataset()' passed on 'Clone 2 of iPhone 16 - Bridget (79309)' (0.359 seconds)
Test case 'BridgeDetailTests.testStateChanges()' passed on 'Clone 2 of iPhone 16 - Bridget (79309)' (0.355 seconds)
Test case 'BridgeDetailTests.testStateReset()' passed on 'Clone 2 of iPhone 16 - Bridget (79309)' (0.353 seconds)
Test case 'BridgeDetailTests.testTimerCleanup()' passed on 'Clone 2 of iPhone 16 - Bridget (79309)' (0.362 seconds)
Test case 'BridgeDetailTests.testViewModelInitialization()' passed on 'Clone 2 of iPhone 16 - Bridget (79309)' (0.357 seconds)
Test case 'BridgeDetailTests.testViewModelWithInvalidBridgeEvent()' passed on 'Clone 2 of iPhone 16 - Bridget (79309)' (0.359 seconds)
Test suite 'ComprehensiveUITests' started on 'Clone 2 of iPhone 16 - Bridget (79309)'
Test case 'ComprehensiveUITests.testAnalysisTypeDataProcessing()' passed on 'Clone 2 of iPhone 16 - Bridget (79309)' (0.173 seconds)
Test case 'ComprehensiveUITests.testAppLaunchDataLoadingSequence()' passed on 'Clone 2 of iPhone 16 - Bridget (79309)' (0.368 seconds)
Test case 'ComprehensiveUITests.testBridgeDetailDataFiltering()' passed on 'Clone 2 of iPhone 16 - Bridget (79309)' (0.216 seconds)
Test case 'ComprehensiveUITests.testBridgeInfoCreationFromEvents()' passed on 'Clone 2 of iPhone 16 - Bridget (79309)' (0.152 seconds)
Test case 'ComprehensiveUITests.testBridgeListDataConsistency()' passed on 'Clone 2 of iPhone 16 - Bridget (79309)' (0.359 seconds)
Test case 'ComprehensiveUITests.testBridgeListEmptyStateValidation()' passed on 'Clone 2 of iPhone 16 - Bridget (79309)' (0.705 seconds)
Test suite 'BridgetUITests' started on 'Clone 3 of iPhone 16 - BridgetUITests-Runner (79743)'
Test case 'ComprehensiveUITests.testCascadeDetectionMemoryManagement()' passed on 'Clone 2 of iPhone 16 - Bridget (79309)' (0.609 seconds)
Test case 'ComprehensiveUITests.testHistoryAnalysisDataProcessing()' passed on 'Clone 2 of iPhone 16 - Bridget (79309)' (0.211 seconds)
Test case 'ComprehensiveUITests.testAccessibilityTraits()' passed on 'Clone 1 of iPhone 16 - BridgetUITests-Runner (79213)' (10.169 seconds)
Test case 'ComprehensiveUITests.testLargeDatasetPerformance()' passed on 'Clone 2 of iPhone 16 - Bridget (79309)' (1.794 seconds)
Test case 'ComprehensiveUITests.testLastKnownStatusSectionDataIntegrity()' passed on 'Clone 2 of iPhone 16 - Bridget (79309)' (0.362 seconds)
Test case 'ComprehensiveUITests.testNeuralEngineDetectionLogic()' passed on 'Clone 2 of iPhone 16 - Bridget (79309)' (0.362 seconds)
Test case 'ComprehensiveUITests.testNeuralEnginePerformanceValidation()' passed on 'Clone 2 of iPhone 16 - Bridget (79309)' (0.362 seconds)
Test case 'ComprehensiveUITests.testPredictionDataValidation()' passed on 'Clone 2 of iPhone 16 - Bridget (79309)' (0.701 seconds)
Test case 'ComprehensiveUITests.testRecentActivitySectionSorting()' passed on 'Clone 2 of iPhone 16 - Bridget (79309)' (0.160 seconds)
Test suite 'DynamicAnalysisTests' started on 'Clone 4 of iPhone 16 - Bridget (79978)'
Test case 'DynamicAnalysisTests.testAnalysisWithDifferentTypes()' passed on 'Clone 4 of iPhone 16 - Bridget (79978)' (0.011 seconds)
Test case 'DynamicAnalysisTests.testAnalysisWithDifferentViewTypes()' passed on 'Clone 4 of iPhone 16 - Bridget (79978)' (0.004 seconds)
Test case 'DynamicAnalysisTests.testAnalysisWithInvalidData()' passed on 'Clone 4 of iPhone 16 - Bridget (79978)' (0.003 seconds)
Test case 'DynamicAnalysisTests.testAnalysisWithSingleEvent()' passed on 'Clone 4 of iPhone 16 - Bridget (79978)' (0.003 seconds)
Test case 'DynamicAnalysisTests.testConcurrentAnalysisRequests()' passed on 'Clone 4 of iPhone 16 - Bridget (79978)' (0.003 seconds)
Test case 'DynamicAnalysisTests.testDurationRangesCalculation()' passed on 'Clone 4 of iPhone 16 - Bridget (79978)' (0.003 seconds)
Test case 'DynamicAnalysisTests.testHourlyDataCalculation()' passed on 'Clone 4 of iPhone 16 - Bridget (79978)' (0.003 seconds)
Test case 'DynamicAnalysisTests.testImpactMetricsCalculation()' passed on 'Clone 4 of iPhone 16 - Bridget (79978)' (0.002 seconds)
Test case 'DynamicAnalysisTests.testPerformAnalysisWithEmptyEvents()' passed on 'Clone 4 of iPhone 16 - Bridget (79978)' (0.002 seconds)
Test case 'DynamicAnalysisTests.testPerformAnalysisWithValidEvents()' passed on 'Clone 4 of iPhone 16 - Bridget (79978)' (0.002 seconds)
Test case 'DynamicAnalysisTests.testPerformanceWithLargeDataset()' passed on 'Clone 4 of iPhone 16 - Bridget (79978)' (0.029 seconds)
Test case 'DynamicAnalysisTests.testSeverityBreakdownCalculation()' passed on 'Clone 4 of iPhone 16 - Bridget (79978)' (0.003 seconds)
Test case 'DynamicAnalysisTests.testViewModelInitialization()' passed on 'Clone 4 of iPhone 16 - Bridget (79978)' (0.002 seconds)
Test suite 'BridgetXCTestIntegrationTests' started on 'Clone 4 of iPhone 16 - Bridget (79978)'
Test case 'BridgetXCTestIntegrationTests.testContentViewModularInitialization()' passed on 'Clone 4 of iPhone 16 - Bridget (79978)' (0.014 seconds)
Test case 'BridgetXCTestIntegrationTests.testMemoryLeaksInAnalyticsChain()' passed on 'Clone 4 of iPhone 16 - Bridget (79978)' (0.002 seconds)
Test case 'BridgetXCTestIntegrationTests.testStatisticsViewRefreshThreading()' passed on 'Clone 4 of iPhone 16 - Bridget (79978)' (0.008 seconds)
Test case 'BridgetXCTestIntegrationTests.testTabViewNavigation()' passed on 'Clone 4 of iPhone 16 - Bridget (79978)' (0.019 seconds)
Test suite 'BridgetIntegrationTests' started on 'Clone 4 of iPhone 16 - Bridget (79978)'
Test case 'BridgetIntegrationTests/bridgeDetailDataBinding()' passed on 'Clone 4 of iPhone 16 - Bridget (79978)' (0.000 seconds)
Test case 'ComprehensiveUITests.testStatisticsCrashRegressionPrevention()' passed on 'Clone 2 of iPhone 16 - Bridget (79309)' (0.574 seconds)
Test case 'ComprehensiveUITests.testStatisticsTabCrashPrevention()' passed on 'Clone 2 of iPhone 16 - Bridget (79309)' (0.455 seconds)
Test case 'ComprehensiveUITests.testStatisticsTabInitialLoadCrashPrevention()' passed on 'Clone 2 of iPhone 16 - Bridget (79309)' (0.375 seconds)
Test case 'ComprehensiveUITests.testStatisticsTabProductionScaleCrashPrevention()' passed on 'Clone 2 of iPhone 16 - Bridget (79309)' (1.101 seconds)
Test suite 'BridgetUITestsLaunchTests' started on 'Clone 5 of iPhone 16 - BridgetUITests-Runner (79976)'
Test case 'ComprehensiveUITests.testStatusOverviewCardDataBinding()' passed on 'Clone 2 of iPhone 16 - Bridget (79309)' (0.160 seconds)
Test case 'ComprehensiveUITests.testTimePeriodFilteringLogic()' passed on 'Clone 2 of iPhone 16 - Bridget (79309)' (0.213 seconds)
Test case 'BridgetUITests.testExample()' passed on 'Clone 3 of iPhone 16 - BridgetUITests-Runner (79743)' (9.949 seconds)
Test case 'BridgetUITestsLaunchTests.testLaunch()' passed on 'Clone 5 of iPhone 16 - BridgetUITests-Runner (79976)' (4.684 seconds)
Test case 'BridgetUITestsLaunchTests.testLaunch()' passed on 'Clone 5 of iPhone 16 - BridgetUITests-Runner (79976)' (3.596 seconds)
Test case 'BridgetUITestsLaunchTests.testLaunch()' passed on 'Clone 5 of iPhone 16 - BridgetUITests-Runner (79976)' (5.996 seconds)
Test case 'BridgetIntegrationTests/completeUserWorkflow()' failed on 'Clone 4 of iPhone 16 - Bridget (79978)' (0.000 seconds)
Test case 'BridgetIntegrationTests/crossPackageThreadSafety()' failed on 'Clone 4 of iPhone 16 - Bridget (79978)' (0.000 seconds)
Test case 'BridgetIntegrationTests/crossPackageMemoryManagement()' failed on 'Clone 4 of iPhone 16 - Bridget (79978)' (0.000 seconds)
Test case 'BridgetIntegrationTests/dashboardToStatisticsIntegration()' failed on 'Clone 4 of iPhone 16 - Bridget (79978)' (0.000 seconds)
Test case 'BridgetIntegrationTests/appLaunchDataLoading()' failed on 'Clone 4 of iPhone 16 - Bridget (79978)' (0.000 seconds)
Test case 'BridgetIntegrationTests/errorRecoveryAcrossPackages()' failed on 'Clone 4 of iPhone 16 - Bridget (79978)' (0.000 seconds)
Test case 'ComprehensiveUITests.testAppLaunchPerformance()' passed on 'Clone 1 of iPhone 16 - BridgetUITests-Runner (79213)' (23.157 seconds)
Test case 'BridgetUITestsLaunchTests.testLaunch()' passed on 'Clone 5 of iPhone 16 - BridgetUITests-Runner (79976)' (3.950 seconds)
Test case 'ComprehensiveUITests.testBackNavigation()' failed on 'Clone 1 of iPhone 16 - BridgetUITests-Runner (79213)' (5.890 seconds)
Test case 'BridgetUITests.testLaunchPerformance()' passed on 'Clone 3 of iPhone 16 - BridgetUITests-Runner (79743)' (22.675 seconds)
Test case 'ComprehensiveUITests.testBridgeDetailAnalysisFilter()' failed on 'Clone 1 of iPhone 16 - BridgetUITests-Runner (79213)' (5.934 seconds)
Test case 'ComprehensiveUITests.testBridgeDetailNavigation()' failed on 'Clone 1 of iPhone 16 - BridgetUITests-Runner (79213)' (5.894 seconds)
Test case 'ComprehensiveUITests.testBridgeDetailShowsEventData()' failed on 'Clone 1 of iPhone 16 - BridgetUITests-Runner (79213)' (5.902 seconds)
Test case 'ComprehensiveUITests.testBridgeDetailTimeFilter()' failed on 'Clone 1 of iPhone 16 - BridgetUITests-Runner (79213)' (5.920 seconds)
Test case 'ComprehensiveUITests.testBridgeDetailViewFilter()' failed on 'Clone 1 of iPhone 16 - BridgetUITests-Runner (79213)' (5.881 seconds)
Test case 'ComprehensiveUITests.testDashboardLoadsCorrectly()' failed on 'Clone 1 of iPhone 16 - BridgetUITests-Runner (79213)' (3.889 seconds)
Test case 'ComprehensiveUITests.testDashboardShowsRecentActivity()' failed on 'Clone 1 of iPhone 16 - BridgetUITests-Runner (79213)' (3.834 seconds)
Test case 'ComprehensiveUITests.testDashboardShowsStatusOverview()' failed on 'Clone 1 of iPhone 16 - BridgetUITests-Runner (79213)' (3.800 seconds)
Test case 'ComprehensiveUITests.testDataPersistence()' failed on 'Clone 1 of iPhone 16 - BridgetUITests-Runner (79213)' (10.470 seconds)
Test case 'ComprehensiveUITests.testEmptyStateHandling()' failed on 'Clone 1 of iPhone 16 - BridgetUITests-Runner (79213)' (6.963 seconds)
Test case 'ComprehensiveUITests.testErrorStates()' failed on 'Clone 1 of iPhone 16 - BridgetUITests-Runner (79213)' (5.845 seconds)
Test case 'ComprehensiveUITests.testLargeDatasetHandling()' failed on 'Clone 1 of iPhone 16 - BridgetUITests-Runner (79213)' (5.543 seconds)
Test case 'ComprehensiveUITests.testLoadingStates()' failed on 'Clone 1 of iPhone 16 - BridgetUITests-Runner (79213)' (5.561 seconds)
Test case 'ComprehensiveUITests.testNavigationPerformance()' failed on 'Clone 1 of iPhone 16 - BridgetUITests-Runner (79213)' (9.023 seconds)
Test case 'ComprehensiveUITests.testStatisticsShowsCascadeAnalysis()' failed on 'Clone 1 of iPhone 16 - BridgetUITests-Runner (79213)' (5.486 seconds)
Test case 'ComprehensiveUITests.testStatisticsShowsCurrentPredictions()' failed on 'Clone 1 of iPhone 16 - BridgetUITests-Runner (79213)' (5.516 seconds)
Test case 'ComprehensiveUITests.testStatisticsShowsDatasetInfo()' failed on 'Clone 1 of iPhone 16 - BridgetUITests-Runner (79213)' (5.527 seconds)
Test case 'ComprehensiveUITests.testStatisticsShowsNeuralEngineStatus()' failed on 'Clone 1 of iPhone 16 - BridgetUITests-Runner (79213)' (5.533 seconds)
Test case 'ComprehensiveUITests.testStatisticsViewLoads()' failed on 'Clone 1 of iPhone 16 - BridgetUITests-Runner (79213)' (5.535 seconds)
Test case 'ComprehensiveUITests.testTabBarNavigation()' failed on 'Clone 1 of iPhone 16 - BridgetUITests-Runner (79213)' (5.892 seconds)
